Archive member included because of file (symbol)

C:\Program Files\CooCox\CoIDE\gcc\Sourcery G++ Lite\arm-none-eabi\lib\thumb2\libc.a(lib_a-memcpy.o)
                              ..\obj\queue.o (memcpy)
C:\Program Files\CooCox\CoIDE\gcc\Sourcery G++ Lite\arm-none-eabi\lib\thumb2\libc.a(lib_a-memset.o)
                              ..\obj\tasks.o (memset)
C:\Program Files\CooCox\CoIDE\gcc\Sourcery G++ Lite\arm-none-eabi\lib\thumb2\libc.a(lib_a-strncpy.o)
                              ..\obj\tasks.o (strncpy)

Discarded input sections

 .text          0x00000000        0x0 ..\obj\stm32f10x_tim.o
 .data          0x00000000        0x0 ..\obj\stm32f10x_tim.o
 .bss           0x00000000        0x0 ..\obj\stm32f10x_tim.o
 .text.TIM_DeInit
                0x00000000      0x2b0 ..\obj\stm32f10x_tim.o
 .text.TIM_TimeBaseInit
                0x00000000      0x120 ..\obj\stm32f10x_tim.o
 .text.TIM_OC1Init
                0x00000000      0x134 ..\obj\stm32f10x_tim.o
 .text.TIM_OC2Init
                0x00000000      0x134 ..\obj\stm32f10x_tim.o
 .text.TIM_OC3Init
                0x00000000      0x130 ..\obj\stm32f10x_tim.o
 .text.TIM_OC4Init
                0x00000000       0xe8 ..\obj\stm32f10x_tim.o
 .text.TIM_ICInit
                0x00000000       0xa8 ..\obj\stm32f10x_tim.o
 .text.TIM_PWMIConfig
                0x00000000       0xc4 ..\obj\stm32f10x_tim.o
 .text.TIM_BDTRConfig
                0x00000000       0x5c ..\obj\stm32f10x_tim.o
 .text.TIM_TimeBaseStructInit
                0x00000000       0x3c ..\obj\stm32f10x_tim.o
 .text.TIM_OCStructInit
                0x00000000       0x54 ..\obj\stm32f10x_tim.o
 .text.TIM_ICStructInit
                0x00000000       0x3c ..\obj\stm32f10x_tim.o
 .text.TIM_BDTRStructInit
                0x00000000       0x4c ..\obj\stm32f10x_tim.o
 .text.TIM_Cmd  0x00000000       0x40 ..\obj\stm32f10x_tim.o
 .text.TIM_CtrlPWMOutputs
                0x00000000       0x50 ..\obj\stm32f10x_tim.o
 .text.TIM_ITConfig
                0x00000000       0x4c ..\obj\stm32f10x_tim.o
 .text.TIM_GenerateEvent
                0x00000000       0x1c ..\obj\stm32f10x_tim.o
 .text.TIM_DMAConfig
                0x00000000       0x2c ..\obj\stm32f10x_tim.o
 .text.TIM_DMACmd
                0x00000000       0x4c ..\obj\stm32f10x_tim.o
 .text.TIM_InternalClockConfig
                0x00000000       0x24 ..\obj\stm32f10x_tim.o
 .text.TIM_ITRxExternalClockConfig
                0x00000000       0x30 ..\obj\stm32f10x_tim.o
 .text.TIM_TIxExternalClockConfig
                0x00000000       0x58 ..\obj\stm32f10x_tim.o
 .text.TIM_ETRClockMode1Config
                0x00000000       0x54 ..\obj\stm32f10x_tim.o
 .text.TIM_ETRClockMode2Config
                0x00000000       0x34 ..\obj\stm32f10x_tim.o
 .text.TIM_ETRConfig
                0x00000000       0x54 ..\obj\stm32f10x_tim.o
 .text.TIM_PrescalerConfig
                0x00000000       0x28 ..\obj\stm32f10x_tim.o
 .text.TIM_CounterModeConfig
                0x00000000       0x3c ..\obj\stm32f10x_tim.o
 .text.TIM_SelectInputTrigger
                0x00000000       0x3c ..\obj\stm32f10x_tim.o
 .text.TIM_EncoderInterfaceConfig
                0x00000000       0x98 ..\obj\stm32f10x_tim.o
 .text.TIM_ForcedOC1Config
                0x00000000       0x3c ..\obj\stm32f10x_tim.o
 .text.TIM_ForcedOC2Config
                0x00000000       0x40 ..\obj\stm32f10x_tim.o
 .text.TIM_ForcedOC3Config
                0x00000000       0x3c ..\obj\stm32f10x_tim.o
 .text.TIM_ForcedOC4Config
                0x00000000       0x40 ..\obj\stm32f10x_tim.o
 .text.TIM_ARRPreloadConfig
                0x00000000       0x40 ..\obj\stm32f10x_tim.o
 .text.TIM_SelectCOM
                0x00000000       0x40 ..\obj\stm32f10x_tim.o
 .text.TIM_SelectCCDMA
                0x00000000       0x40 ..\obj\stm32f10x_tim.o
 .text.TIM_CCPreloadControl
                0x00000000       0x40 ..\obj\stm32f10x_tim.o
 .text.TIM_OC1PreloadConfig
                0x00000000       0x3c ..\obj\stm32f10x_tim.o
 .text.TIM_OC2PreloadConfig
                0x00000000       0x40 ..\obj\stm32f10x_tim.o
 .text.TIM_OC3PreloadConfig
                0x00000000       0x3c ..\obj\stm32f10x_tim.o
 .text.TIM_OC4PreloadConfig
                0x00000000       0x40 ..\obj\stm32f10x_tim.o
 .text.TIM_OC1FastConfig
                0x00000000       0x3c ..\obj\stm32f10x_tim.o
 .text.TIM_OC2FastConfig
                0x00000000       0x40 ..\obj\stm32f10x_tim.o
 .text.TIM_OC3FastConfig
                0x00000000       0x3c ..\obj\stm32f10x_tim.o
 .text.TIM_OC4FastConfig
                0x00000000       0x40 ..\obj\stm32f10x_tim.o
 .text.TIM_ClearOC1Ref
                0x00000000       0x3c ..\obj\stm32f10x_tim.o
 .text.TIM_ClearOC2Ref
                0x00000000       0x44 ..\obj\stm32f10x_tim.o
 .text.TIM_ClearOC3Ref
                0x00000000       0x3c ..\obj\stm32f10x_tim.o
 .text.TIM_ClearOC4Ref
                0x00000000       0x44 ..\obj\stm32f10x_tim.o
 .text.TIM_OC1PolarityConfig
                0x00000000       0x3c ..\obj\stm32f10x_tim.o
 .text.TIM_OC1NPolarityConfig
                0x00000000       0x3c ..\obj\stm32f10x_tim.o
 .text.TIM_OC2PolarityConfig
                0x00000000       0x40 ..\obj\stm32f10x_tim.o
 .text.TIM_OC2NPolarityConfig
                0x00000000       0x40 ..\obj\stm32f10x_tim.o
 .text.TIM_OC3PolarityConfig
                0x00000000       0x40 ..\obj\stm32f10x_tim.o
 .text.TIM_OC3NPolarityConfig
                0x00000000       0x40 ..\obj\stm32f10x_tim.o
 .text.TIM_OC4PolarityConfig
                0x00000000       0x40 ..\obj\stm32f10x_tim.o
 .text.TIM_CCxCmd
                0x00000000       0x60 ..\obj\stm32f10x_tim.o
 .text.TIM_CCxNCmd
                0x00000000       0x60 ..\obj\stm32f10x_tim.o
 .text.TIM_SelectOCxM
                0x00000000       0xc0 ..\obj\stm32f10x_tim.o
 .text.TIM_UpdateDisableConfig
                0x00000000       0x40 ..\obj\stm32f10x_tim.o
 .text.TIM_UpdateRequestConfig
                0x00000000       0x40 ..\obj\stm32f10x_tim.o
 .text.TIM_SelectHallSensor
                0x00000000       0x40 ..\obj\stm32f10x_tim.o
 .text.TIM_SelectOnePulseMode
                0x00000000       0x38 ..\obj\stm32f10x_tim.o
 .text.TIM_SelectOutputTrigger
                0x00000000       0x38 ..\obj\stm32f10x_tim.o
 .text.TIM_SelectSlaveMode
                0x00000000       0x38 ..\obj\stm32f10x_tim.o
 .text.TIM_SelectMasterSlaveMode
                0x00000000       0x38 ..\obj\stm32f10x_tim.o
 .text.TIM_SetCounter
                0x00000000       0x1c ..\obj\stm32f10x_tim.o
 .text.TIM_SetAutoreload
                0x00000000       0x1c ..\obj\stm32f10x_tim.o
 .text.TIM_SetCompare1
                0x00000000       0x1c ..\obj\stm32f10x_tim.o
 .text.TIM_SetCompare2
                0x00000000       0x1c ..\obj\stm32f10x_tim.o
 .text.TIM_SetCompare3
                0x00000000       0x1c ..\obj\stm32f10x_tim.o
 .text.TIM_SetCompare4
                0x00000000       0x20 ..\obj\stm32f10x_tim.o
 .text.TIM_SetIC1Prescaler
                0x00000000       0x38 ..\obj\stm32f10x_tim.o
 .text.TIM_SetIC2Prescaler
                0x00000000       0x40 ..\obj\stm32f10x_tim.o
 .text.TIM_SetIC3Prescaler
                0x00000000       0x38 ..\obj\stm32f10x_tim.o
 .text.TIM_SetIC4Prescaler
                0x00000000       0x40 ..\obj\stm32f10x_tim.o
 .text.TIM_SetClockDivision
                0x00000000       0x38 ..\obj\stm32f10x_tim.o
 .text.TIM_GetCapture1
                0x00000000       0x1c ..\obj\stm32f10x_tim.o
 .text.TIM_GetCapture2
                0x00000000       0x1c ..\obj\stm32f10x_tim.o
 .text.TIM_GetCapture3
                0x00000000       0x1c ..\obj\stm32f10x_tim.o
 .text.TIM_GetCapture4
                0x00000000       0x1c ..\obj\stm32f10x_tim.o
 .text.TIM_GetCounter
                0x00000000       0x1c ..\obj\stm32f10x_tim.o
 .text.TIM_GetPrescaler
                0x00000000       0x1c ..\obj\stm32f10x_tim.o
 .text.TIM_GetFlagStatus
                0x00000000       0x40 ..\obj\stm32f10x_tim.o
 .text.TIM_ClearFlag
                0x00000000       0x24 ..\obj\stm32f10x_tim.o
 .text.TIM_GetITStatus
                0x00000000       0x64 ..\obj\stm32f10x_tim.o
 .text.TIM_ClearITPendingBit
                0x00000000       0x24 ..\obj\stm32f10x_tim.o
 .text.TI1_Config
                0x00000000       0xec ..\obj\stm32f10x_tim.o
 .text.TI2_Config
                0x00000000      0x10c ..\obj\stm32f10x_tim.o
 .text.TI3_Config
                0x00000000       0xfc ..\obj\stm32f10x_tim.o
 .text.TI4_Config
                0x00000000      0x114 ..\obj\stm32f10x_tim.o
 .text          0x00000000        0x0 ..\obj\startup_stm32f10x_md_vl.o
 .data          0x00000000        0x0 ..\obj\startup_stm32f10x_md_vl.o
 .bss           0x00000000        0x0 ..\obj\startup_stm32f10x_md_vl.o
 .text          0x00000000        0x0 ..\obj\core_cm3.o
 .data          0x00000000        0x0 ..\obj\core_cm3.o
 .bss           0x00000000        0x0 ..\obj\core_cm3.o
 .text.__get_PSP
                0x00000000       0x10 ..\obj\core_cm3.o
 .text.__set_PSP
                0x00000000        0x8 ..\obj\core_cm3.o
 .text.__get_MSP
                0x00000000       0x10 ..\obj\core_cm3.o
 .text.__set_MSP
                0x00000000        0x8 ..\obj\core_cm3.o
 .text.__get_BASEPRI
                0x00000000       0x20 ..\obj\core_cm3.o
 .text.__set_BASEPRI
                0x00000000       0x18 ..\obj\core_cm3.o
 .text.__get_PRIMASK
                0x00000000       0x20 ..\obj\core_cm3.o
 .text.__set_PRIMASK
                0x00000000       0x18 ..\obj\core_cm3.o
 .text.__get_FAULTMASK
                0x00000000       0x20 ..\obj\core_cm3.o
 .text.__set_FAULTMASK
                0x00000000       0x18 ..\obj\core_cm3.o
 .text.__get_CONTROL
                0x00000000       0x20 ..\obj\core_cm3.o
 .text.__set_CONTROL
                0x00000000       0x18 ..\obj\core_cm3.o
 .text.__REV    0x00000000       0x24 ..\obj\core_cm3.o
 .text.__REV16  0x00000000       0x24 ..\obj\core_cm3.o
 .text.__REVSH  0x00000000       0x24 ..\obj\core_cm3.o
 .text.__RBIT   0x00000000       0x24 ..\obj\core_cm3.o
 .text.__LDREXB
                0x00000000       0x24 ..\obj\core_cm3.o
 .text.__LDREXH
                0x00000000       0x24 ..\obj\core_cm3.o
 .text.__LDREXW
                0x00000000       0x24 ..\obj\core_cm3.o
 .text.__STREXB
                0x00000000       0x2c ..\obj\core_cm3.o
 .text.__STREXH
                0x00000000       0x2c ..\obj\core_cm3.o
 .text.__STREXW
                0x00000000       0x28 ..\obj\core_cm3.o
 .text          0x00000000        0x0 ..\obj\system_stm32f10x.o
 .data          0x00000000       0x14 ..\obj\system_stm32f10x.o
 .bss           0x00000000        0x0 ..\obj\system_stm32f10x.o
 .text.SystemCoreClockUpdate
                0x00000000      0x13c ..\obj\system_stm32f10x.o
 .text          0x00000000        0x0 ..\obj\stm32f10x_gpio.o
 .data          0x00000000        0x0 ..\obj\stm32f10x_gpio.o
 .bss           0x00000000        0x0 ..\obj\stm32f10x_gpio.o
 .text.GPIO_DeInit
                0x00000000      0x128 ..\obj\stm32f10x_gpio.o
 .text.GPIO_AFIODeInit
                0x00000000       0x20 ..\obj\stm32f10x_gpio.o
 .text.GPIO_StructInit
                0x00000000       0x2c ..\obj\stm32f10x_gpio.o
 .text.GPIO_ReadInputDataBit
                0x00000000       0x40 ..\obj\stm32f10x_gpio.o
 .text.GPIO_ReadInputData
                0x00000000       0x1c ..\obj\stm32f10x_gpio.o
 .text.GPIO_ReadOutputDataBit
                0x00000000       0x40 ..\obj\stm32f10x_gpio.o
 .text.GPIO_ReadOutputData
                0x00000000       0x1c ..\obj\stm32f10x_gpio.o
 .text.GPIO_WriteBit
                0x00000000       0x30 ..\obj\stm32f10x_gpio.o
 .text.GPIO_Write
                0x00000000       0x1c ..\obj\stm32f10x_gpio.o
 .text.GPIO_PinLockConfig
                0x00000000       0x44 ..\obj\stm32f10x_gpio.o
 .text.GPIO_EventOutputConfig
                0x00000000       0x5c ..\obj\stm32f10x_gpio.o
 .text.GPIO_EventOutputCmd
                0x00000000       0x20 ..\obj\stm32f10x_gpio.o
 .text.GPIO_PinRemapConfig
                0x00000000      0x124 ..\obj\stm32f10x_gpio.o
 .text.GPIO_EXTILineConfig
                0x00000000       0xb4 ..\obj\stm32f10x_gpio.o
 .text.GPIO_ETH_MediaInterfaceConfig
                0x00000000       0x20 ..\obj\stm32f10x_gpio.o
 .text          0x00000000        0x0 ..\obj\main.o
 .data          0x00000000        0x0 ..\obj\main.o
 .bss           0x00000000        0x0 ..\obj\main.o
 .text          0x00000000        0x0 ..\obj\timers.o
 .data          0x00000000        0x0 ..\obj\timers.o
 .bss           0x00000000        0x0 ..\obj\timers.o
 .text          0x00000000        0x0 ..\obj\printf.o
 .data          0x00000000       0xf4 ..\obj\printf.o
 .bss           0x00000000        0x0 ..\obj\printf.o
 .text.PrintChar
                0x00000000       0x14 ..\obj\printf.o
 .text.PutChar  0x00000000       0x24 ..\obj\printf.o
 .text.PutString
                0x00000000       0x48 ..\obj\printf.o
 .text.PutUnsignedInt
                0x00000000       0xbc ..\obj\printf.o
 .text.PutSignedInt
                0x00000000      0x12c ..\obj\printf.o
 .text.PutHexa  0x00000000       0xe8 ..\obj\printf.o
 .text.vsnprintf
                0x00000000      0x2a4 ..\obj\printf.o
 .text.snprintf
                0x00000000       0x34 ..\obj\printf.o
 .text.vsprintf
                0x00000000       0x28 ..\obj\printf.o
 .rodata        0x00000000       0x24 ..\obj\printf.o
 .text.vfprintf
                0x00000000       0x6c ..\obj\printf.o
 .text.vprintf  0x00000000       0x2c ..\obj\printf.o
 .text.fprintf  0x00000000       0x30 ..\obj\printf.o
 .text.printf   0x00000000       0x2c ..\obj\printf.o
 .text.sprintf  0x00000000       0x30 ..\obj\printf.o
 .text.puts     0x00000000       0x28 ..\obj\printf.o
 .text.fputc    0x00000000       0x4c ..\obj\printf.o
 .text.fputs    0x00000000       0x50 ..\obj\printf.o
 .text          0x00000000        0x0 ..\obj\stm32f10x_rcc.o
 .bss           0x00000000        0x0 ..\obj\stm32f10x_rcc.o
 .text.RCC_DeInit
                0x00000000       0xac ..\obj\stm32f10x_rcc.o
 .text.RCC_HSEConfig
                0x00000000       0x88 ..\obj\stm32f10x_rcc.o
 .text.RCC_WaitForHSEStartUp
                0x00000000       0x64 ..\obj\stm32f10x_rcc.o
 .text.RCC_AdjustHSICalibrationValue
                0x00000000       0x48 ..\obj\stm32f10x_rcc.o
 .text.RCC_HSICmd
                0x00000000       0x20 ..\obj\stm32f10x_rcc.o
 .text.RCC_PLLConfig
                0x00000000       0x4c ..\obj\stm32f10x_rcc.o
 .text.RCC_PLLCmd
                0x00000000       0x20 ..\obj\stm32f10x_rcc.o
 .text.RCC_PREDIV1Config
                0x00000000       0x50 ..\obj\stm32f10x_rcc.o
 .text.RCC_SYSCLKConfig
                0x00000000       0x44 ..\obj\stm32f10x_rcc.o
 .text.RCC_GetSYSCLKSource
                0x00000000       0x20 ..\obj\stm32f10x_rcc.o
 .text.RCC_HCLKConfig
                0x00000000       0x44 ..\obj\stm32f10x_rcc.o
 .text.RCC_PCLK1Config
                0x00000000       0x44 ..\obj\stm32f10x_rcc.o
 .text.RCC_PCLK2Config
                0x00000000       0x48 ..\obj\stm32f10x_rcc.o
 .text.RCC_ITConfig
                0x00000000       0x64 ..\obj\stm32f10x_rcc.o
 .text.RCC_USBCLKConfig
                0x00000000       0x20 ..\obj\stm32f10x_rcc.o
 .text.RCC_ADCCLKConfig
                0x00000000       0x44 ..\obj\stm32f10x_rcc.o
 .text.RCC_LSEConfig
                0x00000000       0x5c ..\obj\stm32f10x_rcc.o
 .text.RCC_LSICmd
                0x00000000       0x20 ..\obj\stm32f10x_rcc.o
 .text.RCC_RTCCLKConfig
                0x00000000       0x30 ..\obj\stm32f10x_rcc.o
 .text.RCC_RTCCLKCmd
                0x00000000       0x20 ..\obj\stm32f10x_rcc.o
 .text.RCC_AHBPeriphClockCmd
                0x00000000       0x5c ..\obj\stm32f10x_rcc.o
 .text.RCC_APB2PeriphResetCmd
                0x00000000       0x5c ..\obj\stm32f10x_rcc.o
 .text.RCC_APB1PeriphResetCmd
                0x00000000       0x5c ..\obj\stm32f10x_rcc.o
 .text.RCC_BackupResetCmd
                0x00000000       0x20 ..\obj\stm32f10x_rcc.o
 .text.RCC_ClockSecuritySystemCmd
                0x00000000       0x20 ..\obj\stm32f10x_rcc.o
 .text.RCC_MCOConfig
                0x00000000       0x20 ..\obj\stm32f10x_rcc.o
 .text.RCC_GetFlagStatus
                0x00000000       0x90 ..\obj\stm32f10x_rcc.o
 .text.RCC_ClearFlag
                0x00000000       0x24 ..\obj\stm32f10x_rcc.o
 .text.RCC_GetITStatus
                0x00000000       0x44 ..\obj\stm32f10x_rcc.o
 .text.RCC_ClearITPendingBit
                0x00000000       0x20 ..\obj\stm32f10x_rcc.o
 .text          0x00000000        0x0 ..\obj\stm32f10x_exti.o
 .data          0x00000000        0x0 ..\obj\stm32f10x_exti.o
 .bss           0x00000000        0x0 ..\obj\stm32f10x_exti.o
 .text.EXTI_DeInit
                0x00000000       0x54 ..\obj\stm32f10x_exti.o
 .text.EXTI_Init
                0x00000000      0x158 ..\obj\stm32f10x_exti.o
 .text.EXTI_StructInit
                0x00000000       0x34 ..\obj\stm32f10x_exti.o
 .text.EXTI_GenerateSWInterrupt
                0x00000000       0x30 ..\obj\stm32f10x_exti.o
 .text.EXTI_GetFlagStatus
                0x00000000       0x40 ..\obj\stm32f10x_exti.o
 .text.EXTI_ClearFlag
                0x00000000       0x20 ..\obj\stm32f10x_exti.o
 .text.EXTI_GetITStatus
                0x00000000       0x60 ..\obj\stm32f10x_exti.o
 .text.EXTI_ClearITPendingBit
                0x00000000       0x20 ..\obj\stm32f10x_exti.o
 .text          0x00000000        0x0 ..\obj\tasks.o
 .text.vTaskDelete
                0x00000000       0xc0 ..\obj\tasks.o
 .text.vTaskDelayUntil
                0x00000000       0xb0 ..\obj\tasks.o
 .text.vTaskDelay
                0x00000000       0x5c ..\obj\tasks.o
 .text.uxTaskPriorityGet
                0x00000000       0x38 ..\obj\tasks.o
 .text.vTaskPrioritySet
                0x00000000      0x12c ..\obj\tasks.o
 .text.vTaskSuspend
                0x00000000       0xc0 ..\obj\tasks.o
 .text.xTaskIsTaskSuspended
                0x00000000       0x50 ..\obj\tasks.o
 .text.vTaskResume
                0x00000000       0xac ..\obj\tasks.o
 .text.xTaskResumeFromISR
                0x00000000       0xd4 ..\obj\tasks.o
 .text.vTaskEndScheduler
                0x00000000       0x20 ..\obj\tasks.o
 .text.xTaskGetTickCount
                0x00000000       0x28 ..\obj\tasks.o
 .text.xTaskGetTickCountFromISR
                0x00000000       0x38 ..\obj\tasks.o
 .text.uxTaskGetNumberOfTasks
                0x00000000       0x18 ..\obj\tasks.o
 .text.vTaskPlaceOnEventList
                0x00000000       0x78 ..\obj\tasks.o
 .text.xTaskRemoveFromEventList
                0x00000000       0xc4 ..\obj\tasks.o
 .text.vTaskSetTimeOutState
                0x00000000       0x30 ..\obj\tasks.o
 .text.xTaskCheckForTimeOut
                0x00000000       0xa4 ..\obj\tasks.o
 .text.vTaskMissedYield
                0x00000000       0x18 ..\obj\tasks.o
 .text.prvAddCurrentTaskToDelayedList
                0x00000000       0x8c ..\obj\tasks.o
 .text.xTaskGetCurrentTaskHandle
                0x00000000       0x20 ..\obj\tasks.o
 .text.vTaskPriorityInherit
                0x00000000       0xd8 ..\obj\tasks.o
 .text.vTaskPriorityDisinherit
                0x00000000       0x90 ..\obj\tasks.o
 .text          0x00000000        0x0 ..\obj\stm32f10x_usart.o
 .data          0x00000000        0x0 ..\obj\stm32f10x_usart.o
 .bss           0x00000000        0x0 ..\obj\stm32f10x_usart.o
 .text.USART_DeInit
                0x00000000       0xd8 ..\obj\stm32f10x_usart.o
 .text.USART_Init
                0x00000000      0x1c0 ..\obj\stm32f10x_usart.o
 .text.USART_StructInit
                0x00000000       0x44 ..\obj\stm32f10x_usart.o
 .text.USART_ClockInit
                0x00000000       0x60 ..\obj\stm32f10x_usart.o
 .text.USART_ClockStructInit
                0x00000000       0x34 ..\obj\stm32f10x_usart.o
 .text.USART_Cmd
                0x00000000       0x40 ..\obj\stm32f10x_usart.o
 .text.USART_ITConfig
                0x00000000       0xa8 ..\obj\stm32f10x_usart.o
 .text.USART_DMACmd
                0x00000000       0x4c ..\obj\stm32f10x_usart.o
 .text.USART_SetAddress
                0x00000000       0x3c ..\obj\stm32f10x_usart.o
 .text.USART_WakeUpConfig
                0x00000000       0x38 ..\obj\stm32f10x_usart.o
 .text.USART_ReceiverWakeUpCmd
                0x00000000       0x40 ..\obj\stm32f10x_usart.o
 .text.USART_LINBreakDetectLengthConfig
                0x00000000       0x38 ..\obj\stm32f10x_usart.o
 .text.USART_LINCmd
                0x00000000       0x40 ..\obj\stm32f10x_usart.o
 .text.USART_SendData
                0x00000000       0x28 ..\obj\stm32f10x_usart.o
 .text.USART_ReceiveData
                0x00000000       0x24 ..\obj\stm32f10x_usart.o
 .text.USART_SendBreak
                0x00000000       0x24 ..\obj\stm32f10x_usart.o
 .text.USART_SetGuardTime
                0x00000000       0x40 ..\obj\stm32f10x_usart.o
 .text.USART_SetPrescaler
                0x00000000       0x3c ..\obj\stm32f10x_usart.o
 .text.USART_SmartCardCmd
                0x00000000       0x40 ..\obj\stm32f10x_usart.o
 .text.USART_SmartCardNACKCmd
                0x00000000       0x40 ..\obj\stm32f10x_usart.o
 .text.USART_HalfDuplexCmd
                0x00000000       0x40 ..\obj\stm32f10x_usart.o
 .text.USART_OverSampling8Cmd
                0x00000000       0x48 ..\obj\stm32f10x_usart.o
 .text.USART_OneBitMethodCmd
                0x00000000       0x40 ..\obj\stm32f10x_usart.o
 .text.USART_IrDAConfig
                0x00000000       0x38 ..\obj\stm32f10x_usart.o
 .text.USART_IrDACmd
                0x00000000       0x40 ..\obj\stm32f10x_usart.o
 .text.USART_GetFlagStatus
                0x00000000       0x40 ..\obj\stm32f10x_usart.o
 .text.USART_ClearFlag
                0x00000000       0x24 ..\obj\stm32f10x_usart.o
 .text.USART_GetITStatus
                0x00000000       0xcc ..\obj\stm32f10x_usart.o
 .text.USART_ClearITPendingBit
                0x00000000       0x44 ..\obj\stm32f10x_usart.o
 .text          0x00000000        0x0 ..\obj\i2c_reciever.o
 .data          0x00000000        0x0 ..\obj\i2c_reciever.o
 .bss           0x00000000        0x0 ..\obj\i2c_reciever.o
 .text.I2C_EE_ByteWrite
                0x00000000       0xe4 ..\obj\i2c_reciever.o
 .text          0x00000000        0x0 ..\obj\list.o
 .data          0x00000000        0x0 ..\obj\list.o
 .bss           0x00000000        0x0 ..\obj\list.o
 .text.vListInsert
                0x00000000       0x78 ..\obj\list.o
 .text          0x00000000        0x0 ..\obj\syscalls.o
 .data          0x00000000        0x0 ..\obj\syscalls.o
 .bss           0x00000000        0x4 ..\obj\syscalls.o
 .text._sbrk    0x00000000       0x5c ..\obj\syscalls.o
 .text.link     0x00000000       0x1c ..\obj\syscalls.o
 .text._close   0x00000000       0x18 ..\obj\syscalls.o
 .text._fstat   0x00000000       0x24 ..\obj\syscalls.o
 .text._isatty  0x00000000       0x18 ..\obj\syscalls.o
 .text._lseek   0x00000000       0x1c ..\obj\syscalls.o
 .text._read    0x00000000       0x1c ..\obj\syscalls.o
 .text._write   0x00000000       0x1c ..\obj\syscalls.o
 .text.abort    0x00000000        0x8 ..\obj\syscalls.o
 .text          0x00000000        0x0 ..\obj\port.o
 .bss           0x00000000        0x0 ..\obj\port.o
 .rodata        0x00000000        0x4 ..\obj\port.o
 .text.vPortEndScheduler
                0x00000000        0xc ..\obj\port.o
 .text          0x00000000        0x0 ..\obj\queue.o
 .data          0x00000000        0x0 ..\obj\queue.o
 .bss           0x00000000        0x0 ..\obj\queue.o
 .text.xQueueGenericCreate
                0x00000000       0xd4 ..\obj\queue.o
 .text.xQueueCreateMutex
                0x00000000       0x9c ..\obj\queue.o
 .text.xQueueGenericSend
                0x00000000      0x124 ..\obj\queue.o
 .text.xQueueGenericSendFromISR
                0x00000000       0x90 ..\obj\queue.o
 .text.xQueueGenericReceive
                0x00000000      0x188 ..\obj\queue.o
 .text.xQueueReceiveFromISR
                0x00000000       0x94 ..\obj\queue.o
 .text.uxQueueMessagesWaiting
                0x00000000       0x24 ..\obj\queue.o
 .text.uxQueueMessagesWaitingFromISR
                0x00000000       0x1c ..\obj\queue.o
 .text.vQueueDelete
                0x00000000       0x20 ..\obj\queue.o
 .text.prvCopyDataToQueue
                0x00000000       0xc4 ..\obj\queue.o
 .text.prvCopyDataFromQueue
                0x00000000       0x50 ..\obj\queue.o
 .text.prvUnlockQueue
                0x00000000       0xa0 ..\obj\queue.o
 .text.prvIsQueueEmpty
                0x00000000       0x2c ..\obj\queue.o
 .text.xQueueIsQueueEmptyFromISR
                0x00000000       0x24 ..\obj\queue.o
 .text.prvIsQueueFull
                0x00000000       0x30 ..\obj\queue.o
 .text.xQueueIsQueueFullFromISR
                0x00000000       0x2c ..\obj\queue.o
 .text          0x00000000        0x0 ..\obj\croutine.o
 .data          0x00000000        0x0 ..\obj\croutine.o
 .bss           0x00000000       0x80 ..\obj\croutine.o
 .text.xCoRoutineCreate
                0x00000000       0xf4 ..\obj\croutine.o
 .text.vCoRoutineAddToDelayedList
                0x00000000       0xb4 ..\obj\croutine.o
 .text.prvCheckPendingReadyList
                0x00000000       0xa0 ..\obj\croutine.o
 .text.prvCheckDelayedList
                0x00000000      0x170 ..\obj\croutine.o
 .text.vCoRoutineSchedule
                0x00000000       0xf0 ..\obj\croutine.o
 .text.prvInitialiseCoRoutineLists
                0x00000000       0x8c ..\obj\croutine.o
 .text.xCoRoutineRemoveFromEventList
                0x00000000       0x60 ..\obj\croutine.o
 .text          0x00000000        0x0 ..\obj\misc.o
 .data          0x00000000        0x0 ..\obj\misc.o
 .bss           0x00000000        0x0 ..\obj\misc.o
 .text.NVIC_PriorityGroupConfig
                0x00000000       0x28 ..\obj\misc.o
 .text.NVIC_Init
                0x00000000       0xec ..\obj\misc.o
 .text.NVIC_SetVectorTable
                0x00000000       0x2c ..\obj\misc.o
 .text.NVIC_SystemLPConfig
                0x00000000       0x5c ..\obj\misc.o
 .text.SysTick_CLKSourceConfig
                0x00000000       0x4c ..\obj\misc.o
 .text          0x00000000        0x0 ..\obj\stm32f10x_spi.o
 .data          0x00000000        0x0 ..\obj\stm32f10x_spi.o
 .bss           0x00000000        0x0 ..\obj\stm32f10x_spi.o
 .text.SPI_I2S_DeInit
                0x00000000       0x88 ..\obj\stm32f10x_spi.o
 .text.SPI_Init
                0x00000000       0x98 ..\obj\stm32f10x_spi.o
 .text.I2S_Init
                0x00000000      0x1a4 ..\obj\stm32f10x_spi.o
 .text.SPI_StructInit
                0x00000000       0x5c ..\obj\stm32f10x_spi.o
 .text.I2S_StructInit
                0x00000000       0x44 ..\obj\stm32f10x_spi.o
 .text.SPI_Cmd  0x00000000       0x40 ..\obj\stm32f10x_spi.o
 .text.I2S_Cmd  0x00000000       0x40 ..\obj\stm32f10x_spi.o
 .text.SPI_I2S_ITConfig
                0x00000000       0x70 ..\obj\stm32f10x_spi.o
 .text.SPI_I2S_DMACmd
                0x00000000       0x4c ..\obj\stm32f10x_spi.o
 .text.SPI_I2S_SendData
                0x00000000       0x1c ..\obj\stm32f10x_spi.o
 .text.SPI_I2S_ReceiveData
                0x00000000       0x1c ..\obj\stm32f10x_spi.o
 .text.SPI_NSSInternalSoftwareConfig
                0x00000000       0x44 ..\obj\stm32f10x_spi.o
 .text.SPI_SSOutputCmd
                0x00000000       0x40 ..\obj\stm32f10x_spi.o
 .text.SPI_DataSizeConfig
                0x00000000       0x38 ..\obj\stm32f10x_spi.o
 .text.SPI_TransmitCRC
                0x00000000       0x24 ..\obj\stm32f10x_spi.o
 .text.SPI_CalculateCRC
                0x00000000       0x40 ..\obj\stm32f10x_spi.o
 .text.SPI_GetCRC
                0x00000000       0x34 ..\obj\stm32f10x_spi.o
 .text.SPI_GetCRCPolynomial
                0x00000000       0x1c ..\obj\stm32f10x_spi.o
 .text.SPI_BiDirectionalLineConfig
                0x00000000       0x40 ..\obj\stm32f10x_spi.o
 .text.SPI_I2S_GetFlagStatus
                0x00000000       0x40 ..\obj\stm32f10x_spi.o
 .text.SPI_I2S_ClearFlag
                0x00000000       0x24 ..\obj\stm32f10x_spi.o
 .text.SPI_I2S_GetITStatus
                0x00000000       0x8c ..\obj\stm32f10x_spi.o
 .text.SPI_I2S_ClearITPendingBit
                0x00000000       0x38 ..\obj\stm32f10x_spi.o
 .text          0x00000000        0x0 ..\obj\stm32f10x_i2c.o
 .data          0x00000000        0x0 ..\obj\stm32f10x_i2c.o
 .bss           0x00000000        0x0 ..\obj\stm32f10x_i2c.o
 .text.I2C_DeInit
                0x00000000       0x50 ..\obj\stm32f10x_i2c.o
 .text.I2C_StructInit
                0x00000000       0x44 ..\obj\stm32f10x_i2c.o
 .text.I2C_DMACmd
                0x00000000       0x40 ..\obj\stm32f10x_i2c.o
 .text.I2C_DMALastTransferCmd
                0x00000000       0x40 ..\obj\stm32f10x_i2c.o
 .text.I2C_GenerateSTART
                0x00000000       0x40 ..\obj\stm32f10x_i2c.o
 .text.I2C_GenerateSTOP
                0x00000000       0x40 ..\obj\stm32f10x_i2c.o
 .text.I2C_AcknowledgeConfig
                0x00000000       0x40 ..\obj\stm32f10x_i2c.o
 .text.I2C_OwnAddress2Config
                0x00000000       0x44 ..\obj\stm32f10x_i2c.o
 .text.I2C_DualAddressCmd
                0x00000000       0x40 ..\obj\stm32f10x_i2c.o
 .text.I2C_GeneralCallCmd
                0x00000000       0x40 ..\obj\stm32f10x_i2c.o
 .text.I2C_ITConfig
                0x00000000       0x4c ..\obj\stm32f10x_i2c.o
 .text.I2C_SendData
                0x00000000       0x20 ..\obj\stm32f10x_i2c.o
 .text.I2C_ReceiveData
                0x00000000       0x1c ..\obj\stm32f10x_i2c.o
 .text.I2C_Send7bitAddress
                0x00000000       0x3c ..\obj\stm32f10x_i2c.o
 .text.I2C_ReadRegister
                0x00000000       0x30 ..\obj\stm32f10x_i2c.o
 .text.I2C_SoftwareResetCmd
                0x00000000       0x48 ..\obj\stm32f10x_i2c.o
 .text.I2C_NACKPositionConfig
                0x00000000       0x40 ..\obj\stm32f10x_i2c.o
 .text.I2C_SMBusAlertConfig
                0x00000000       0x40 ..\obj\stm32f10x_i2c.o
 .text.I2C_TransmitPEC
                0x00000000       0x40 ..\obj\stm32f10x_i2c.o
 .text.I2C_PECPositionConfig
                0x00000000       0x40 ..\obj\stm32f10x_i2c.o
 .text.I2C_CalculatePEC
                0x00000000       0x40 ..\obj\stm32f10x_i2c.o
 .text.I2C_GetPEC
                0x00000000       0x24 ..\obj\stm32f10x_i2c.o
 .text.I2C_ARPCmd
                0x00000000       0x40 ..\obj\stm32f10x_i2c.o
 .text.I2C_StretchClockCmd
                0x00000000       0x40 ..\obj\stm32f10x_i2c.o
 .text.I2C_FastModeDutyCycleConfig
                0x00000000       0x40 ..\obj\stm32f10x_i2c.o
 .text.I2C_CheckEvent
                0x00000000       0x70 ..\obj\stm32f10x_i2c.o
 .text.I2C_GetLastEvent
                0x00000000       0x50 ..\obj\stm32f10x_i2c.o
 .text.I2C_GetFlagStatus
                0x00000000       0x7c ..\obj\stm32f10x_i2c.o
 .text.I2C_ClearFlag
                0x00000000       0x30 ..\obj\stm32f10x_i2c.o
 .text.I2C_GetITStatus
                0x00000000       0x68 ..\obj\stm32f10x_i2c.o
 .text.I2C_ClearITPendingBit
                0x00000000       0x30 ..\obj\stm32f10x_i2c.o
 .text          0x00000000        0x0 ..\obj\heap_2.o
 .text.xPortGetFreeHeapSize
                0x00000000       0x18 ..\obj\heap_2.o
 .text.vPortInitialiseBlocks
                0x00000000        0xc ..\obj\heap_2.o
 .text          0x00000000      0x150 C:\Program Files\CooCox\CoIDE\gcc\Sourcery G++ Lite\arm-none-eabi\lib\thumb2\libc.a(lib_a-memcpy.o)
 .data          0x00000000        0x0 C:\Program Files\CooCox\CoIDE\gcc\Sourcery G++ Lite\arm-none-eabi\lib\thumb2\libc.a(lib_a-memcpy.o)
 .bss           0x00000000        0x0 C:\Program Files\CooCox\CoIDE\gcc\Sourcery G++ Lite\arm-none-eabi\lib\thumb2\libc.a(lib_a-memcpy.o)
 .data          0x00000000        0x0 C:\Program Files\CooCox\CoIDE\gcc\Sourcery G++ Lite\arm-none-eabi\lib\thumb2\libc.a(lib_a-memset.o)
 .bss           0x00000000        0x0 C:\Program Files\CooCox\CoIDE\gcc\Sourcery G++ Lite\arm-none-eabi\lib\thumb2\libc.a(lib_a-memset.o)
 .data          0x00000000        0x0 C:\Program Files\CooCox\CoIDE\gcc\Sourcery G++ Lite\arm-none-eabi\lib\thumb2\libc.a(lib_a-strncpy.o)
 .bss           0x00000000        0x0 C:\Program Files\CooCox\CoIDE\gcc\Sourcery G++ Lite\arm-none-eabi\lib\thumb2\libc.a(lib_a-strncpy.o)

Memory Configuration

Name             Origin             Length             Attributes
rom              0x08000000         0x00020000         xr
ram              0x20000000         0x00002000         xrw
*default*        0x00000000         0xffffffff

Linker script and memory map

                0x20002000                _eram = 0x20002000

.text           0x08000000     0x1a76
 *(.isr_vector .isr_vector.*)
 .isr_vector    0x08000000      0x124 ..\obj\startup_stm32f10x_md_vl.o
                0x08000000                g_pfnVectors
 *(.text .text.* .gnu.linkonce.t.*)
 .text.Default_Reset_Handler
                0x08000124       0x6c ..\obj\startup_stm32f10x_md_vl.o
                0x08000124                Default_Reset_Handler
                0x08000124                Reset_Handler
 .text.Default_Handler
                0x08000190        0x8 ..\obj\startup_stm32f10x_md_vl.o
                0x08000190                EXTI2_IRQHandler
                0x08000190                DebugMon_Handler
                0x08000190                TIM1_CC_IRQHandler
                0x08000190                HardFault_Handler
                0x08000190                PVD_IRQHandler
                0x08000190                NMI_Handler
                0x08000190                EXTI3_IRQHandler
                0x08000190                EXTI0_IRQHandler
                0x08000190                I2C2_EV_IRQHandler
                0x08000190                TIM1_UP_TIM16_IRQHandler
                0x08000190                UsageFault_Handler
                0x08000190                SPI1_IRQHandler
                0x08000190                TAMPER_IRQHandler
                0x08000190                TIM6_DAC_IRQHandler
                0x08000190                DMA1_Channel4_IRQHandler
                0x08000190                ADC1_IRQHandler
                0x08000190                USART3_IRQHandler
                0x08000190                RTC_IRQHandler
                0x08000190                DMA1_Channel7_IRQHandler
                0x08000190                TIM4_IRQHandler
                0x08000190                I2C1_EV_IRQHandler
                0x08000190                DMA1_Channel6_IRQHandler
                0x08000190                TIM3_IRQHandler
                0x08000190                RCC_IRQHandler
                0x08000190                DMA1_Channel1_IRQHandler
                0x08000190                CEC_IRQHandler
                0x08000190                EXTI15_10_IRQHandler
                0x08000190                TIM7_IRQHandler
                0x08000190                EXTI9_5_IRQHandler
                0x08000190                SPI2_IRQHandler
                0x08000190                MemManage_Handler
                0x08000190                DMA1_Channel5_IRQHandler
                0x08000190                EXTI4_IRQHandler
                0x08000190                TIM1_TRG_COM_TIM17_IRQHandler
                0x08000190                DMA1_Channel3_IRQHandler
                0x08000190                WWDG_IRQHandler
                0x08000190                TIM2_IRQHandler
                0x08000190                EXTI1_IRQHandler
                0x08000190                RTCAlarm_IRQHandler
                0x08000190                USART2_IRQHandler
                0x08000190                I2C2_ER_IRQHandler
                0x08000190                DMA1_Channel2_IRQHandler
                0x08000190                FLASH_IRQHandler
                0x08000190                BusFault_Handler
                0x08000190                USART1_IRQHandler
                0x08000190                I2C1_ER_IRQHandler
                0x08000190                TIM1_BRK_TIM15_IRQHandler
 .text.SystemInit
                0x08000198       0xbc ..\obj\system_stm32f10x.o
                0x08000198                SystemInit
 .text.SetSysClock
                0x08000254        0xc ..\obj\system_stm32f10x.o
 .text.SetSysClockTo24
                0x08000260      0x15c ..\obj\system_stm32f10x.o
 .text.GPIO_Init
                0x080003bc      0x1c0 ..\obj\stm32f10x_gpio.o
                0x080003bc                GPIO_Init
 .text.GPIO_SetBits
                0x0800057c       0x1c ..\obj\stm32f10x_gpio.o
                0x0800057c                GPIO_SetBits
 .text.GPIO_ResetBits
                0x08000598       0x1c ..\obj\stm32f10x_gpio.o
                0x08000598                GPIO_ResetBits
 .text.prvSetupHardware
                0x080005b4       0x10 ..\obj\main.o
 .text.main     0x080005c4       0x18 ..\obj\main.o
                0x080005c4                main
 .text.RCC_GetClocksFreq
                0x080005dc      0x1cc ..\obj\stm32f10x_rcc.o
                0x080005dc                RCC_GetClocksFreq
 .text.RCC_APB2PeriphClockCmd
                0x080007a8       0x5c ..\obj\stm32f10x_rcc.o
                0x080007a8                RCC_APB2PeriphClockCmd
 .text.RCC_APB1PeriphClockCmd
                0x08000804       0x5c ..\obj\stm32f10x_rcc.o
                0x08000804                RCC_APB1PeriphClockCmd
 .text.xTaskGenericCreate
                0x08000860      0x1ac ..\obj\tasks.o
                0x08000860                xTaskGenericCreate
 .text.vTaskStartScheduler
                0x08000a0c       0x74 ..\obj\tasks.o
                0x08000a0c                vTaskStartScheduler
 .text.vTaskSuspendAll
                0x08000a80       0x24 ..\obj\tasks.o
                0x08000a80                vTaskSuspendAll
 .text.xTaskResumeAll
                0x08000aa4      0x154 ..\obj\tasks.o
                0x08000aa4                xTaskResumeAll
 .text.vTaskIncrementTick
                0x08000bf8      0x1b8 ..\obj\tasks.o
                0x08000bf8                vTaskIncrementTick
 .text.vTaskSwitchContext
                0x08000db0       0xd0 ..\obj\tasks.o
                0x08000db0                vTaskSwitchContext
 .text.prvIdleTask
                0x08000e80       0x24 ..\obj\tasks.o
 .text.prvInitialiseTCBVariables
                0x08000ea4       0x7c ..\obj\tasks.o
 .text.prvInitialiseTaskLists
                0x08000f20       0xa4 ..\obj\tasks.o
 .text.prvCheckTasksWaitingTermination
                0x08000fc4       0x98 ..\obj\tasks.o
 .text.prvAllocateTCBAndStack
                0x0800105c       0x74 ..\obj\tasks.o
 .text.prvDeleteTCB
                0x080010d0       0x20 ..\obj\tasks.o
 .text.I2C_Reciever_Init
                0x080010f0       0xe0 ..\obj\i2c_reciever.o
                0x080010f0                I2C_Reciever_Init
 .text.Delay_ms
                0x080011d0       0x30 ..\obj\i2c_reciever.o
                0x080011d0                Delay_ms
 .text.vListInitialise
                0x08001200       0x48 ..\obj\list.o
                0x08001200                vListInitialise
 .text.vListInitialiseItem
                0x08001248       0x1c ..\obj\list.o
                0x08001248                vListInitialiseItem
 .text.vListInsertEnd
                0x08001264       0x54 ..\obj\list.o
                0x08001264                vListInsertEnd
 .text.vListRemove
                0x080012b8       0x54 ..\obj\list.o
                0x080012b8                vListRemove
 .text.pxPortInitialiseStack
                0x0800130c       0x60 ..\obj\port.o
                0x0800130c                pxPortInitialiseStack
 .text.SVC_Handler
                0x0800136c       0x20 ..\obj\port.o
                0x0800136c                SVC_Handler
 .text.vPortStartFirstTask
                0x0800138c       0x14 ..\obj\port.o
                0x0800138c                vPortStartFirstTask
 .text.xPortStartScheduler
                0x080013a0       0x54 ..\obj\port.o
                0x080013a0                xPortStartScheduler
 .text.vPortYieldFromISR
                0x080013f4       0x18 ..\obj\port.o
                0x080013f4                vPortYieldFromISR
 .text.vPortEnterCritical
                0x0800140c       0x2c ..\obj\port.o
                0x0800140c                vPortEnterCritical
 .text.vPortExitCritical
                0x08001438       0x38 ..\obj\port.o
                0x08001438                vPortExitCritical
 .text.PendSV_Handler
                0x08001470       0x3c ..\obj\port.o
                0x08001470                PendSV_Handler
 .text.SysTick_Handler
                0x080014ac       0x38 ..\obj\port.o
                0x080014ac                SysTick_Handler
 .text.prvSetupTimerInterrupt
                0x080014e4       0x28 ..\obj\port.o
 .text.I2C_Init
                0x0800150c      0x1b8 ..\obj\stm32f10x_i2c.o
                0x0800150c                I2C_Init
 .text.I2C_Cmd  0x080016c4       0x40 ..\obj\stm32f10x_i2c.o
                0x080016c4                I2C_Cmd
 .text.pvPortMalloc
                0x08001704      0x1b0 ..\obj\heap_2.o
                0x08001704                pvPortMalloc
 .text.vPortFree
                0x080018b4       0x88 ..\obj\heap_2.o
                0x080018b4                vPortFree
 .text          0x0800193c       0xb4 C:\Program Files\CooCox\CoIDE\gcc\Sourcery G++ Lite\arm-none-eabi\lib\thumb2\libc.a(lib_a-memset.o)
                0x0800193c                memset
 .text          0x080019f0       0x7c C:\Program Files\CooCox\CoIDE\gcc\Sourcery G++ Lite\arm-none-eabi\lib\thumb2\libc.a(lib_a-strncpy.o)
                0x080019f0                strncpy
 *(.glue_7t)
 .glue_7t       0x00000000        0x0 linker stubs
 *(.glue_7)
 .glue_7        0x00000000        0x0 linker stubs
 *(.rodata .rodata* .gnu.linkonce.r.*)
 .rodata        0x08001a6c        0x8 ..\obj\tasks.o
 .rodata        0x08001a74        0x2 ..\obj\heap_2.o

.vfp11_veneer   0x08001a78        0x0 load address 0x08001a76
 .vfp11_veneer  0x00000000        0x0 linker stubs

.v4_bx          0x08001a78        0x0 load address 0x08001a76
 .v4_bx         0x00000000        0x0 linker stubs

.ARM.extab
 *(.ARM.extab* .gnu.linkonce.armextab.*)

.ARM.exidx
 *(.ARM.exidx* .gnu.linkonce.armexidx.*)
                0x08001a78                . = ALIGN (0x4)
                0x08001a78                _etext = .
                0x08001a78                _sidata = .

.data           0x20000000       0x20 load address 0x08001a78
                0x20000000                _sdata = .
 *(.data .data.*)
 .data          0x20000000       0x14 ..\obj\stm32f10x_rcc.o
 .data          0x20000014        0x4 ..\obj\tasks.o
 .data          0x20000018        0x4 ..\obj\port.o
 .data          0x2000001c        0x4 ..\obj\heap_2.o
                0x20000020                . = ALIGN (0x4)
                0x20000020                _edata = .

.bss            0x20000020     0x1118 load address 0x08001a98
                0x20000020                _sbss = .
 *(.bss .bss.*)
 .bss           0x20000020      0x100 ..\obj\tasks.o
                0x20000020                pxCurrentTCB
 .bss           0x20000120     0x1018 ..\obj\heap_2.o
 *(COMMON)
                0x20001138                . = ALIGN (0x4)
                0x20001138                _ebss = .

.co_stack       0x20001138      0x400 load address 0x08002bb0
                0x20001138                . = ALIGN (0x8)
 *(.co_stack .co_stack.*)
 .co_stack      0x20001138      0x400 ..\obj\startup_stm32f10x_md_vl.o
                0x20001138                pulStack
                0x20001538                . = ALIGN (0x4)
                0x20001538                _end = .
LOAD ..\obj\stm32f10x_tim.o
LOAD ..\obj\startup_stm32f10x_md_vl.o
LOAD ..\obj\core_cm3.o
LOAD ..\obj\system_stm32f10x.o
LOAD ..\obj\stm32f10x_gpio.o
LOAD ..\obj\main.o
LOAD ..\obj\timers.o
LOAD ..\obj\printf.o
LOAD ..\obj\stm32f10x_rcc.o
LOAD ..\obj\stm32f10x_exti.o
LOAD ..\obj\tasks.o
LOAD ..\obj\stm32f10x_usart.o
LOAD ..\obj\i2c_reciever.o
LOAD ..\obj\list.o
LOAD ..\obj\syscalls.o
LOAD ..\obj\port.o
LOAD ..\obj\queue.o
LOAD ..\obj\croutine.o
LOAD ..\obj\misc.o
LOAD ..\obj\stm32f10x_spi.o
LOAD ..\obj\stm32f10x_i2c.o
LOAD ..\obj\heap_2.o
LOAD C:\Program Files\CooCox\CoIDE\gcc\Sourcery G++ Lite\arm-none-eabi\lib\thumb2\libc.a
LOAD C:\Program Files\CooCox\CoIDE\gcc\Sourcery G++ Lite\arm-none-eabi\lib\thumb2\libm.a
START GROUP
LOAD c:/coocox/coide/gcc/sourcery g++ lite/bin/../lib/gcc/arm-none-eabi/4.5.1/thumb2\libgcc.a
LOAD C:\Program Files\CooCox\CoIDE\gcc\Sourcery G++ Lite\arm-none-eabi\lib\thumb2\libc.a
END GROUP
OUTPUT(freertos_test_Target_Flash.elf elf32-littlearm)

.debug_abbrev   0x00000000     0x1ad3
 .debug_abbrev  0x00000000      0x172 ..\obj\stm32f10x_tim.o
 .debug_abbrev  0x00000172       0xa3 ..\obj\startup_stm32f10x_md_vl.o
 .debug_abbrev  0x00000215       0xd5 ..\obj\core_cm3.o
 .debug_abbrev  0x000002ea      0x17e ..\obj\system_stm32f10x.o
 .debug_abbrev  0x00000468      0x1a4 ..\obj\stm32f10x_gpio.o
 .debug_abbrev  0x0000060c       0xbe ..\obj\main.o
 .debug_abbrev  0x000006ca       0x40 ..\obj\timers.o
 .debug_abbrev  0x0000070a      0x238 ..\obj\printf.o
 .debug_abbrev  0x00000942      0x191 ..\obj\stm32f10x_rcc.o
 .debug_abbrev  0x00000ad3      0x14a ..\obj\stm32f10x_exti.o
 .debug_abbrev  0x00000c1d      0x193 ..\obj\tasks.o
 .debug_abbrev  0x00000db0      0x15b ..\obj\stm32f10x_usart.o
 .debug_abbrev  0x00000f0b      0x10a ..\obj\i2c_reciever.o
 .debug_abbrev  0x00001015       0xb2 ..\obj\list.o
 .debug_abbrev  0x000010c7       0xde ..\obj\syscalls.o
 .debug_abbrev  0x000011a5      0x138 ..\obj\port.o
 .debug_abbrev  0x000012dd      0x103 ..\obj\queue.o
 .debug_abbrev  0x000013e0      0x197 ..\obj\croutine.o
 .debug_abbrev  0x00001577      0x135 ..\obj\misc.o
 .debug_abbrev  0x000016ac      0x15d ..\obj\stm32f10x_spi.o
 .debug_abbrev  0x00001809      0x15d ..\obj\stm32f10x_i2c.o
 .debug_abbrev  0x00001966      0x16d ..\obj\heap_2.o

.debug_info     0x00000000     0x9cc1
 .debug_info    0x00000000     0x1e18 ..\obj\stm32f10x_tim.o
 .debug_info    0x00001e18      0x143 ..\obj\startup_stm32f10x_md_vl.o
 .debug_info    0x00001f5b      0x548 ..\obj\core_cm3.o
 .debug_info    0x000024a3      0x433 ..\obj\system_stm32f10x.o
 .debug_info    0x000028d6      0x723 ..\obj\stm32f10x_gpio.o
 .debug_info    0x00002ff9      0x1a1 ..\obj\main.o
 .debug_info    0x0000319a       0x89 ..\obj\timers.o
 .debug_info    0x00003223      0xed2 ..\obj\printf.o
 .debug_info    0x000040f5      0x976 ..\obj\stm32f10x_rcc.o
 .debug_info    0x00004a6b      0x361 ..\obj\stm32f10x_exti.o
 .debug_info    0x00004dcc      0xd98 ..\obj\tasks.o
 .debug_info    0x00005b64      0xa6c ..\obj\stm32f10x_usart.o
 .debug_info    0x000065d0      0x423 ..\obj\i2c_reciever.o
 .debug_info    0x000069f3      0x2cb ..\obj\list.o
 .debug_info    0x00006cbe      0x440 ..\obj\syscalls.o
 .debug_info    0x000070fe      0x214 ..\obj\port.o
 .debug_info    0x00007312      0x7a4 ..\obj\queue.o
 .debug_info    0x00007ab6      0x4ec ..\obj\croutine.o
 .debug_info    0x00007fa2      0x546 ..\obj\misc.o
 .debug_info    0x000084e8      0x971 ..\obj\stm32f10x_spi.o
 .debug_info    0x00008e59      0xb94 ..\obj\stm32f10x_i2c.o
 .debug_info    0x000099ed      0x2d4 ..\obj\heap_2.o

.debug_line     0x00000000     0x4877
 .debug_line    0x00000000      0xa83 ..\obj\stm32f10x_tim.o
 .debug_line    0x00000a83       0xb6 ..\obj\startup_stm32f10x_md_vl.o
 .debug_line    0x00000b39      0x28e ..\obj\core_cm3.o
 .debug_line    0x00000dc7      0x23d ..\obj\system_stm32f10x.o
 .debug_line    0x00001004      0x39d ..\obj\stm32f10x_gpio.o
 .debug_line    0x000013a1      0x19e ..\obj\main.o
 .debug_line    0x0000153f       0x67 ..\obj\timers.o
 .debug_line    0x000015a6      0x3cf ..\obj\printf.o
 .debug_line    0x00001975      0x4c4 ..\obj\stm32f10x_rcc.o
 .debug_line    0x00001e39      0x296 ..\obj\stm32f10x_exti.o
 .debug_line    0x000020cf      0x720 ..\obj\tasks.o
 .debug_line    0x000027ef      0x489 ..\obj\stm32f10x_usart.o
 .debug_line    0x00002c78      0x264 ..\obj\i2c_reciever.o
 .debug_line    0x00002edc      0x20a ..\obj\list.o
 .debug_line    0x000030e6      0x19c ..\obj\syscalls.o
 .debug_line    0x00003282      0x219 ..\obj\port.o
 .debug_line    0x0000349b      0x427 ..\obj\queue.o
 .debug_line    0x000038c2      0x2d9 ..\obj\croutine.o
 .debug_line    0x00003b9b      0x232 ..\obj\misc.o
 .debug_line    0x00003dcd      0x410 ..\obj\stm32f10x_spi.o
 .debug_line    0x000041dd      0x4c5 ..\obj\stm32f10x_i2c.o
 .debug_line    0x000046a2      0x1d5 ..\obj\heap_2.o

.debug_loc      0x00000000     0x4fe2
 .debug_loc     0x00000000     0x13e8 ..\obj\stm32f10x_tim.o
 .debug_loc     0x000013e8       0x64 ..\obj\startup_stm32f10x_md_vl.o
 .debug_loc     0x0000144c      0x3f0 ..\obj\core_cm3.o
 .debug_loc     0x0000183c       0xc8 ..\obj\system_stm32f10x.o
 .debug_loc     0x00001904      0x3e4 ..\obj\stm32f10x_gpio.o
 .debug_loc     0x00001ce8       0x64 ..\obj\main.o
 .debug_loc     0x00001d4c      0x3ea ..\obj\printf.o
 .debug_loc     0x00002136      0x714 ..\obj\stm32f10x_rcc.o
 .debug_loc     0x0000284a      0x1b4 ..\obj\stm32f10x_exti.o
 .debug_loc     0x000029fe      0x740 ..\obj\tasks.o
 .debug_loc     0x0000313e      0x658 ..\obj\stm32f10x_usart.o
 .debug_loc     0x00003796       0xa8 ..\obj\i2c_reciever.o
 .debug_loc     0x0000383e      0x118 ..\obj\list.o
 .debug_loc     0x00003956      0x1ec ..\obj\syscalls.o
 .debug_loc     0x00003b42      0x178 ..\obj\port.o
 .debug_loc     0x00003cba      0x380 ..\obj\queue.o
 .debug_loc     0x0000403a      0x188 ..\obj\croutine.o
 .debug_loc     0x000041c2      0x118 ..\obj\misc.o
 .debug_loc     0x000042da      0x508 ..\obj\stm32f10x_spi.o
 .debug_loc     0x000047e2      0x738 ..\obj\stm32f10x_i2c.o
 .debug_loc     0x00004f1a       0xc8 ..\obj\heap_2.o

.debug_pubnames
                0x00000000     0x1ec0
 .debug_pubnames
                0x00000000      0x7b0 ..\obj\stm32f10x_tim.o
 .debug_pubnames
                0x000007b0       0x4a ..\obj\startup_stm32f10x_md_vl.o
 .debug_pubnames
                0x000007fa      0x159 ..\obj\core_cm3.o
 .debug_pubnames
                0x00000953       0x61 ..\obj\system_stm32f10x.o
 .debug_pubnames
                0x000009b4      0x19d ..\obj\stm32f10x_gpio.o
 .debug_pubnames
                0x00000b51       0x1b ..\obj\main.o
 .debug_pubnames
                0x00000b6c      0x101 ..\obj\printf.o
 .debug_pubnames
                0x00000c6d      0x2da ..\obj\stm32f10x_rcc.o
 .debug_pubnames
                0x00000f47       0xbb ..\obj\stm32f10x_exti.o
 .debug_pubnames
                0x00001002      0x28b ..\obj\tasks.o
 .debug_pubnames
                0x0000128d      0x294 ..\obj\stm32f10x_usart.o
 .debug_pubnames
                0x00001521       0x4a ..\obj\i2c_reciever.o
 .debug_pubnames
                0x0000156b       0x71 ..\obj\list.o
 .debug_pubnames
                0x000015dc       0x71 ..\obj\syscalls.o
 .debug_pubnames
                0x0000164d      0x101 ..\obj\port.o
 .debug_pubnames
                0x0000174e      0x12e ..\obj\queue.o
 .debug_pubnames
                0x0000187c       0x96 ..\obj\croutine.o
 .debug_pubnames
                0x00001912       0x89 ..\obj\misc.o
 .debug_pubnames
                0x0000199b      0x1f6 ..\obj\stm32f10x_spi.o
 .debug_pubnames
                0x00001b91      0x2cb ..\obj\stm32f10x_i2c.o
 .debug_pubnames
                0x00001e5c       0x64 ..\obj\heap_2.o

.debug_pubtypes
                0x00000000      0xcd8
 .debug_pubtypes
                0x00000000       0xd8 ..\obj\stm32f10x_tim.o
 .debug_pubtypes
                0x000000d8       0x50 ..\obj\core_cm3.o
 .debug_pubtypes
                0x00000128       0x55 ..\obj\system_stm32f10x.o
 .debug_pubtypes
                0x0000017d       0xc3 ..\obj\stm32f10x_gpio.o
 .debug_pubtypes
                0x00000240       0x5f ..\obj\main.o
 .debug_pubtypes
                0x0000029f       0x12 ..\obj\timers.o
 .debug_pubtypes
                0x000002b1      0x139 ..\obj\printf.o
 .debug_pubtypes
                0x000003ea       0x9e ..\obj\stm32f10x_rcc.o
 .debug_pubtypes
                0x00000488       0xa2 ..\obj\stm32f10x_exti.o
 .debug_pubtypes
                0x0000052a      0x10c ..\obj\tasks.o
 .debug_pubtypes
                0x00000636       0xc9 ..\obj\stm32f10x_usart.o
 .debug_pubtypes
                0x000006ff       0xad ..\obj\i2c_reciever.o
 .debug_pubtypes
                0x000007ac       0x7a ..\obj\list.o
 .debug_pubtypes
                0x00000826       0xaa ..\obj\syscalls.o
 .debug_pubtypes
                0x000008d0       0x33 ..\obj\port.o
 .debug_pubtypes
                0x00000903       0xd4 ..\obj\queue.o
 .debug_pubtypes
                0x000009d7       0xcd ..\obj\croutine.o
 .debug_pubtypes
                0x00000aa4       0x80 ..\obj\misc.o
 .debug_pubtypes
                0x00000b24       0xb6 ..\obj\stm32f10x_spi.o
 .debug_pubtypes
                0x00000bda       0xb2 ..\obj\stm32f10x_i2c.o
 .debug_pubtypes
                0x00000c8c       0x4c ..\obj\heap_2.o

.debug_aranges  0x00000000      0xdb8
 .debug_aranges
                0x00000000      0x2f0 ..\obj\stm32f10x_tim.o
 .debug_aranges
                0x000002f0       0x28 ..\obj\startup_stm32f10x_md_vl.o
 .debug_aranges
                0x00000318       0xc8 ..\obj\core_cm3.o
 .debug_aranges
                0x000003e0       0x38 ..\obj\system_stm32f10x.o
 .debug_aranges
                0x00000418       0xa8 ..\obj\stm32f10x_gpio.o
 .debug_aranges
                0x000004c0       0x28 ..\obj\main.o
 .debug_aranges
                0x000004e8       0xa0 ..\obj\printf.o
 .debug_aranges
                0x00000588      0x120 ..\obj\stm32f10x_rcc.o
 .debug_aranges
                0x000006a8       0x58 ..\obj\stm32f10x_exti.o
 .debug_aranges
                0x00000700      0x128 ..\obj\tasks.o
 .debug_aranges
                0x00000828      0x100 ..\obj\stm32f10x_usart.o
 .debug_aranges
                0x00000928       0x30 ..\obj\i2c_reciever.o
 .debug_aranges
                0x00000958       0x40 ..\obj\list.o
 .debug_aranges
                0x00000998       0x60 ..\obj\syscalls.o
 .debug_aranges
                0x000009f8       0x70 ..\obj\port.o
 .debug_aranges
                0x00000a68       0x98 ..\obj\queue.o
 .debug_aranges
                0x00000b00       0x50 ..\obj\croutine.o
 .debug_aranges
                0x00000b50       0x40 ..\obj\misc.o
 .debug_aranges
                0x00000b90       0xd0 ..\obj\stm32f10x_spi.o
 .debug_aranges
                0x00000c60      0x120 ..\obj\stm32f10x_i2c.o
 .debug_aranges
                0x00000d80       0x38 ..\obj\heap_2.o

.debug_ranges   0x00000000      0xc68
 .debug_ranges  0x00000000      0x2e0 ..\obj\stm32f10x_tim.o
 .debug_ranges  0x000002e0       0x18 ..\obj\startup_stm32f10x_md_vl.o
 .debug_ranges  0x000002f8       0xb8 ..\obj\core_cm3.o
 .debug_ranges  0x000003b0       0x28 ..\obj\system_stm32f10x.o
 .debug_ranges  0x000003d8       0x98 ..\obj\stm32f10x_gpio.o
 .debug_ranges  0x00000470       0x18 ..\obj\main.o
 .debug_ranges  0x00000488       0x90 ..\obj\printf.o
 .debug_ranges  0x00000518      0x110 ..\obj\stm32f10x_rcc.o
 .debug_ranges  0x00000628       0x48 ..\obj\stm32f10x_exti.o
 .debug_ranges  0x00000670      0x118 ..\obj\tasks.o
 .debug_ranges  0x00000788       0xf0 ..\obj\stm32f10x_usart.o
 .debug_ranges  0x00000878       0x20 ..\obj\i2c_reciever.o
 .debug_ranges  0x00000898       0x30 ..\obj\list.o
 .debug_ranges  0x000008c8       0x50 ..\obj\syscalls.o
 .debug_ranges  0x00000918       0x60 ..\obj\port.o
 .debug_ranges  0x00000978       0x88 ..\obj\queue.o
 .debug_ranges  0x00000a00       0x40 ..\obj\croutine.o
 .debug_ranges  0x00000a40       0x30 ..\obj\misc.o
 .debug_ranges  0x00000a70       0xc0 ..\obj\stm32f10x_spi.o
 .debug_ranges  0x00000b30      0x110 ..\obj\stm32f10x_i2c.o
 .debug_ranges  0x00000c40       0x28 ..\obj\heap_2.o

.debug_str      0x00000000     0x4043
 .debug_str     0x00000000      0xcaa ..\obj\stm32f10x_tim.o
                                0xd4b (size before relaxing)
 .debug_str     0x00000caa       0xc4 ..\obj\startup_stm32f10x_md_vl.o
                                 0xef (size before relaxing)
 .debug_str     0x00000d6e      0x173 ..\obj\core_cm3.o
                                0x23a (size before relaxing)
 .debug_str     0x00000ee1      0x168 ..\obj\system_stm32f10x.o
                                0x242 (size before relaxing)
 .debug_str     0x00001049      0x38f ..\obj\stm32f10x_gpio.o
                                0x487 (size before relaxing)
 .debug_str     0x000013d8       0xe1 ..\obj\main.o
                                0x299 (size before relaxing)
 .debug_str     0x000014b9       0x55 ..\obj\timers.o
                                 0xf2 (size before relaxing)
 .debug_str     0x0000150e      0x4b1 ..\obj\printf.o
                                0x616 (size before relaxing)
 .debug_str     0x000019bf      0x42e ..\obj\stm32f10x_rcc.o
                                0x5db (size before relaxing)
 .debug_str     0x00001ded      0x1e3 ..\obj\stm32f10x_exti.o
                                0x2cc (size before relaxing)
 .debug_str     0x00001fd0      0x7af ..\obj\tasks.o
                                0x8e2 (size before relaxing)
 .debug_str     0x0000277f      0x440 ..\obj\stm32f10x_usart.o
                                0x5fe (size before relaxing)
 .debug_str     0x00002bbf      0x120 ..\obj\i2c_reciever.o
                                0x370 (size before relaxing)
 .debug_str     0x00002cdf       0xe6 ..\obj\list.o
                                0x226 (size before relaxing)
 .debug_str     0x00002dc5      0x158 ..\obj\syscalls.o
                                0x296 (size before relaxing)
 .debug_str     0x00002f1d      0x15f ..\obj\port.o
                                0x22f (size before relaxing)
 .debug_str     0x0000307c      0x308 ..\obj\queue.o
                                0x4c3 (size before relaxing)
 .debug_str     0x00003384      0x28b ..\obj\croutine.o
                                0x432 (size before relaxing)
 .debug_str     0x0000360f      0x1db ..\obj\misc.o
                                0x331 (size before relaxing)
 .debug_str     0x000037ea      0x37a ..\obj\stm32f10x_spi.o
                                0x56b (size before relaxing)
 .debug_str     0x00003b64      0x349 ..\obj\stm32f10x_i2c.o
                                0x5d4 (size before relaxing)
 .debug_str     0x00003ead      0x196 ..\obj\heap_2.o
                                0x251 (size before relaxing)

.comment        0x00000000       0x2a
 .comment       0x00000000       0x2a ..\obj\stm32f10x_tim.o
                                 0x2b (size before relaxing)
 .comment       0x00000000       0x2b ..\obj\startup_stm32f10x_md_vl.o
 .comment       0x00000000       0x2b ..\obj\core_cm3.o
 .comment       0x00000000       0x2b ..\obj\system_stm32f10x.o
 .comment       0x00000000       0x2b ..\obj\stm32f10x_gpio.o
 .comment       0x00000000       0x2b ..\obj\main.o
 .comment       0x00000000       0x2b ..\obj\timers.o
 .comment       0x00000000       0x2b ..\obj\printf.o
 .comment       0x00000000       0x2b ..\obj\stm32f10x_rcc.o
 .comment       0x00000000       0x2b ..\obj\stm32f10x_exti.o
 .comment       0x00000000       0x2b ..\obj\tasks.o
 .comment       0x00000000       0x2b ..\obj\stm32f10x_usart.o
 .comment       0x00000000       0x2b ..\obj\i2c_reciever.o
 .comment       0x00000000       0x2b ..\obj\list.o
 .comment       0x00000000       0x2b ..\obj\syscalls.o
 .comment       0x00000000       0x2b ..\obj\port.o
 .comment       0x00000000       0x2b ..\obj\queue.o
 .comment       0x00000000       0x2b ..\obj\croutine.o
 .comment       0x00000000       0x2b ..\obj\misc.o
 .comment       0x00000000       0x2b ..\obj\stm32f10x_spi.o
 .comment       0x00000000       0x2b ..\obj\stm32f10x_i2c.o
 .comment       0x00000000       0x2b ..\obj\heap_2.o

.ARM.attributes
                0x00000000       0x31
 .ARM.attributes
                0x00000000       0x31 ..\obj\stm32f10x_tim.o
 .ARM.attributes
                0x00000031       0x31 ..\obj\startup_stm32f10x_md_vl.o
 .ARM.attributes
                0x00000062       0x31 ..\obj\core_cm3.o
 .ARM.attributes
                0x00000093       0x31 ..\obj\system_stm32f10x.o
 .ARM.attributes
                0x000000c4       0x31 ..\obj\stm32f10x_gpio.o
 .ARM.attributes
                0x000000f5       0x31 ..\obj\main.o
 .ARM.attributes
                0x00000126       0x31 ..\obj\timers.o
 .ARM.attributes
                0x00000157       0x31 ..\obj\printf.o
 .ARM.attributes
                0x00000188       0x31 ..\obj\stm32f10x_rcc.o
 .ARM.attributes
                0x000001b9       0x31 ..\obj\stm32f10x_exti.o
 .ARM.attributes
                0x000001ea       0x31 ..\obj\tasks.o
 .ARM.attributes
                0x0000021b       0x31 ..\obj\stm32f10x_usart.o
 .ARM.attributes
                0x0000024c       0x31 ..\obj\i2c_reciever.o
 .ARM.attributes
                0x0000027d       0x31 ..\obj\list.o
 .ARM.attributes
                0x000002ae       0x31 ..\obj\syscalls.o
 .ARM.attributes
                0x000002df       0x31 ..\obj\port.o
 .ARM.attributes
                0x00000310       0x31 ..\obj\queue.o
 .ARM.attributes
                0x00000341       0x31 ..\obj\croutine.o
 .ARM.attributes
                0x00000372       0x31 ..\obj\misc.o
 .ARM.attributes
                0x000003a3       0x31 ..\obj\stm32f10x_spi.o
 .ARM.attributes
                0x000003d4       0x31 ..\obj\stm32f10x_i2c.o
 .ARM.attributes
                0x00000405       0x31 ..\obj\heap_2.o
 .ARM.attributes
                0x00000436       0x29 C:\Program Files\CooCox\CoIDE\gcc\Sourcery G++ Lite\arm-none-eabi\lib\thumb2\libc.a(lib_a-memcpy.o)
 .ARM.attributes
                0x0000045f       0x29 C:\Program Files\CooCox\CoIDE\gcc\Sourcery G++ Lite\arm-none-eabi\lib\thumb2\libc.a(lib_a-memset.o)
 .ARM.attributes
                0x00000488       0x29 C:\Program Files\CooCox\CoIDE\gcc\Sourcery G++ Lite\arm-none-eabi\lib\thumb2\libc.a(lib_a-strncpy.o)

.debug_frame    0x00000000     0x2c00
 .debug_frame   0x00000000      0xa20 ..\obj\stm32f10x_tim.o
 .debug_frame   0x00000a20       0x48 ..\obj\startup_stm32f10x_md_vl.o
 .debug_frame   0x00000a68      0x280 ..\obj\core_cm3.o
 .debug_frame   0x00000ce8       0x80 ..\obj\system_stm32f10x.o
 .debug_frame   0x00000d68      0x210 ..\obj\stm32f10x_gpio.o
 .debug_frame   0x00000f78       0x48 ..\obj\main.o
 .debug_frame   0x00000fc0      0x244 ..\obj\printf.o
 .debug_frame   0x00001204      0x3a4 ..\obj\stm32f10x_rcc.o
 .debug_frame   0x000015a8       0xec ..\obj\stm32f10x_exti.o
 .debug_frame   0x00001694      0x420 ..\obj\tasks.o
 .debug_frame   0x00001ab4      0x344 ..\obj\stm32f10x_usart.o
 .debug_frame   0x00001df8       0x6c ..\obj\i2c_reciever.o
 .debug_frame   0x00001e64       0x9c ..\obj\list.o
 .debug_frame   0x00001f00      0x108 ..\obj\syscalls.o
 .debug_frame   0x00002008      0x110 ..\obj\port.o
 .debug_frame   0x00002118      0x204 ..\obj\queue.o
 .debug_frame   0x0000231c       0xf0 ..\obj\croutine.o
 .debug_frame   0x0000240c       0x9c ..\obj\misc.o
 .debug_frame   0x000024a8      0x29c ..\obj\stm32f10x_spi.o
 .debug_frame   0x00002744      0x3b4 ..\obj\stm32f10x_i2c.o
 .debug_frame   0x00002af8       0x80 ..\obj\heap_2.o
 .debug_frame   0x00002b78       0x30 C:\Program Files\CooCox\CoIDE\gcc\Sourcery G++ Lite\arm-none-eabi\lib\thumb2\libc.a(lib_a-memcpy.o)
 .debug_frame   0x00002ba8       0x2c C:\Program Files\CooCox\CoIDE\gcc\Sourcery G++ Lite\arm-none-eabi\lib\thumb2\libc.a(lib_a-memset.o)
 .debug_frame   0x00002bd4       0x2c C:\Program Files\CooCox\CoIDE\gcc\Sourcery G++ Lite\arm-none-eabi\lib\thumb2\libc.a(lib_a-strncpy.o)
