Archive member included because of file (symbol)

c:/program files/gnu tools arm embedded/4.9 2015q2/bin/../lib/gcc/arm-none-eabi/4.9.3/../../../../arm-none-eabi/lib/armv7-m\libg.a(lib_a-memcmp.o)
                              ..\obj\tasks.o (memcmp)
c:/program files/gnu tools arm embedded/4.9 2015q2/bin/../lib/gcc/arm-none-eabi/4.9.3/../../../../arm-none-eabi/lib/armv7-m\libg.a(lib_a-memcpy.o)
                              ..\obj\queue.o (memcpy)
c:/program files/gnu tools arm embedded/4.9 2015q2/bin/../lib/gcc/arm-none-eabi/4.9.3/../../../../arm-none-eabi/lib/armv7-m\libg.a(lib_a-memset.o)
                              ..\obj\tasks.o (memset)
c:/program files/gnu tools arm embedded/4.9 2015q2/bin/../lib/gcc/arm-none-eabi/4.9.3/../../../../arm-none-eabi/lib/armv7-m\libg.a(lib_a-strncpy.o)
                              ..\obj\tasks.o (strncpy)

Allocating common symbols
Common symbol       size              file

RecieveBuf          0x100             ..\obj\proto.o
transf_count        0x1               ..\obj\proto.o
recieve_count       0x1               ..\obj\proto.o
sym_8_to_float      0x4               ..\obj\proto.o
p_queue             0x24              ..\obj\encoder.o
COMMAND_ERR         0x1               ..\obj\proto.o
buf_len             0x1               ..\obj\proto.o
channels            0x54              ..\obj\channels.o
TransferBuf         0x100             ..\obj\proto.o
xProtoSemaphore     0x4               ..\obj\proto.o
crc_n_ERR           0x1               ..\obj\proto.o
CUT_OUT_NULL        0x1               ..\obj\proto.o
task_watches        0x10              ..\obj\watchdog.o
PROTO_HAS_START     0x1               ..\obj\proto.o

Discarded input sections

 .text          0x00000000        0x0 ..\obj\stm32f4xx_syscfg.o
 .data          0x00000000        0x0 ..\obj\stm32f4xx_syscfg.o
 .bss           0x00000000        0x0 ..\obj\stm32f4xx_syscfg.o
 .text.SYSCFG_DeInit
                0x00000000       0x1c ..\obj\stm32f4xx_syscfg.o
 .text.SYSCFG_MemoryRemapConfig
                0x00000000       0x20 ..\obj\stm32f4xx_syscfg.o
 .text.SYSCFG_EXTILineConfig
                0x00000000       0x84 ..\obj\stm32f4xx_syscfg.o
 .text.SYSCFG_ETH_MediaInterfaceConfig
                0x00000000       0x1c ..\obj\stm32f4xx_syscfg.o
 .text.SYSCFG_CompensationCellCmd
                0x00000000       0x20 ..\obj\stm32f4xx_syscfg.o
 .text.SYSCFG_GetCompensationCellStatus
                0x00000000       0x34 ..\obj\stm32f4xx_syscfg.o
 .debug_info    0x00000000      0x26c ..\obj\stm32f4xx_syscfg.o
 .debug_abbrev  0x00000000      0x131 ..\obj\stm32f4xx_syscfg.o
 .debug_aranges
                0x00000000       0x48 ..\obj\stm32f4xx_syscfg.o
 .debug_ranges  0x00000000       0x38 ..\obj\stm32f4xx_syscfg.o
 .debug_line    0x00000000      0x276 ..\obj\stm32f4xx_syscfg.o
 .debug_str     0x00000000      0x311 ..\obj\stm32f4xx_syscfg.o
 .comment       0x00000000       0x71 ..\obj\stm32f4xx_syscfg.o
 .debug_frame   0x00000000       0xf4 ..\obj\stm32f4xx_syscfg.o
 .ARM.attributes
                0x00000000       0x33 ..\obj\stm32f4xx_syscfg.o
 .text          0x00000000        0x0 ..\obj\core_cm3.o
 .data          0x00000000        0x0 ..\obj\core_cm3.o
 .bss           0x00000000        0x0 ..\obj\core_cm3.o
 .text.__get_PSP
                0x00000000       0x10 ..\obj\core_cm3.o
 .text.__set_PSP
                0x00000000        0x8 ..\obj\core_cm3.o
 .text.__get_MSP
                0x00000000       0x10 ..\obj\core_cm3.o
 .text.__set_MSP
                0x00000000        0x8 ..\obj\core_cm3.o
 .text.__get_BASEPRI
                0x00000000       0x20 ..\obj\core_cm3.o
 .text.__set_BASEPRI
                0x00000000       0x18 ..\obj\core_cm3.o
 .text.__get_PRIMASK
                0x00000000       0x20 ..\obj\core_cm3.o
 .text.__set_PRIMASK
                0x00000000       0x18 ..\obj\core_cm3.o
 .text.__get_FAULTMASK
                0x00000000       0x20 ..\obj\core_cm3.o
 .text.__set_FAULTMASK
                0x00000000       0x18 ..\obj\core_cm3.o
 .text.__get_CONTROL
                0x00000000       0x20 ..\obj\core_cm3.o
 .text.__set_CONTROL
                0x00000000       0x18 ..\obj\core_cm3.o
 .text.__REV    0x00000000       0x20 ..\obj\core_cm3.o
 .text.__REV16  0x00000000       0x24 ..\obj\core_cm3.o
 .text.__REVSH  0x00000000       0x24 ..\obj\core_cm3.o
 .text.__RBIT   0x00000000       0x24 ..\obj\core_cm3.o
 .text.__LDREXB
                0x00000000       0x24 ..\obj\core_cm3.o
 .text.__LDREXH
                0x00000000       0x24 ..\obj\core_cm3.o
 .text.__LDREXW
                0x00000000       0x24 ..\obj\core_cm3.o
 .text.__STREXB
                0x00000000       0x28 ..\obj\core_cm3.o
 .text.__STREXH
                0x00000000       0x28 ..\obj\core_cm3.o
 .text.__STREXW
                0x00000000       0x28 ..\obj\core_cm3.o
 .debug_info    0x00000000      0x527 ..\obj\core_cm3.o
 .debug_abbrev  0x00000000       0xac ..\obj\core_cm3.o
 .debug_aranges
                0x00000000       0xc8 ..\obj\core_cm3.o
 .debug_ranges  0x00000000       0xb8 ..\obj\core_cm3.o
 .debug_line    0x00000000      0x2e5 ..\obj\core_cm3.o
 .debug_str     0x00000000      0x2ed ..\obj\core_cm3.o
 .comment       0x00000000       0x71 ..\obj\core_cm3.o
 .debug_frame   0x00000000      0x320 ..\obj\core_cm3.o
 .ARM.attributes
                0x00000000       0x33 ..\obj\core_cm3.o
 .text          0x00000000        0x0 ..\obj\stm32f4xx_usart.o
 .data          0x00000000        0x0 ..\obj\stm32f4xx_usart.o
 .bss           0x00000000        0x0 ..\obj\stm32f4xx_usart.o
 .text.USART_DeInit
                0x00000000       0xd0 ..\obj\stm32f4xx_usart.o
 .text.USART_StructInit
                0x00000000       0x38 ..\obj\stm32f4xx_usart.o
 .text.USART_ClockInit
                0x00000000       0x54 ..\obj\stm32f4xx_usart.o
 .text.USART_ClockStructInit
                0x00000000       0x2c ..\obj\stm32f4xx_usart.o
 .text.USART_SetPrescaler
                0x00000000       0x38 ..\obj\stm32f4xx_usart.o
 .text.USART_OverSampling8Cmd
                0x00000000       0x44 ..\obj\stm32f4xx_usart.o
 .text.USART_OneBitMethodCmd
                0x00000000       0x40 ..\obj\stm32f4xx_usart.o
 .text.USART_SendData
                0x00000000       0x24 ..\obj\stm32f4xx_usart.o
 .text.USART_ReceiveData
                0x00000000       0x20 ..\obj\stm32f4xx_usart.o
 .text.USART_SetAddress
                0x00000000       0x38 ..\obj\stm32f4xx_usart.o
 .text.USART_ReceiverWakeUpCmd
                0x00000000       0x40 ..\obj\stm32f4xx_usart.o
 .text.USART_WakeUpConfig
                0x00000000       0x38 ..\obj\stm32f4xx_usart.o
 .text.USART_LINBreakDetectLengthConfig
                0x00000000       0x38 ..\obj\stm32f4xx_usart.o
 .text.USART_LINCmd
                0x00000000       0x40 ..\obj\stm32f4xx_usart.o
 .text.USART_SendBreak
                0x00000000       0x24 ..\obj\stm32f4xx_usart.o
 .text.USART_HalfDuplexCmd
                0x00000000       0x40 ..\obj\stm32f4xx_usart.o
 .text.USART_SetGuardTime
                0x00000000       0x3c ..\obj\stm32f4xx_usart.o
 .text.USART_SmartCardCmd
                0x00000000       0x40 ..\obj\stm32f4xx_usart.o
 .text.USART_SmartCardNACKCmd
                0x00000000       0x40 ..\obj\stm32f4xx_usart.o
 .text.USART_IrDAConfig
                0x00000000       0x38 ..\obj\stm32f4xx_usart.o
 .text.USART_IrDACmd
                0x00000000       0x40 ..\obj\stm32f4xx_usart.o
 .text.USART_DMACmd
                0x00000000       0x48 ..\obj\stm32f4xx_usart.o
 .text.USART_GetFlagStatus
                0x00000000       0x38 ..\obj\stm32f4xx_usart.o
 .text          0x00000000        0x0 ..\obj\stm32f4xx_pwr.o
 .data          0x00000000        0x0 ..\obj\stm32f4xx_pwr.o
 .bss           0x00000000        0x0 ..\obj\stm32f4xx_pwr.o
 .text.PWR_DeInit
                0x00000000       0x1c ..\obj\stm32f4xx_pwr.o
 .text.PWR_BackupAccessCmd
                0x00000000       0x20 ..\obj\stm32f4xx_pwr.o
 .text.PWR_WakeUpPinCmd
                0x00000000       0x20 ..\obj\stm32f4xx_pwr.o
 .text.PWR_BackupRegulatorCmd
                0x00000000       0x20 ..\obj\stm32f4xx_pwr.o
 .text.PWR_MainRegulatorModeConfig
                0x00000000       0x38 ..\obj\stm32f4xx_pwr.o
 .text.PWR_FlashPowerDownCmd
                0x00000000       0x20 ..\obj\stm32f4xx_pwr.o
 .text.PWR_EnterSTOPMode
                0x00000000       0x64 ..\obj\stm32f4xx_pwr.o
 .text.PWR_EnterSTANDBYMode
                0x00000000       0x3c ..\obj\stm32f4xx_pwr.o
 .text.PWR_GetFlagStatus
                0x00000000       0x34 ..\obj\stm32f4xx_pwr.o
 .text.PWR_ClearFlag
                0x00000000       0x24 ..\obj\stm32f4xx_pwr.o
 .text          0x00000000        0x0 ..\obj\proto.o
 .text          0x00000000        0x0 ..\obj\startup_stm32f4xx.o
 .data          0x00000000        0x0 ..\obj\startup_stm32f4xx.o
 .bss           0x00000000        0x0 ..\obj\startup_stm32f4xx.o
 .text          0x00000000        0x0 ..\obj\stm32f4xx_iwdg.o
 .data          0x00000000        0x0 ..\obj\stm32f4xx_iwdg.o
 .bss           0x00000000        0x0 ..\obj\stm32f4xx_iwdg.o
 .text.IWDG_GetFlagStatus
                0x00000000       0x38 ..\obj\stm32f4xx_iwdg.o
 .text          0x00000000        0x0 ..\obj\main.o
 .data          0x00000000        0x0 ..\obj\main.o
 .bss           0x00000000        0x0 ..\obj\main.o
 .text.vApplicationTickHook
                0x00000000       0x14 ..\obj\main.o
 .text          0x00000000        0x0 ..\obj\stm32f4xx_rcc.o
 .bss           0x00000000        0x0 ..\obj\stm32f4xx_rcc.o
 .text.RCC_DeInit
                0x00000000       0x50 ..\obj\stm32f4xx_rcc.o
 .text.RCC_HSEConfig
                0x00000000       0x24 ..\obj\stm32f4xx_rcc.o
 .text.RCC_WaitForHSEStartUp
                0x00000000       0x50 ..\obj\stm32f4xx_rcc.o
 .text.RCC_AdjustHSICalibrationValue
                0x00000000       0x3c ..\obj\stm32f4xx_rcc.o
 .text.RCC_HSICmd
                0x00000000       0x20 ..\obj\stm32f4xx_rcc.o
 .text.RCC_LSEConfig
                0x00000000       0x40 ..\obj\stm32f4xx_rcc.o
 .text.RCC_LSICmd
                0x00000000       0x20 ..\obj\stm32f4xx_rcc.o
 .text.RCC_PLLConfig
                0x00000000       0x3c ..\obj\stm32f4xx_rcc.o
 .text.RCC_PLLCmd
                0x00000000       0x20 ..\obj\stm32f4xx_rcc.o
 .text.RCC_PLLI2SConfig
                0x00000000       0x28 ..\obj\stm32f4xx_rcc.o
 .text.RCC_PLLI2SCmd
                0x00000000       0x20 ..\obj\stm32f4xx_rcc.o
 .text.RCC_ClockSecuritySystemCmd
                0x00000000       0x20 ..\obj\stm32f4xx_rcc.o
 .text.RCC_MCO1Config
                0x00000000       0x3c ..\obj\stm32f4xx_rcc.o
 .text.RCC_MCO2Config
                0x00000000       0x3c ..\obj\stm32f4xx_rcc.o
 .text.RCC_SYSCLKConfig
                0x00000000       0x38 ..\obj\stm32f4xx_rcc.o
 .text.RCC_GetSYSCLKSource
                0x00000000       0x20 ..\obj\stm32f4xx_rcc.o
 .text.RCC_HCLKConfig
                0x00000000       0x38 ..\obj\stm32f4xx_rcc.o
 .text.RCC_PCLK1Config
                0x00000000       0x38 ..\obj\stm32f4xx_rcc.o
 .text.RCC_PCLK2Config
                0x00000000       0x38 ..\obj\stm32f4xx_rcc.o
 .text.RCC_RTCCLKConfig
                0x00000000       0x5c ..\obj\stm32f4xx_rcc.o
 .text.RCC_RTCCLKCmd
                0x00000000       0x20 ..\obj\stm32f4xx_rcc.o
 .text.RCC_BackupResetCmd
                0x00000000       0x20 ..\obj\stm32f4xx_rcc.o
 .text.RCC_I2SCLKConfig
                0x00000000       0x1c ..\obj\stm32f4xx_rcc.o
 .text.RCC_AHB2PeriphClockCmd
                0x00000000       0x3c ..\obj\stm32f4xx_rcc.o
 .text.RCC_AHB3PeriphClockCmd
                0x00000000       0x3c ..\obj\stm32f4xx_rcc.o
 .text.RCC_APB2PeriphClockCmd
                0x00000000       0x3c ..\obj\stm32f4xx_rcc.o
 .text.RCC_AHB1PeriphResetCmd
                0x00000000       0x3c ..\obj\stm32f4xx_rcc.o
 .text.RCC_AHB2PeriphResetCmd
                0x00000000       0x3c ..\obj\stm32f4xx_rcc.o
 .text.RCC_AHB3PeriphResetCmd
                0x00000000       0x3c ..\obj\stm32f4xx_rcc.o
 .text.RCC_APB1PeriphResetCmd
                0x00000000       0x3c ..\obj\stm32f4xx_rcc.o
 .text.RCC_APB2PeriphResetCmd
                0x00000000       0x3c ..\obj\stm32f4xx_rcc.o
 .text.RCC_AHB1PeriphClockLPModeCmd
                0x00000000       0x3c ..\obj\stm32f4xx_rcc.o
 .text.RCC_AHB2PeriphClockLPModeCmd
                0x00000000       0x3c ..\obj\stm32f4xx_rcc.o
 .text.RCC_AHB3PeriphClockLPModeCmd
                0x00000000       0x3c ..\obj\stm32f4xx_rcc.o
 .text.RCC_APB1PeriphClockLPModeCmd
                0x00000000       0x3c ..\obj\stm32f4xx_rcc.o
 .text.RCC_APB2PeriphClockLPModeCmd
                0x00000000       0x3c ..\obj\stm32f4xx_rcc.o
 .text.RCC_ITConfig
                0x00000000       0x4c ..\obj\stm32f4xx_rcc.o
 .text.RCC_GetFlagStatus
                0x00000000       0x74 ..\obj\stm32f4xx_rcc.o
 .text.RCC_ClearFlag
                0x00000000       0x1c ..\obj\stm32f4xx_rcc.o
 .text.RCC_GetITStatus
                0x00000000       0x38 ..\obj\stm32f4xx_rcc.o
 .text.RCC_ClearITPendingBit
                0x00000000       0x20 ..\obj\stm32f4xx_rcc.o
 .text          0x00000000        0x0 ..\obj\timers.o
 .data          0x00000000        0x0 ..\obj\timers.o
 .bss           0x00000000        0x0 ..\obj\timers.o
 .debug_info    0x00000000       0x4b ..\obj\timers.o
 .debug_abbrev  0x00000000       0x24 ..\obj\timers.o
 .debug_aranges
                0x00000000       0x18 ..\obj\timers.o
 .debug_line    0x00000000       0x1d ..\obj\timers.o
 .debug_str     0x00000000      0x130 ..\obj\timers.o
 .comment       0x00000000       0x71 ..\obj\timers.o
 .ARM.attributes
                0x00000000       0x33 ..\obj\timers.o
 .text          0x00000000        0x0 ..\obj\encoder.o
 .text          0x00000000        0x0 ..\obj\watchdog.o
 .data          0x00000000        0x0 ..\obj\watchdog.o
 .bss           0x00000000        0x0 ..\obj\watchdog.o
 .text          0x00000000        0x0 ..\obj\tasks.o
 .text.vTaskDelete
                0x00000000       0x98 ..\obj\tasks.o
 .text.vTaskDelayUntil
                0x00000000       0xb8 ..\obj\tasks.o
 .text.vTaskPrioritySet
                0x00000000      0x108 ..\obj\tasks.o
 .text.vTaskSuspend
                0x00000000       0x98 ..\obj\tasks.o
 .text.xTaskIsTaskSuspended
                0x00000000       0x58 ..\obj\tasks.o
 .text.vTaskResume
                0x00000000       0xa0 ..\obj\tasks.o
 .text.xTaskResumeFromISR
                0x00000000       0xc4 ..\obj\tasks.o
 .text.vTaskEndScheduler
                0x00000000       0x1c ..\obj\tasks.o
 .text.xTaskGetTickCount
                0x00000000       0x24 ..\obj\tasks.o
 .text.xTaskGetTickCountFromISR
                0x00000000       0x34 ..\obj\tasks.o
 .text.uxTaskGetNumberOfTasks
                0x00000000       0x18 ..\obj\tasks.o
 .text          0x00000000        0x0 ..\obj\stm32f4xx_gpio.o
 .data          0x00000000        0x0 ..\obj\stm32f4xx_gpio.o
 .bss           0x00000000        0x0 ..\obj\stm32f4xx_gpio.o
 .text.GPIO_DeInit
                0x00000000      0x120 ..\obj\stm32f4xx_gpio.o
 .text.GPIO_StructInit
                0x00000000       0x34 ..\obj\stm32f4xx_gpio.o
 .text.GPIO_PinLockConfig
                0x00000000       0x44 ..\obj\stm32f4xx_gpio.o
 .text.GPIO_ReadInputData
                0x00000000       0x1c ..\obj\stm32f4xx_gpio.o
 .text.GPIO_ReadOutputDataBit
                0x00000000       0x34 ..\obj\stm32f4xx_gpio.o
 .text.GPIO_ReadOutputData
                0x00000000       0x1c ..\obj\stm32f4xx_gpio.o
 .text.GPIO_SetBits
                0x00000000       0x1c ..\obj\stm32f4xx_gpio.o
 .text.GPIO_ResetBits
                0x00000000       0x1c ..\obj\stm32f4xx_gpio.o
 .text.GPIO_WriteBit
                0x00000000       0x30 ..\obj\stm32f4xx_gpio.o
 .text.GPIO_Write
                0x00000000       0x1c ..\obj\stm32f4xx_gpio.o
 .text.GPIO_ToggleBits
                0x00000000       0x24 ..\obj\stm32f4xx_gpio.o
 .text          0x00000000        0x0 ..\obj\list.o
 .data          0x00000000        0x0 ..\obj\list.o
 .bss           0x00000000        0x0 ..\obj\list.o
 .text          0x00000000        0x0 ..\obj\system_stm32f4xx.o
 .data          0x00000000       0x14 ..\obj\system_stm32f4xx.o
 .bss           0x00000000        0x0 ..\obj\system_stm32f4xx.o
 .text.SystemCoreClockUpdate
                0x00000000       0xf8 ..\obj\system_stm32f4xx.o
 .text          0x00000000        0x0 ..\obj\syscalls.o
 .data          0x00000000        0x0 ..\obj\syscalls.o
 .bss           0x00000000        0x4 ..\obj\syscalls.o
 .text._sbrk    0x00000000       0x40 ..\obj\syscalls.o
 .text.link     0x00000000       0x1c ..\obj\syscalls.o
 .text._close   0x00000000       0x18 ..\obj\syscalls.o
 .text._fstat   0x00000000       0x20 ..\obj\syscalls.o
 .text._isatty  0x00000000       0x18 ..\obj\syscalls.o
 .text._lseek   0x00000000       0x1c ..\obj\syscalls.o
 .text._read    0x00000000       0x1c ..\obj\syscalls.o
 .text._write   0x00000000       0x1c ..\obj\syscalls.o
 .text.abort    0x00000000        0x8 ..\obj\syscalls.o
 .debug_info    0x00000000      0x3ee ..\obj\syscalls.o
 .debug_abbrev  0x00000000       0xe2 ..\obj\syscalls.o
 .debug_aranges
                0x00000000       0x60 ..\obj\syscalls.o
 .debug_ranges  0x00000000       0x50 ..\obj\syscalls.o
 .debug_line    0x00000000      0x18a ..\obj\syscalls.o
 .debug_str     0x00000000      0x315 ..\obj\syscalls.o
 .comment       0x00000000       0x71 ..\obj\syscalls.o
 .debug_frame   0x00000000      0x168 ..\obj\syscalls.o
 .ARM.attributes
                0x00000000       0x33 ..\obj\syscalls.o
 .text          0x00000000        0x0 ..\obj\port.o
 .bss           0x00000000        0x0 ..\obj\port.o
 .rodata        0x00000000        0x4 ..\obj\port.o
 .text.vPortEndScheduler
                0x00000000        0xc ..\obj\port.o
 .text          0x00000000        0x0 ..\obj\queue.o
 .data          0x00000000        0x0 ..\obj\queue.o
 .bss           0x00000000        0x0 ..\obj\queue.o
 .text.xQueueCreateMutex
                0x00000000       0x8c ..\obj\queue.o
 .text.xQueueReceiveFromISR
                0x00000000       0xbc ..\obj\queue.o
 .text.uxQueueMessagesWaiting
                0x00000000       0x30 ..\obj\queue.o
 .text.uxQueueMessagesWaitingFromISR
                0x00000000       0x2c ..\obj\queue.o
 .text.vQueueDelete
                0x00000000       0x30 ..\obj\queue.o
 .text.xQueueIsQueueEmptyFromISR
                0x00000000       0x38 ..\obj\queue.o
 .text.xQueueIsQueueFullFromISR
                0x00000000       0x3c ..\obj\queue.o
 .text          0x00000000        0x0 ..\obj\address_dev.o
 .data          0x00000000        0x0 ..\obj\address_dev.o
 .bss           0x00000000        0x0 ..\obj\address_dev.o
 .text          0x00000000        0x0 ..\obj\croutine.o
 .data          0x00000000        0x0 ..\obj\croutine.o
 .bss           0x00000000       0x80 ..\obj\croutine.o
 .text.xCoRoutineCreate
                0x00000000       0xcc ..\obj\croutine.o
 .text.vCoRoutineAddToDelayedList
                0x00000000       0x84 ..\obj\croutine.o
 .text.prvCheckPendingReadyList
                0x00000000       0x80 ..\obj\croutine.o
 .text.prvCheckDelayedList
                0x00000000       0xfc ..\obj\croutine.o
 .text.vCoRoutineSchedule
                0x00000000       0xa0 ..\obj\croutine.o
 .text.prvInitialiseCoRoutineLists
                0x00000000       0x68 ..\obj\croutine.o
 .text.xCoRoutineRemoveFromEventList
                0x00000000       0x50 ..\obj\croutine.o
 .debug_info    0x00000000      0x468 ..\obj\croutine.o
 .debug_abbrev  0x00000000      0x185 ..\obj\croutine.o
 .debug_aranges
                0x00000000       0x50 ..\obj\croutine.o
 .debug_ranges  0x00000000       0x40 ..\obj\croutine.o
 .debug_line    0x00000000      0x29f ..\obj\croutine.o
 .debug_str     0x00000000      0x470 ..\obj\croutine.o
 .comment       0x00000000       0x71 ..\obj\croutine.o
 .debug_frame   0x00000000      0x10c ..\obj\croutine.o
 .ARM.attributes
                0x00000000       0x33 ..\obj\croutine.o
 .text          0x00000000        0x0 ..\obj\channels.o
 .data          0x00000000        0x0 ..\obj\channels.o
 .bss           0x00000000        0x0 ..\obj\channels.o
 .text          0x00000000        0x0 ..\obj\stm32f4xx_exti.o
 .data          0x00000000        0x0 ..\obj\stm32f4xx_exti.o
 .bss           0x00000000        0x0 ..\obj\stm32f4xx_exti.o
 .text.EXTI_DeInit
                0x00000000       0x34 ..\obj\stm32f4xx_exti.o
 .text.EXTI_StructInit
                0x00000000       0x2c ..\obj\stm32f4xx_exti.o
 .text.EXTI_GenerateSWInterrupt
                0x00000000       0x24 ..\obj\stm32f4xx_exti.o
 .text.EXTI_GetFlagStatus
                0x00000000       0x34 ..\obj\stm32f4xx_exti.o
 .text.EXTI_ClearFlag
                0x00000000       0x1c ..\obj\stm32f4xx_exti.o
 .text          0x00000000        0x0 ..\obj\misc.o
 .data          0x00000000        0x0 ..\obj\misc.o
 .bss           0x00000000        0x0 ..\obj\misc.o
 .text.NVIC_SetVectorTable
                0x00000000       0x2c ..\obj\misc.o
 .text.NVIC_SystemLPConfig
                0x00000000       0x40 ..\obj\misc.o
 .text.SysTick_CLKSourceConfig
                0x00000000       0x38 ..\obj\misc.o
 .text          0x00000000        0x0 ..\obj\heap_1.o
 .data          0x00000000        0x0 ..\obj\heap_1.o
 .text.vPortInitialiseBlocks
                0x00000000       0x18 ..\obj\heap_1.o
 .text          0x00000000        0x0 ..\obj\stm32f4xx_tim.o
 .data          0x00000000        0x0 ..\obj\stm32f4xx_tim.o
 .bss           0x00000000        0x0 ..\obj\stm32f4xx_tim.o
 .text.TIM_DeInit
                0x00000000      0x1bc ..\obj\stm32f4xx_tim.o
 .text.TIM_PrescalerConfig
                0x00000000       0x28 ..\obj\stm32f4xx_tim.o
 .text.TIM_CounterModeConfig
                0x00000000       0x38 ..\obj\stm32f4xx_tim.o
 .text.TIM_SetCounter
                0x00000000       0x1c ..\obj\stm32f4xx_tim.o
 .text.TIM_SetAutoreload
                0x00000000       0x1c ..\obj\stm32f4xx_tim.o
 .text.TIM_GetCounter
                0x00000000       0x18 ..\obj\stm32f4xx_tim.o
 .text.TIM_GetPrescaler
                0x00000000       0x1c ..\obj\stm32f4xx_tim.o
 .text.TIM_UpdateDisableConfig
                0x00000000       0x40 ..\obj\stm32f4xx_tim.o
 .text.TIM_UpdateRequestConfig
                0x00000000       0x40 ..\obj\stm32f4xx_tim.o
 .text.TIM_ARRPreloadConfig
                0x00000000       0x40 ..\obj\stm32f4xx_tim.o
 .text.TIM_SelectOnePulseMode
                0x00000000       0x38 ..\obj\stm32f4xx_tim.o
 .text.TIM_SetClockDivision
                0x00000000       0x38 ..\obj\stm32f4xx_tim.o
 .text.TIM_OC1Init
                0x00000000       0xf4 ..\obj\stm32f4xx_tim.o
 .text.TIM_OC2Init
                0x00000000      0x110 ..\obj\stm32f4xx_tim.o
 .text.TIM_OC3Init
                0x00000000      0x10c ..\obj\stm32f4xx_tim.o
 .text.TIM_OC4Init
                0x00000000       0xcc ..\obj\stm32f4xx_tim.o
 .text.TIM_OCStructInit
                0x00000000       0x44 ..\obj\stm32f4xx_tim.o
 .text.TIM_SelectOCxM
                0x00000000       0xb0 ..\obj\stm32f4xx_tim.o
 .text.TIM_SetCompare1
                0x00000000       0x1c ..\obj\stm32f4xx_tim.o
 .text.TIM_SetCompare2
                0x00000000       0x1c ..\obj\stm32f4xx_tim.o
 .text.TIM_SetCompare3
                0x00000000       0x1c ..\obj\stm32f4xx_tim.o
 .text.TIM_SetCompare4
                0x00000000       0x1c ..\obj\stm32f4xx_tim.o
 .text.TIM_ForcedOC1Config
                0x00000000       0x38 ..\obj\stm32f4xx_tim.o
 .text.TIM_ForcedOC2Config
                0x00000000       0x3c ..\obj\stm32f4xx_tim.o
 .text.TIM_ForcedOC3Config
                0x00000000       0x38 ..\obj\stm32f4xx_tim.o
 .text.TIM_ForcedOC4Config
                0x00000000       0x3c ..\obj\stm32f4xx_tim.o
 .text.TIM_OC1PreloadConfig
                0x00000000       0x38 ..\obj\stm32f4xx_tim.o
 .text.TIM_OC2PreloadConfig
                0x00000000       0x3c ..\obj\stm32f4xx_tim.o
 .text.TIM_OC3PreloadConfig
                0x00000000       0x38 ..\obj\stm32f4xx_tim.o
 .text.TIM_OC4PreloadConfig
                0x00000000       0x3c ..\obj\stm32f4xx_tim.o
 .text.TIM_OC1FastConfig
                0x00000000       0x38 ..\obj\stm32f4xx_tim.o
 .text.TIM_OC2FastConfig
                0x00000000       0x3c ..\obj\stm32f4xx_tim.o
 .text.TIM_OC3FastConfig
                0x00000000       0x38 ..\obj\stm32f4xx_tim.o
 .text.TIM_OC4FastConfig
                0x00000000       0x3c ..\obj\stm32f4xx_tim.o
 .text.TIM_ClearOC1Ref
                0x00000000       0x38 ..\obj\stm32f4xx_tim.o
 .text.TIM_ClearOC2Ref
                0x00000000       0x3c ..\obj\stm32f4xx_tim.o
 .text.TIM_ClearOC3Ref
                0x00000000       0x38 ..\obj\stm32f4xx_tim.o
 .text.TIM_ClearOC4Ref
                0x00000000       0x3c ..\obj\stm32f4xx_tim.o
 .text.TIM_OC1PolarityConfig
                0x00000000       0x38 ..\obj\stm32f4xx_tim.o
 .text.TIM_OC1NPolarityConfig
                0x00000000       0x38 ..\obj\stm32f4xx_tim.o
 .text.TIM_OC2PolarityConfig
                0x00000000       0x3c ..\obj\stm32f4xx_tim.o
 .text.TIM_OC2NPolarityConfig
                0x00000000       0x3c ..\obj\stm32f4xx_tim.o
 .text.TIM_OC3PolarityConfig
                0x00000000       0x3c ..\obj\stm32f4xx_tim.o
 .text.TIM_OC3NPolarityConfig
                0x00000000       0x3c ..\obj\stm32f4xx_tim.o
 .text.TIM_OC4PolarityConfig
                0x00000000       0x3c ..\obj\stm32f4xx_tim.o
 .text.TIM_CCxCmd
                0x00000000       0x54 ..\obj\stm32f4xx_tim.o
 .text.TIM_CCxNCmd
                0x00000000       0x54 ..\obj\stm32f4xx_tim.o
 .text.TIM_ICInit
                0x00000000       0xa8 ..\obj\stm32f4xx_tim.o
 .text.TIM_ICStructInit
                0x00000000       0x30 ..\obj\stm32f4xx_tim.o
 .text.TIM_PWMIConfig
                0x00000000       0xb8 ..\obj\stm32f4xx_tim.o
 .text.TIM_GetCapture1
                0x00000000       0x18 ..\obj\stm32f4xx_tim.o
 .text.TIM_GetCapture2
                0x00000000       0x18 ..\obj\stm32f4xx_tim.o
 .text.TIM_GetCapture3
                0x00000000       0x18 ..\obj\stm32f4xx_tim.o
 .text.TIM_GetCapture4
                0x00000000       0x18 ..\obj\stm32f4xx_tim.o
 .text.TIM_SetIC1Prescaler
                0x00000000       0x38 ..\obj\stm32f4xx_tim.o
 .text.TIM_SetIC2Prescaler
                0x00000000       0x3c ..\obj\stm32f4xx_tim.o
 .text.TIM_SetIC3Prescaler
                0x00000000       0x38 ..\obj\stm32f4xx_tim.o
 .text.TIM_SetIC4Prescaler
                0x00000000       0x3c ..\obj\stm32f4xx_tim.o
 .text.TIM_BDTRConfig
                0x00000000       0x50 ..\obj\stm32f4xx_tim.o
 .text.TIM_BDTRStructInit
                0x00000000       0x3c ..\obj\stm32f4xx_tim.o
 .text.TIM_CtrlPWMOutputs
                0x00000000       0x4c ..\obj\stm32f4xx_tim.o
 .text.TIM_SelectCOM
                0x00000000       0x40 ..\obj\stm32f4xx_tim.o
 .text.TIM_CCPreloadControl
                0x00000000       0x40 ..\obj\stm32f4xx_tim.o
 .text.TIM_GenerateEvent
                0x00000000       0x1c ..\obj\stm32f4xx_tim.o
 .text.TIM_GetFlagStatus
                0x00000000       0x38 ..\obj\stm32f4xx_tim.o
 .text.TIM_ClearFlag
                0x00000000       0x20 ..\obj\stm32f4xx_tim.o
 .text.TIM_GetITStatus
                0x00000000       0x54 ..\obj\stm32f4xx_tim.o
 .text.TIM_DMAConfig
                0x00000000       0x28 ..\obj\stm32f4xx_tim.o
 .text.TIM_DMACmd
                0x00000000       0x48 ..\obj\stm32f4xx_tim.o
 .text.TIM_SelectCCDMA
                0x00000000       0x40 ..\obj\stm32f4xx_tim.o
 .text.TIM_InternalClockConfig
                0x00000000       0x24 ..\obj\stm32f4xx_tim.o
 .text.TIM_ITRxExternalClockConfig
                0x00000000       0x2c ..\obj\stm32f4xx_tim.o
 .text.TIM_TIxExternalClockConfig
                0x00000000       0x60 ..\obj\stm32f4xx_tim.o
 .text.TIM_ETRClockMode1Config
                0x00000000       0x5c ..\obj\stm32f4xx_tim.o
 .text.TIM_ETRClockMode2Config
                0x00000000       0x3c ..\obj\stm32f4xx_tim.o
 .text.TIM_SelectInputTrigger
                0x00000000       0x38 ..\obj\stm32f4xx_tim.o
 .text.TIM_SelectOutputTrigger
                0x00000000       0x38 ..\obj\stm32f4xx_tim.o
 .text.TIM_SelectSlaveMode
                0x00000000       0x38 ..\obj\stm32f4xx_tim.o
 .text.TIM_SelectMasterSlaveMode
                0x00000000       0x38 ..\obj\stm32f4xx_tim.o
 .text.TIM_ETRConfig
                0x00000000       0x54 ..\obj\stm32f4xx_tim.o
 .text.TIM_SelectHallSensor
                0x00000000       0x40 ..\obj\stm32f4xx_tim.o
 .text.TIM_RemapConfig
                0x00000000       0x20 ..\obj\stm32f4xx_tim.o
 .text.TI1_Config
                0x00000000       0x84 ..\obj\stm32f4xx_tim.o
 .text.TI2_Config
                0x00000000       0x98 ..\obj\stm32f4xx_tim.o
 .text.TI3_Config
                0x00000000       0x90 ..\obj\stm32f4xx_tim.o
 .text.TI4_Config
                0x00000000       0x9c ..\obj\stm32f4xx_tim.o
 .text          0x00000000        0x0 ..\obj\power_detector.o
 .data          0x00000000        0x0 ..\obj\power_detector.o
 .bss           0x00000000        0x0 ..\obj\power_detector.o
 .text          0x00000000        0x0 c:/program files/gnu tools arm embedded/4.9 2015q2/bin/../lib/gcc/arm-none-eabi/4.9.3/../../../../arm-none-eabi/lib/armv7-m\libg.a(lib_a-memcmp.o)
 .data          0x00000000        0x0 c:/program files/gnu tools arm embedded/4.9 2015q2/bin/../lib/gcc/arm-none-eabi/4.9.3/../../../../arm-none-eabi/lib/armv7-m\libg.a(lib_a-memcmp.o)
 .bss           0x00000000        0x0 c:/program files/gnu tools arm embedded/4.9 2015q2/bin/../lib/gcc/arm-none-eabi/4.9.3/../../../../arm-none-eabi/lib/armv7-m\libg.a(lib_a-memcmp.o)
 .data          0x00000000        0x0 c:/program files/gnu tools arm embedded/4.9 2015q2/bin/../lib/gcc/arm-none-eabi/4.9.3/../../../../arm-none-eabi/lib/armv7-m\libg.a(lib_a-memcpy.o)
 .bss           0x00000000        0x0 c:/program files/gnu tools arm embedded/4.9 2015q2/bin/../lib/gcc/arm-none-eabi/4.9.3/../../../../arm-none-eabi/lib/armv7-m\libg.a(lib_a-memcpy.o)
 .text          0x00000000        0x0 c:/program files/gnu tools arm embedded/4.9 2015q2/bin/../lib/gcc/arm-none-eabi/4.9.3/../../../../arm-none-eabi/lib/armv7-m\libg.a(lib_a-memset.o)
 .data          0x00000000        0x0 c:/program files/gnu tools arm embedded/4.9 2015q2/bin/../lib/gcc/arm-none-eabi/4.9.3/../../../../arm-none-eabi/lib/armv7-m\libg.a(lib_a-memset.o)
 .bss           0x00000000        0x0 c:/program files/gnu tools arm embedded/4.9 2015q2/bin/../lib/gcc/arm-none-eabi/4.9.3/../../../../arm-none-eabi/lib/armv7-m\libg.a(lib_a-memset.o)
 .text          0x00000000        0x0 c:/program files/gnu tools arm embedded/4.9 2015q2/bin/../lib/gcc/arm-none-eabi/4.9.3/../../../../arm-none-eabi/lib/armv7-m\libg.a(lib_a-strncpy.o)
 .data          0x00000000        0x0 c:/program files/gnu tools arm embedded/4.9 2015q2/bin/../lib/gcc/arm-none-eabi/4.9.3/../../../../arm-none-eabi/lib/armv7-m\libg.a(lib_a-strncpy.o)
 .bss           0x00000000        0x0 c:/program files/gnu tools arm embedded/4.9 2015q2/bin/../lib/gcc/arm-none-eabi/4.9.3/../../../../arm-none-eabi/lib/armv7-m\libg.a(lib_a-strncpy.o)

Memory Configuration

Name             Origin             Length             Attributes
rom              0x08000000         0x00100000         xr
ram              0x20000000         0x00020000         xrw
*default*        0x00000000         0xffffffff

Linker script and memory map

                0x20020000                _eram = 0x20020000

.text           0x08000000     0x3c18
 *(.isr_vector)
 .isr_vector    0x08000000      0x188 ..\obj\startup_stm32f4xx.o
                0x08000000                g_pfnVectors
 *(.text*)
 .text.USART_Init
                0x08000188      0x178 ..\obj\stm32f4xx_usart.o
                0x08000188                USART_Init
 .text.USART_Cmd
                0x08000300       0x40 ..\obj\stm32f4xx_usart.o
                0x08000300                USART_Cmd
 .text.USART_ITConfig
                0x08000340       0x90 ..\obj\stm32f4xx_usart.o
                0x08000340                USART_ITConfig
 .text.USART_ClearFlag
                0x080003d0       0x20 ..\obj\stm32f4xx_usart.o
                0x080003d0                USART_ClearFlag
 .text.USART_GetITStatus
                0x080003f0       0xb8 ..\obj\stm32f4xx_usart.o
                0x080003f0                USART_GetITStatus
 .text.USART_ClearITPendingBit
                0x080004a8       0x38 ..\obj\stm32f4xx_usart.o
                0x080004a8                USART_ClearITPendingBit
 .text.PWR_PVDLevelConfig
                0x080004e0       0x38 ..\obj\stm32f4xx_pwr.o
                0x080004e0                PWR_PVDLevelConfig
 .text.PWR_PVDCmd
                0x08000518       0x20 ..\obj\stm32f4xx_pwr.o
                0x08000518                PWR_PVDCmd
 .text.NVIC_EnableIRQ
                0x08000538       0x30 ..\obj\proto.o
 .text.USART3_IRQHandler
                0x08000568      0x29c ..\obj\proto.o
                0x08000568                USART3_IRQHandler
 .text.Proto_Init
                0x08000804      0x1e8 ..\obj\proto.o
                0x08000804                Proto_Init
 .text.Send_Info
                0x080009ec      0x170 ..\obj\proto.o
                0x080009ec                Send_Info
 .text.Node_Full_Init
                0x08000b5c       0x10 ..\obj\proto.o
                0x08000b5c                Node_Full_Init
 .text.Channel_List_Init
                0x08000b6c       0x10 ..\obj\proto.o
                0x08000b6c                Channel_List_Init
 .text.Channel_Get_Data
                0x08000b7c       0x10 ..\obj\proto.o
                0x08000b7c                Channel_Get_Data
 .text.Channel_Set_Parameters
                0x08000b8c       0x10 ..\obj\proto.o
                0x08000b8c                Channel_Set_Parameters
 .text.Channel_Set_Order_Query
                0x08000b9c       0x10 ..\obj\proto.o
                0x08000b9c                Channel_Set_Order_Query
 .text.Channel_Get_Data_Order
                0x08000bac       0x10 ..\obj\proto.o
                0x08000bac                Channel_Get_Data_Order
 .text.Channel_Set_State
                0x08000bbc       0x10 ..\obj\proto.o
                0x08000bbc                Channel_Set_State
 .text.Channel_Get_Data_Order_M2
                0x08000bcc       0x10 ..\obj\proto.o
                0x08000bcc                Channel_Get_Data_Order_M2
 .text.Channel_Set_Reset_State_Flags
                0x08000bdc       0x1c ..\obj\proto.o
                0x08000bdc                Channel_Set_Reset_State_Flags
 .text.Channel_All_Get_Data
                0x08000bf8      0x2b8 ..\obj\proto.o
                0x08000bf8                Channel_All_Get_Data
 .text.Request_Error
                0x08000eb0       0x70 ..\obj\proto.o
                0x08000eb0                Request_Error
 .text.ProtoBufHandling
                0x08000f20      0x124 ..\obj\proto.o
                0x08000f20                ProtoBufHandling
 .text.ProtoProcess
                0x08001044      0x134 ..\obj\proto.o
                0x08001044                ProtoProcess
 .text.CRC_Check
                0x08001178       0x70 ..\obj\proto.o
                0x08001178                CRC_Check
 .text.Default_Reset_Handler
                0x080011e8       0x58 ..\obj\startup_stm32f4xx.o
                0x080011e8                Default_Reset_Handler
                0x080011e8                Reset_Handler
 .text.Default_Handler
                0x08001240        0x8 ..\obj\startup_stm32f4xx.o
                0x08001240                RTC_Alarm_IRQHandler
                0x08001240                HASH_RNG_IRQHandler
                0x08001240                EXTI2_IRQHandler
                0x08001240                TIM8_CC_IRQHandler
                0x08001240                DebugMon_Handler
                0x08001240                TIM1_CC_IRQHandler
                0x08001240                DMA2_Stream5_IRQHandler
                0x08001240                HardFault_Handler
                0x08001240                DMA1_Stream5_IRQHandler
                0x08001240                SDIO_IRQHandler
                0x08001240                TAMP_STAMP_IRQHandler
                0x08001240                NMI_Handler
                0x08001240                CAN2_RX1_IRQHandler
                0x08001240                EXTI3_IRQHandler
                0x08001240                TIM8_TRG_COM_TIM14_IRQHandler
                0x08001240                TIM1_UP_TIM10_IRQHandler
                0x08001240                TIM8_UP_TIM13_IRQHandler
                0x08001240                I2C3_ER_IRQHandler
                0x08001240                EXTI0_IRQHandler
                0x08001240                I2C2_EV_IRQHandler
                0x08001240                DMA1_Stream2_IRQHandler
                0x08001240                CAN1_RX0_IRQHandler
                0x08001240                FPU_IRQHandler
                0x08001240                OTG_HS_WKUP_IRQHandler
                0x08001240                UsageFault_Handler
                0x08001240                CAN2_SCE_IRQHandler
                0x08001240                DMA2_Stream2_IRQHandler
                0x08001240                SPI1_IRQHandler
                0x08001240                TIM6_DAC_IRQHandler
                0x08001240                TIM1_BRK_TIM9_IRQHandler
                0x08001240                DCMI_IRQHandler
                0x08001240                CAN2_RX0_IRQHandler
                0x08001240                DMA2_Stream3_IRQHandler
                0x08001240                USART6_IRQHandler
                0x08001240                CRYP_IRQHandler
                0x08001240                CAN1_RX1_IRQHandler
                0x08001240                UART5_IRQHandler
                0x08001240                DMA2_Stream0_IRQHandler
                0x08001240                I2C1_EV_IRQHandler
                0x08001240                DMA1_Stream6_IRQHandler
                0x08001240                DMA1_Stream1_IRQHandler
                0x08001240                UART4_IRQHandler
                0x08001240                RCC_IRQHandler
                0x08001240                TIM8_BRK_TIM12_IRQHandler
                0x08001240                EXTI15_10_IRQHandler
                0x08001240                ADC_IRQHandler
                0x08001240                DMA1_Stream7_IRQHandler
                0x08001240                TIM7_IRQHandler
                0x08001240                CAN2_TX_IRQHandler
                0x08001240                TIM5_IRQHandler
                0x08001240                DMA2_Stream7_IRQHandler
                0x08001240                I2C3_EV_IRQHandler
                0x08001240                EXTI9_5_IRQHandler
                0x08001240                RTC_WKUP_IRQHandler
                0x08001240                ETH_WKUP_IRQHandler
                0x08001240                SPI2_IRQHandler
                0x08001240                OTG_HS_EP1_IN_IRQHandler
                0x08001240                MemManage_Handler
                0x08001240                DMA1_Stream0_IRQHandler
                0x08001240                CAN1_TX_IRQHandler
                0x08001240                EXTI4_IRQHandler
                0x08001240                FSMC_IRQHandler
                0x08001240                ETH_IRQHandler
                0x08001240                OTG_HS_EP1_OUT_IRQHandler
                0x08001240                WWDG_IRQHandler
                0x08001240                OTG_FS_WKUP_IRQHandler
                0x08001240                TIM1_TRG_COM_TIM11_IRQHandler
                0x08001240                OTG_HS_IRQHandler
                0x08001240                EXTI1_IRQHandler
                0x08001240                USART2_IRQHandler
                0x08001240                I2C2_ER_IRQHandler
                0x08001240                DMA2_Stream1_IRQHandler
                0x08001240                CAN1_SCE_IRQHandler
                0x08001240                FLASH_IRQHandler
                0x08001240                DMA2_Stream4_IRQHandler
                0x08001240                BusFault_Handler
                0x08001240                USART1_IRQHandler
                0x08001240                OTG_FS_IRQHandler
                0x08001240                SPI3_IRQHandler
                0x08001240                DMA1_Stream4_IRQHandler
                0x08001240                I2C1_ER_IRQHandler
                0x08001240                DMA2_Stream6_IRQHandler
                0x08001240                DMA1_Stream3_IRQHandler
 .text.IWDG_WriteAccessCmd
                0x08001248       0x20 ..\obj\stm32f4xx_iwdg.o
                0x08001248                IWDG_WriteAccessCmd
 .text.IWDG_SetPrescaler
                0x08001268       0x20 ..\obj\stm32f4xx_iwdg.o
                0x08001268                IWDG_SetPrescaler
 .text.IWDG_SetReload
                0x08001288       0x20 ..\obj\stm32f4xx_iwdg.o
                0x08001288                IWDG_SetReload
 .text.IWDG_ReloadCounter
                0x080012a8       0x18 ..\obj\stm32f4xx_iwdg.o
                0x080012a8                IWDG_ReloadCounter
 .text.IWDG_Enable
                0x080012c0       0x18 ..\obj\stm32f4xx_iwdg.o
                0x080012c0                IWDG_Enable
 .text.main     0x080012d8       0x20 ..\obj\main.o
                0x080012d8                main
 .text.vApplicationMallocFailedHook
                0x080012f8        0x8 ..\obj\main.o
                0x080012f8                vApplicationMallocFailedHook
 .text.vApplicationStackOverflowHook
                0x08001300        0xc ..\obj\main.o
                0x08001300                vApplicationStackOverflowHook
 .text.vApplicationIdleHook
                0x0800130c       0x18 ..\obj\main.o
                0x0800130c                vApplicationIdleHook
 .text.RCC_GetClocksFreq
                0x08001324      0x154 ..\obj\stm32f4xx_rcc.o
                0x08001324                RCC_GetClocksFreq
 .text.RCC_AHB1PeriphClockCmd
                0x08001478       0x3c ..\obj\stm32f4xx_rcc.o
                0x08001478                RCC_AHB1PeriphClockCmd
 .text.RCC_APB1PeriphClockCmd
                0x080014b4       0x3c ..\obj\stm32f4xx_rcc.o
                0x080014b4                RCC_APB1PeriphClockCmd
 .text.NVIC_EnableIRQ
                0x080014f0       0x30 ..\obj\encoder.o
 .text.TIM3_IRQHandler
                0x08001520       0x98 ..\obj\encoder.o
                0x08001520                TIM3_IRQHandler
 .text.TIM2_IRQHandler
                0x080015b8       0x28 ..\obj\encoder.o
                0x080015b8                TIM2_IRQHandler
 .text.TIM4_IRQHandler
                0x080015e0       0x30 ..\obj\encoder.o
                0x080015e0                TIM4_IRQHandler
 .text.Freq_Measure_Init
                0x08001610       0x70 ..\obj\encoder.o
                0x08001610                Freq_Measure_Init
 .text.Encoder_Init
                0x08001680      0x138 ..\obj\encoder.o
                0x08001680                Encoder_Init
 .text.DOL_Process
                0x080017b8      0x190 ..\obj\encoder.o
                0x080017b8                DOL_Process
 .text.Watchdog_Init
                0x08001948       0x70 ..\obj\watchdog.o
                0x08001948                Watchdog_Init
 .text.Watchdog_Task
                0x080019b8       0x48 ..\obj\watchdog.o
 .text.xTaskGenericCreate
                0x08001a00      0x19c ..\obj\tasks.o
                0x08001a00                xTaskGenericCreate
 .text.vTaskDelay
                0x08001b9c       0x50 ..\obj\tasks.o
                0x08001b9c                vTaskDelay
 .text.vTaskStartScheduler
                0x08001bec       0x68 ..\obj\tasks.o
                0x08001bec                vTaskStartScheduler
 .text.vTaskSuspendAll
                0x08001c54       0x1c ..\obj\tasks.o
                0x08001c54                vTaskSuspendAll
 .text.xTaskResumeAll
                0x08001c70      0x108 ..\obj\tasks.o
                0x08001c70                xTaskResumeAll
 .text.vTaskIncrementTick
                0x08001d78      0x140 ..\obj\tasks.o
                0x08001d78                vTaskIncrementTick
 .text.vTaskSwitchContext
                0x08001eb8       0xf0 ..\obj\tasks.o
                0x08001eb8                vTaskSwitchContext
 .text.vTaskPlaceOnEventList
                0x08001fa8       0x70 ..\obj\tasks.o
                0x08001fa8                vTaskPlaceOnEventList
 .text.xTaskRemoveFromEventList
                0x08002018       0xb0 ..\obj\tasks.o
                0x08002018                xTaskRemoveFromEventList
 .text.vTaskSetTimeOutState
                0x080020c8       0x3c ..\obj\tasks.o
                0x080020c8                vTaskSetTimeOutState
 .text.xTaskCheckForTimeOut
                0x08002104       0xa8 ..\obj\tasks.o
                0x08002104                xTaskCheckForTimeOut
 .text.vTaskMissedYield
                0x080021ac       0x18 ..\obj\tasks.o
                0x080021ac                vTaskMissedYield
 .text.prvIdleTask
                0x080021c4       0x24 ..\obj\tasks.o
 .text.prvInitialiseTCBVariables
                0x080021e8       0x6c ..\obj\tasks.o
 .text.prvInitialiseTaskLists
                0x08002254       0x7c ..\obj\tasks.o
 .text.prvCheckTasksWaitingTermination
                0x080022d0       0x74 ..\obj\tasks.o
 .text.prvAddCurrentTaskToDelayedList
                0x08002344       0x6c ..\obj\tasks.o
 .text.prvAllocateTCBAndStack
                0x080023b0       0x64 ..\obj\tasks.o
 .text.prvDeleteTCB
                0x08002414       0x20 ..\obj\tasks.o
 .text.xTaskGetCurrentTaskHandle
                0x08002434       0x20 ..\obj\tasks.o
                0x08002434                xTaskGetCurrentTaskHandle
 .text.vTaskPriorityInherit
                0x08002454       0xb4 ..\obj\tasks.o
                0x08002454                vTaskPriorityInherit
 .text.vTaskPriorityDisinherit
                0x08002508       0x7c ..\obj\tasks.o
                0x08002508                vTaskPriorityDisinherit
 .text.GPIO_Init
                0x08002584      0x11c ..\obj\stm32f4xx_gpio.o
                0x08002584                GPIO_Init
 .text.GPIO_ReadInputDataBit
                0x080026a0       0x34 ..\obj\stm32f4xx_gpio.o
                0x080026a0                GPIO_ReadInputDataBit
 .text.GPIO_PinAFConfig
                0x080026d4       0x90 ..\obj\stm32f4xx_gpio.o
                0x080026d4                GPIO_PinAFConfig
 .text.vListInitialise
                0x08002764       0x40 ..\obj\list.o
                0x08002764                vListInitialise
 .text.vListInitialiseItem
                0x080027a4       0x18 ..\obj\list.o
                0x080027a4                vListInitialiseItem
 .text.vListInsertEnd
                0x080027bc       0x50 ..\obj\list.o
                0x080027bc                vListInsertEnd
 .text.vListInsert
                0x0800280c       0x70 ..\obj\list.o
                0x0800280c                vListInsert
 .text.vListRemove
                0x0800287c       0x50 ..\obj\list.o
                0x0800287c                vListRemove
 .text.SystemInit
                0x080028cc       0x58 ..\obj\system_stm32f4xx.o
                0x080028cc                SystemInit
 .text.SetSysClock
                0x08002924       0xd8 ..\obj\system_stm32f4xx.o
 .text.pxPortInitialiseStack
                0x080029fc       0x54 ..\obj\port.o
                0x080029fc                pxPortInitialiseStack
 .text.SVC_Handler
                0x08002a50       0x20 ..\obj\port.o
                0x08002a50                SVC_Handler
 .text.vPortStartFirstTask
                0x08002a70       0x14 ..\obj\port.o
                0x08002a70                vPortStartFirstTask
 .text.xPortStartScheduler
                0x08002a84       0x38 ..\obj\port.o
                0x08002a84                xPortStartScheduler
 .text.vPortYieldFromISR
                0x08002abc       0x18 ..\obj\port.o
                0x08002abc                vPortYieldFromISR
 .text.vPortEnterCritical
                0x08002ad4       0x24 ..\obj\port.o
                0x08002ad4                vPortEnterCritical
 .text.vPortExitCritical
                0x08002af8       0x2c ..\obj\port.o
                0x08002af8                vPortExitCritical
 .text.PendSV_Handler
                0x08002b24       0x3c ..\obj\port.o
                0x08002b24                PendSV_Handler
 .text.SysTick_Handler
                0x08002b60       0x30 ..\obj\port.o
                0x08002b60                SysTick_Handler
 .text.prvSetupTimerInterrupt
                0x08002b90       0x24 ..\obj\port.o
 .text.xQueueGenericReset
                0x08002bb4       0xb0 ..\obj\queue.o
                0x08002bb4                xQueueGenericReset
 .text.xQueueGenericCreate
                0x08002c64       0x80 ..\obj\queue.o
                0x08002c64                xQueueGenericCreate
 .text.xQueueGenericSend
                0x08002ce4      0x140 ..\obj\queue.o
                0x08002ce4                xQueueGenericSend
 .text.xQueueGenericSendFromISR
                0x08002e24       0xb8 ..\obj\queue.o
                0x08002e24                xQueueGenericSendFromISR
 .text.xQueueGenericReceive
                0x08002edc      0x1a0 ..\obj\queue.o
                0x08002edc                xQueueGenericReceive
 .text.prvCopyDataToQueue
                0x0800307c       0xb8 ..\obj\queue.o
 .text.prvCopyDataFromQueue
                0x08003134       0x4c ..\obj\queue.o
 .text.prvUnlockQueue
                0x08003180       0x98 ..\obj\queue.o
 .text.prvIsQueueEmpty
                0x08003218       0x2c ..\obj\queue.o
 .text.prvIsQueueFull
                0x08003244       0x30 ..\obj\queue.o
 .text.Address_Dev_Init
                0x08003274       0x90 ..\obj\address_dev.o
                0x08003274                Address_Dev_Init
 .text.ChannelsInit
                0x08003304       0xbc ..\obj\channels.o
                0x08003304                ChannelsInit
 .text.EXTI_Init
                0x080033c0       0xe4 ..\obj\stm32f4xx_exti.o
                0x080033c0                EXTI_Init
 .text.EXTI_GetITStatus
                0x080034a4       0x48 ..\obj\stm32f4xx_exti.o
                0x080034a4                EXTI_GetITStatus
 .text.EXTI_ClearITPendingBit
                0x080034ec       0x1c ..\obj\stm32f4xx_exti.o
                0x080034ec                EXTI_ClearITPendingBit
 .text.NVIC_PriorityGroupConfig
                0x08003508       0x24 ..\obj\misc.o
                0x08003508                NVIC_PriorityGroupConfig
 .text.NVIC_Init
                0x0800352c       0xc0 ..\obj\misc.o
                0x0800352c                NVIC_Init
 .text.pvPortMalloc
                0x080035ec       0x78 ..\obj\heap_1.o
                0x080035ec                pvPortMalloc
 .text.vPortFree
                0x08003664       0x14 ..\obj\heap_1.o
                0x08003664                vPortFree
 .text.xPortGetFreeHeapSize
                0x08003678       0x1c ..\obj\heap_1.o
                0x08003678                xPortGetFreeHeapSize
 .text.TIM_TimeBaseInit
                0x08003694       0xd4 ..\obj\stm32f4xx_tim.o
                0x08003694                TIM_TimeBaseInit
 .text.TIM_TimeBaseStructInit
                0x08003768       0x34 ..\obj\stm32f4xx_tim.o
                0x08003768                TIM_TimeBaseStructInit
 .text.TIM_Cmd  0x0800379c       0x40 ..\obj\stm32f4xx_tim.o
                0x0800379c                TIM_Cmd
 .text.TIM_ITConfig
                0x080037dc       0x48 ..\obj\stm32f4xx_tim.o
                0x080037dc                TIM_ITConfig
 .text.TIM_ClearITPendingBit
                0x08003824       0x20 ..\obj\stm32f4xx_tim.o
                0x08003824                TIM_ClearITPendingBit
 .text.TIM_EncoderInterfaceConfig
                0x08003844       0x98 ..\obj\stm32f4xx_tim.o
                0x08003844                TIM_EncoderInterfaceConfig
 .text.NVIC_SystemReset
                0x080038dc       0x28 ..\obj\power_detector.o
 .text.Power_Detector_Init
                0x08003904       0x68 ..\obj\power_detector.o
                0x08003904                Power_Detector_Init
 .text.PVD_IRQHandler
                0x0800396c       0x20 ..\obj\power_detector.o
                0x0800396c                PVD_IRQHandler
 .text.memcmp   0x0800398c       0x64 c:/program files/gnu tools arm embedded/4.9 2015q2/bin/../lib/gcc/arm-none-eabi/4.9.3/../../../../arm-none-eabi/lib/armv7-m\libg.a(lib_a-memcmp.o)
                0x0800398c                memcmp
 .text          0x080039f0       0xec c:/program files/gnu tools arm embedded/4.9 2015q2/bin/../lib/gcc/arm-none-eabi/4.9.3/../../../../arm-none-eabi/lib/armv7-m\libg.a(lib_a-memcpy.o)
                0x080039f0                memcpy
 .text.memset   0x08003adc       0x9c c:/program files/gnu tools arm embedded/4.9 2015q2/bin/../lib/gcc/arm-none-eabi/4.9.3/../../../../arm-none-eabi/lib/armv7-m\libg.a(lib_a-memset.o)
                0x08003adc                memset
 .text.strncpy  0x08003b78       0x68 c:/program files/gnu tools arm embedded/4.9 2015q2/bin/../lib/gcc/arm-none-eabi/4.9.3/../../../../arm-none-eabi/lib/armv7-m\libg.a(lib_a-strncpy.o)
                0x08003b78                strncpy
 *(.init)
 *(.fini)
 *crtbegin.o(.ctors)
 *crtbegin?.o(.ctors)
 *(EXCLUDE_FILE(*crtend.o *crtend?.o) .ctors)
 *(SORT(.ctors.*))
 *(.ctors)
 *crtbegin.o(.dtors)
 *crtbegin?.o(.dtors)
 *(EXCLUDE_FILE(*crtend.o *crtend?.o) .dtors)
 *(SORT(.dtors.*))
 *(.dtors)
 *(.rodata*)
 .rodata        0x08003be0        0x6 ..\obj\proto.o
 *fill*         0x08003be6        0x2 
 .rodata        0x08003be8        0xc ..\obj\encoder.o
 .rodata        0x08003bf4        0x5 ..\obj\watchdog.o
 *fill*         0x08003bf9        0x3 
 .rodata        0x08003bfc       0x1c ..\obj\tasks.o
 *(.eh_fram e*)

.glue_7         0x08003c18        0x0
 .glue_7        0x00000000        0x0 linker stubs

.glue_7t        0x08003c18        0x0
 .glue_7t       0x00000000        0x0 linker stubs

.vfp11_veneer   0x08003c18        0x0
 .vfp11_veneer  0x00000000        0x0 linker stubs

.v4_bx          0x08003c18        0x0
 .v4_bx         0x00000000        0x0 linker stubs

.iplt           0x08003c18        0x0
 .iplt          0x00000000        0x0 ..\obj\stm32f4xx_syscfg.o

.rel.dyn        0x08003c18        0x0
 .rel.iplt      0x00000000        0x0 ..\obj\stm32f4xx_syscfg.o

.ARM.extab
 *(.ARM.extab* .gnu.linkonce.armextab.*)
                0x08003c18                __exidx_start = .

.ARM.exidx
 *(.ARM.exidx* .gnu.linkonce.armexidx.*)
                0x08003c18                __exidx_end = .
                0x08003c18                __etext = .
                0x08003c18                _sidata = __etext

.data           0x20000000       0x6c load address 0x08003c18
                0x20000000                __data_start__ = .
                0x20000000                _sdata = __data_start__
 *(vtable)
 *(.data*)
 .data          0x20000000       0x49 ..\obj\proto.o
                0x20000000                DEV_NAME
                0x20000014                NOTICE
                0x2000003c                VERSION
                0x20000044                ADRESS_DEV
                0x20000045                dev_desc_len
                0x20000046                STATE_BYTE
                0x20000047                symbol
                0x20000048                proto_type
 *fill*         0x20000049        0x3 
 .data          0x2000004c       0x10 ..\obj\stm32f4xx_rcc.o
 .data          0x2000005c        0x5 ..\obj\encoder.o
                0x2000005c                counter
 *fill*         0x20000061        0x3 
 .data          0x20000064        0x4 ..\obj\tasks.o
 .data          0x20000068        0x4 ..\obj\port.o
                0x2000006c                . = ALIGN (0x4)
                0x2000006c                PROVIDE (__preinit_array_start, .)
 *(.preinit_array)
                0x2000006c                PROVIDE (__preinit_array_end, .)
                0x2000006c                . = ALIGN (0x4)
                0x2000006c                PROVIDE (__init_array_start, .)
 *(SORT(.init_array.*))
 *(.init_array)
                0x2000006c                PROVIDE (__init_array_end, .)
                0x2000006c                . = ALIGN (0x4)
                0x2000006c                PROVIDE (__fini_array_start, .)
 *(SORT(.fini_array.*))
 *(.fini_array)
                0x2000006c                PROVIDE (__fini_array_end, .)
 *(.jcr*)
                0x2000006c                . = ALIGN (0x4)
                0x2000006c                __data_end__ = .
                0x2000006c                _edata = __data_end__

.igot.plt       0x2000006c        0x0 load address 0x08003c84
 .igot.plt      0x00000000        0x0 ..\obj\stm32f4xx_syscfg.o

.bss            0x20000070     0x1fb0 load address 0x08003c88
                0x20000070                . = ALIGN (0x4)
                0x20000070                __bss_start__ = .
                0x20000070                _sbss = __bss_start__
 *(.bss*)
 .bss           0x20000070        0x8 ..\obj\proto.o
                0x20000070                frame_len
                0x20000072                fr_err
 .bss           0x20000078        0x8 ..\obj\encoder.o
                0x20000078                fast_freq_counter
                0x2000007c                period_overload
 .bss           0x20000080      0x100 ..\obj\tasks.o
                0x20000080                pxCurrentTCB
 .bss           0x20000180     0x1c04 ..\obj\heap_1.o
 *(COMMON)
 COMMON         0x20001d84      0x213 ..\obj\proto.o
                0x20001d84                RecieveBuf
                0x20001e84                transf_count
                0x20001e85                recieve_count
                0x20001e88                sym_8_to_float
                0x20001e8c                COMMAND_ERR
                0x20001e8d                buf_len
                0x20001e90                TransferBuf
                0x20001f90                xProtoSemaphore
                0x20001f94                crc_n_ERR
                0x20001f95                CUT_OUT_NULL
                0x20001f96                PROTO_HAS_START
 *fill*         0x20001f97        0x1 
 COMMON         0x20001f98       0x24 ..\obj\encoder.o
                0x20001f98                p_queue
 COMMON         0x20001fbc       0x10 ..\obj\watchdog.o
                0x20001fbc                task_watches
 COMMON         0x20001fcc       0x54 ..\obj\channels.o
                0x20001fcc                channels
                0x20002020                . = ALIGN (0x4)
                0x20002020                __bss_end__ = .
                0x20002020                _ebss = __bss_end__

.heap           0x20002020        0x0
                0x20002020                __end__ = .
                0x20002020                _end = __end__
                0x20002020                end = __end__
 *(.heap*)
                0x20002020                __HeapLimit = .

.co_stack       0x20002020      0x800 load address 0x08005c38
                0x20002020                . = ALIGN (0x8)
 *(.co_stack .co_stack.*)
 .co_stack      0x20002020      0x800 ..\obj\startup_stm32f4xx.o
                0x20002020                pulStack
                0x20020000                __StackTop = (ORIGIN (ram) + 0x20000)
                0x2001f800                __StackLimit = (__StackTop - SIZEOF (.co_stack))
                0x20020000                PROVIDE (__stack, __StackTop)
                0x00000001                ASSERT ((__StackLimit >= __HeapLimit), region ram  overflowed with stack)
LOAD ..\obj\stm32f4xx_syscfg.o
LOAD ..\obj\core_cm3.o
LOAD ..\obj\stm32f4xx_usart.o
LOAD ..\obj\stm32f4xx_pwr.o
LOAD ..\obj\proto.o
LOAD ..\obj\startup_stm32f4xx.o
LOAD ..\obj\stm32f4xx_iwdg.o
LOAD ..\obj\main.o
LOAD ..\obj\stm32f4xx_rcc.o
LOAD ..\obj\timers.o
LOAD ..\obj\encoder.o
LOAD ..\obj\watchdog.o
LOAD ..\obj\tasks.o
LOAD ..\obj\stm32f4xx_gpio.o
LOAD ..\obj\list.o
LOAD ..\obj\system_stm32f4xx.o
LOAD ..\obj\syscalls.o
LOAD ..\obj\port.o
LOAD ..\obj\queue.o
LOAD ..\obj\address_dev.o
LOAD ..\obj\croutine.o
LOAD ..\obj\channels.o
LOAD ..\obj\stm32f4xx_exti.o
LOAD ..\obj\misc.o
LOAD ..\obj\heap_1.o
LOAD ..\obj\stm32f4xx_tim.o
LOAD ..\obj\power_detector.o
START GROUP
LOAD c:/program files/gnu tools arm embedded/4.9 2015q2/bin/../lib/gcc/arm-none-eabi/4.9.3/armv7-m\libgcc.a
LOAD c:/program files/gnu tools arm embedded/4.9 2015q2/bin/../lib/gcc/arm-none-eabi/4.9.3/../../../../arm-none-eabi/lib/armv7-m\libg.a
LOAD c:/program files/gnu tools arm embedded/4.9 2015q2/bin/../lib/gcc/arm-none-eabi/4.9.3/../../../../arm-none-eabi/lib/armv7-m\libc.a
END GROUP
OUTPUT(tablo_proto_test.elf elf32-littlearm)

.debug_info     0x00000000     0x8f66
 .debug_info    0x00000000      0x9c2 ..\obj\stm32f4xx_usart.o
 .debug_info    0x000009c2      0x4fc ..\obj\stm32f4xx_pwr.o
 .debug_info    0x00000ebe      0xdc5 ..\obj\proto.o
 .debug_info    0x00001c83       0xed ..\obj\startup_stm32f4xx.o
 .debug_info    0x00001d70      0x20a ..\obj\stm32f4xx_iwdg.o
 .debug_info    0x00001f7a      0x18e ..\obj\main.o
 .debug_info    0x00002108      0xc4d ..\obj\stm32f4xx_rcc.o
 .debug_info    0x00002d55      0xbcf ..\obj\encoder.o
 .debug_info    0x00003924      0x190 ..\obj\watchdog.o
 .debug_info    0x00003ab4      0xcbb ..\obj\tasks.o
 .debug_info    0x0000476f      0x602 ..\obj\stm32f4xx_gpio.o
 .debug_info    0x00004d71      0x27f ..\obj\list.o
 .debug_info    0x00004ff0      0x563 ..\obj\system_stm32f4xx.o
 .debug_info    0x00005553      0x1b0 ..\obj\port.o
 .debug_info    0x00005703      0x755 ..\obj\queue.o
 .debug_info    0x00005e58      0x2bb ..\obj\address_dev.o
 .debug_info    0x00006113      0x1c8 ..\obj\channels.o
 .debug_info    0x000062db      0x347 ..\obj\stm32f4xx_exti.o
 .debug_info    0x00006622      0x53d ..\obj\misc.o
 .debug_info    0x00006b5f      0x176 ..\obj\heap_1.o
 .debug_info    0x00006cd5     0x1c61 ..\obj\stm32f4xx_tim.o
 .debug_info    0x00008936      0x630 ..\obj\power_detector.o

.debug_abbrev   0x00000000     0x1dc5
 .debug_abbrev  0x00000000      0x155 ..\obj\stm32f4xx_usart.o
 .debug_abbrev  0x00000155      0x17f ..\obj\stm32f4xx_pwr.o
 .debug_abbrev  0x000002d4      0x2aa ..\obj\proto.o
 .debug_abbrev  0x0000057e       0xb0 ..\obj\startup_stm32f4xx.o
 .debug_abbrev  0x0000062e      0x101 ..\obj\stm32f4xx_iwdg.o
 .debug_abbrev  0x0000072f       0xf9 ..\obj\main.o
 .debug_abbrev  0x00000828      0x1e3 ..\obj\stm32f4xx_rcc.o
 .debug_abbrev  0x00000a0b      0x21b ..\obj\encoder.o
 .debug_abbrev  0x00000c26       0xfb ..\obj\watchdog.o
 .debug_abbrev  0x00000d21      0x1e0 ..\obj\tasks.o
 .debug_abbrev  0x00000f01      0x1a3 ..\obj\stm32f4xx_gpio.o
 .debug_abbrev  0x000010a4       0xba ..\obj\list.o
 .debug_abbrev  0x0000115e      0x136 ..\obj\system_stm32f4xx.o
 .debug_abbrev  0x00001294      0x118 ..\obj\port.o
 .debug_abbrev  0x000013ac      0x132 ..\obj\queue.o
 .debug_abbrev  0x000014de      0x101 ..\obj\address_dev.o
 .debug_abbrev  0x000015df       0xe9 ..\obj\channels.o
 .debug_abbrev  0x000016c8      0x1a5 ..\obj\stm32f4xx_exti.o
 .debug_abbrev  0x0000186d      0x145 ..\obj\misc.o
 .debug_abbrev  0x000019b2      0x120 ..\obj\heap_1.o
 .debug_abbrev  0x00001ad2      0x187 ..\obj\stm32f4xx_tim.o
 .debug_abbrev  0x00001c59      0x16c ..\obj\power_detector.o

.debug_aranges  0x00000000      0xc20
 .debug_aranges
                0x00000000      0x100 ..\obj\stm32f4xx_usart.o
 .debug_aranges
                0x00000100       0x78 ..\obj\stm32f4xx_pwr.o
 .debug_aranges
                0x00000178       0xa8 ..\obj\proto.o
 .debug_aranges
                0x00000220       0x28 ..\obj\startup_stm32f4xx.o
 .debug_aranges
                0x00000248       0x48 ..\obj\stm32f4xx_iwdg.o
 .debug_aranges
                0x00000290       0x40 ..\obj\main.o
 .debug_aranges
                0x000002d0      0x178 ..\obj\stm32f4xx_rcc.o
 .debug_aranges
                0x00000448       0x50 ..\obj\encoder.o
 .debug_aranges
                0x00000498       0x28 ..\obj\watchdog.o
 .debug_aranges
                0x000004c0      0x120 ..\obj\tasks.o
 .debug_aranges
                0x000005e0       0x88 ..\obj\stm32f4xx_gpio.o
 .debug_aranges
                0x00000668       0x40 ..\obj\list.o
 .debug_aranges
                0x000006a8       0x30 ..\obj\system_stm32f4xx.o
 .debug_aranges
                0x000006d8       0x70 ..\obj\port.o
 .debug_aranges
                0x00000748       0xa0 ..\obj\queue.o
 .debug_aranges
                0x000007e8       0x20 ..\obj\address_dev.o
 .debug_aranges
                0x00000808       0x20 ..\obj\channels.o
 .debug_aranges
                0x00000828       0x58 ..\obj\stm32f4xx_exti.o
 .debug_aranges
                0x00000880       0x40 ..\obj\misc.o
 .debug_aranges
                0x000008c0       0x38 ..\obj\heap_1.o
 .debug_aranges
                0x000008f8      0x2f8 ..\obj\stm32f4xx_tim.o
 .debug_aranges
                0x00000bf0       0x30 ..\obj\power_detector.o

.debug_ranges   0x00000000      0xac0
 .debug_ranges  0x00000000       0xf0 ..\obj\stm32f4xx_usart.o
 .debug_ranges  0x000000f0       0x68 ..\obj\stm32f4xx_pwr.o
 .debug_ranges  0x00000158       0x98 ..\obj\proto.o
 .debug_ranges  0x000001f0       0x18 ..\obj\startup_stm32f4xx.o
 .debug_ranges  0x00000208       0x38 ..\obj\stm32f4xx_iwdg.o
 .debug_ranges  0x00000240       0x30 ..\obj\main.o
 .debug_ranges  0x00000270      0x168 ..\obj\stm32f4xx_rcc.o
 .debug_ranges  0x000003d8       0x40 ..\obj\encoder.o
 .debug_ranges  0x00000418       0x18 ..\obj\watchdog.o
 .debug_ranges  0x00000430      0x110 ..\obj\tasks.o
 .debug_ranges  0x00000540       0x78 ..\obj\stm32f4xx_gpio.o
 .debug_ranges  0x000005b8       0x30 ..\obj\list.o
 .debug_ranges  0x000005e8       0x20 ..\obj\system_stm32f4xx.o
 .debug_ranges  0x00000608       0x60 ..\obj\port.o
 .debug_ranges  0x00000668       0x90 ..\obj\queue.o
 .debug_ranges  0x000006f8       0x10 ..\obj\address_dev.o
 .debug_ranges  0x00000708       0x10 ..\obj\channels.o
 .debug_ranges  0x00000718       0x48 ..\obj\stm32f4xx_exti.o
 .debug_ranges  0x00000760       0x30 ..\obj\misc.o
 .debug_ranges  0x00000790       0x28 ..\obj\heap_1.o
 .debug_ranges  0x000007b8      0x2e8 ..\obj\stm32f4xx_tim.o
 .debug_ranges  0x00000aa0       0x20 ..\obj\power_detector.o

.debug_line     0x00000000     0x50e3
 .debug_line    0x00000000      0x51e ..\obj\stm32f4xx_usart.o
 .debug_line    0x0000051e      0x314 ..\obj\stm32f4xx_pwr.o
 .debug_line    0x00000832      0x6e5 ..\obj\proto.o
 .debug_line    0x00000f17       0xbe ..\obj\startup_stm32f4xx.o
 .debug_line    0x00000fd5      0x26e ..\obj\stm32f4xx_iwdg.o
 .debug_line    0x00001243      0x314 ..\obj\main.o
 .debug_line    0x00001557      0x61d ..\obj\stm32f4xx_rcc.o
 .debug_line    0x00001b74      0x404 ..\obj\encoder.o
 .debug_line    0x00001f78      0x1f1 ..\obj\watchdog.o
 .debug_line    0x00002169      0x772 ..\obj\tasks.o
 .debug_line    0x000028db      0x3bf ..\obj\stm32f4xx_gpio.o
 .debug_line    0x00002c9a      0x1ee ..\obj\list.o
 .debug_line    0x00002e88      0x22e ..\obj\system_stm32f4xx.o
 .debug_line    0x000030b6      0x1ed ..\obj\port.o
 .debug_line    0x000032a3      0x4fb ..\obj\queue.o
 .debug_line    0x0000379e      0x283 ..\obj\address_dev.o
 .debug_line    0x00003a21      0x1c9 ..\obj\channels.o
 .debug_line    0x00003bea      0x321 ..\obj\stm32f4xx_exti.o
 .debug_line    0x00003f0b      0x2c1 ..\obj\misc.o
 .debug_line    0x000041cc      0x153 ..\obj\heap_1.o
 .debug_line    0x0000431f      0xae6 ..\obj\stm32f4xx_tim.o
 .debug_line    0x00004e05      0x2de ..\obj\power_detector.o

.debug_str      0x00000000     0x3f16
 .debug_str     0x00000000      0x631 ..\obj\stm32f4xx_usart.o
                                0x6ac (size before relaxing)
 .debug_str     0x00000631      0x1f8 ..\obj\stm32f4xx_pwr.o
                                0x3ae (size before relaxing)
 .debug_str     0x00000829      0xb34 ..\obj\proto.o
                                0xde1 (size before relaxing)
 .debug_str     0x0000135d       0xcd ..\obj\startup_stm32f4xx.o
                                0x164 (size before relaxing)
 .debug_str     0x0000142a      0x105 ..\obj\stm32f4xx_iwdg.o
                                0x289 (size before relaxing)
 .debug_str     0x0000152f      0x157 ..\obj\main.o
                                0x2c8 (size before relaxing)
 .debug_str     0x00001686      0x600 ..\obj\stm32f4xx_rcc.o
                                0x86d (size before relaxing)
 .debug_str     0x00001c86      0x23b ..\obj\encoder.o
                                0xc47 (size before relaxing)
 .debug_str     0x00001ec1       0x74 ..\obj\watchdog.o
                                0x239 (size before relaxing)
 .debug_str     0x00001f35      0x781 ..\obj\tasks.o
                                0x964 (size before relaxing)
 .debug_str     0x000026b6      0x1b0 ..\obj\stm32f4xx_gpio.o
                                0x4c0 (size before relaxing)
 .debug_str     0x00002866       0xf5 ..\obj\list.o
                                0x2a1 (size before relaxing)
 .debug_str     0x0000295b       0xd5 ..\obj\system_stm32f4xx.o
                                0x3bb (size before relaxing)
 .debug_str     0x00002a30      0x16e ..\obj\port.o
                                0x26d (size before relaxing)
 .debug_str     0x00002b9e      0x31a ..\obj\queue.o
                                0x54f (size before relaxing)
 .debug_str     0x00002eb8       0x6c ..\obj\address_dev.o
                                0x372 (size before relaxing)
 .debug_str     0x00002f24       0x67 ..\obj\channels.o
                                0x215 (size before relaxing)
 .debug_str     0x00002f8b      0x1f7 ..\obj\stm32f4xx_exti.o
                                0x376 (size before relaxing)
 .debug_str     0x00003182      0x14d ..\obj\misc.o
                                0x3eb (size before relaxing)
 .debug_str     0x000032cf       0xf9 ..\obj\heap_1.o
                                0x232 (size before relaxing)
 .debug_str     0x000033c8      0xaa3 ..\obj\stm32f4xx_tim.o
                                0xded (size before relaxing)
 .debug_str     0x00003e6b       0xab ..\obj\power_detector.o
                                0x8e3 (size before relaxing)

.comment        0x00000000       0x70
 .comment       0x00000000       0x70 ..\obj\stm32f4xx_usart.o
                                 0x71 (size before relaxing)
 .comment       0x00000000       0x71 ..\obj\stm32f4xx_pwr.o
 .comment       0x00000000       0x71 ..\obj\proto.o
 .comment       0x00000000       0x71 ..\obj\startup_stm32f4xx.o
 .comment       0x00000000       0x71 ..\obj\stm32f4xx_iwdg.o
 .comment       0x00000000       0x71 ..\obj\main.o
 .comment       0x00000000       0x71 ..\obj\stm32f4xx_rcc.o
 .comment       0x00000000       0x71 ..\obj\encoder.o
 .comment       0x00000000       0x71 ..\obj\watchdog.o
 .comment       0x00000000       0x71 ..\obj\tasks.o
 .comment       0x00000000       0x71 ..\obj\stm32f4xx_gpio.o
 .comment       0x00000000       0x71 ..\obj\list.o
 .comment       0x00000000       0x71 ..\obj\system_stm32f4xx.o
 .comment       0x00000000       0x71 ..\obj\port.o
 .comment       0x00000000       0x71 ..\obj\queue.o
 .comment       0x00000000       0x71 ..\obj\address_dev.o
 .comment       0x00000000       0x71 ..\obj\channels.o
 .comment       0x00000000       0x71 ..\obj\stm32f4xx_exti.o
 .comment       0x00000000       0x71 ..\obj\misc.o
 .comment       0x00000000       0x71 ..\obj\heap_1.o
 .comment       0x00000000       0x71 ..\obj\stm32f4xx_tim.o
 .comment       0x00000000       0x71 ..\obj\power_detector.o

.ARM.attributes
                0x00000000       0x31
 .ARM.attributes
                0x00000000       0x33 ..\obj\stm32f4xx_usart.o
 .ARM.attributes
                0x00000033       0x33 ..\obj\stm32f4xx_pwr.o
 .ARM.attributes
                0x00000066       0x33 ..\obj\proto.o
 .ARM.attributes
                0x00000099       0x33 ..\obj\startup_stm32f4xx.o
 .ARM.attributes
                0x000000cc       0x33 ..\obj\stm32f4xx_iwdg.o
 .ARM.attributes
                0x000000ff       0x33 ..\obj\main.o
 .ARM.attributes
                0x00000132       0x33 ..\obj\stm32f4xx_rcc.o
 .ARM.attributes
                0x00000165       0x33 ..\obj\encoder.o
 .ARM.attributes
                0x00000198       0x33 ..\obj\watchdog.o
 .ARM.attributes
                0x000001cb       0x33 ..\obj\tasks.o
 .ARM.attributes
                0x000001fe       0x33 ..\obj\stm32f4xx_gpio.o
 .ARM.attributes
                0x00000231       0x33 ..\obj\list.o
 .ARM.attributes
                0x00000264       0x33 ..\obj\system_stm32f4xx.o
 .ARM.attributes
                0x00000297       0x33 ..\obj\port.o
 .ARM.attributes
                0x000002ca       0x33 ..\obj\queue.o
 .ARM.attributes
                0x000002fd       0x33 ..\obj\address_dev.o
 .ARM.attributes
                0x00000330       0x33 ..\obj\channels.o
 .ARM.attributes
                0x00000363       0x33 ..\obj\stm32f4xx_exti.o
 .ARM.attributes
                0x00000396       0x33 ..\obj\misc.o
 .ARM.attributes
                0x000003c9       0x33 ..\obj\heap_1.o
 .ARM.attributes
                0x000003fc       0x33 ..\obj\stm32f4xx_tim.o
 .ARM.attributes
                0x0000042f       0x33 ..\obj\power_detector.o
 .ARM.attributes
                0x00000462       0x2d c:/program files/gnu tools arm embedded/4.9 2015q2/bin/../lib/gcc/arm-none-eabi/4.9.3/../../../../arm-none-eabi/lib/armv7-m\libg.a(lib_a-memcmp.o)
 .ARM.attributes
                0x0000048f       0x1b c:/program files/gnu tools arm embedded/4.9 2015q2/bin/../lib/gcc/arm-none-eabi/4.9.3/../../../../arm-none-eabi/lib/armv7-m\libg.a(lib_a-memcpy.o)
 .ARM.attributes
                0x000004aa       0x2d c:/program files/gnu tools arm embedded/4.9 2015q2/bin/../lib/gcc/arm-none-eabi/4.9.3/../../../../arm-none-eabi/lib/armv7-m\libg.a(lib_a-memset.o)
 .ARM.attributes
                0x000004d7       0x2d c:/program files/gnu tools arm embedded/4.9 2015q2/bin/../lib/gcc/arm-none-eabi/4.9.3/../../../../arm-none-eabi/lib/armv7-m\libg.a(lib_a-strncpy.o)

.debug_frame    0x00000000     0x3178
 .debug_frame   0x00000000      0x490 ..\obj\stm32f4xx_usart.o
 .debug_frame   0x00000490      0x1dc ..\obj\stm32f4xx_pwr.o
 .debug_frame   0x0000066c      0x270 ..\obj\proto.o
 .debug_frame   0x000008dc       0x4c ..\obj\startup_stm32f4xx.o
 .debug_frame   0x00000928       0xf0 ..\obj\stm32f4xx_iwdg.o
 .debug_frame   0x00000a18       0xac ..\obj\main.o
 .debug_frame   0x00000ac4      0x6d4 ..\obj\stm32f4xx_rcc.o
 .debug_frame   0x00001198      0x104 ..\obj\encoder.o
 .debug_frame   0x0000129c       0x54 ..\obj\watchdog.o
 .debug_frame   0x000012f0      0x4b4 ..\obj\tasks.o
 .debug_frame   0x000017a4      0x23c ..\obj\stm32f4xx_gpio.o
 .debug_frame   0x000019e0       0xd8 ..\obj\list.o
 .debug_frame   0x00001ab8       0x7c ..\obj\system_stm32f4xx.o
 .debug_frame   0x00001b34      0x148 ..\obj\port.o
 .debug_frame   0x00001c7c      0x280 ..\obj\queue.o
 .debug_frame   0x00001efc       0x34 ..\obj\address_dev.o
 .debug_frame   0x00001f30       0x30 ..\obj\channels.o
 .debug_frame   0x00001f60      0x148 ..\obj\stm32f4xx_exti.o
 .debug_frame   0x000020a8       0xd8 ..\obj\misc.o
 .debug_frame   0x00002180       0x9c ..\obj\heap_1.o
 .debug_frame   0x0000221c      0xe54 ..\obj\stm32f4xx_tim.o
 .debug_frame   0x00003070       0x68 ..\obj\power_detector.o
 .debug_frame   0x000030d8       0x38 c:/program files/gnu tools arm embedded/4.9 2015q2/bin/../lib/gcc/arm-none-eabi/4.9.3/../../../../arm-none-eabi/lib/armv7-m\libg.a(lib_a-memcmp.o)
 .debug_frame   0x00003110       0x34 c:/program files/gnu tools arm embedded/4.9 2015q2/bin/../lib/gcc/arm-none-eabi/4.9.3/../../../../arm-none-eabi/lib/armv7-m\libg.a(lib_a-memset.o)
 .debug_frame   0x00003144       0x34 c:/program files/gnu tools arm embedded/4.9 2015q2/bin/../lib/gcc/arm-none-eabi/4.9.3/../../../../arm-none-eabi/lib/armv7-m\libg.a(lib_a-strncpy.o)
