Archive member included because of file (symbol)

c:/coocox/coide/gcc/sourcery g++ lite/bin/../lib/gcc/arm-none-eabi/4.5.1/../../../../arm-none-eabi/lib/thumb2\libc.a(lib_a-memcmp.o)
                              ..\obj\tasks.o (memcmp)
c:/coocox/coide/gcc/sourcery g++ lite/bin/../lib/gcc/arm-none-eabi/4.5.1/../../../../arm-none-eabi/lib/thumb2\libc.a(lib_a-memcpy.o)
                              ..\obj\queue.o (memcpy)
c:/coocox/coide/gcc/sourcery g++ lite/bin/../lib/gcc/arm-none-eabi/4.5.1/../../../../arm-none-eabi/lib/thumb2\libc.a(lib_a-memset.o)
                              ..\obj\tasks.o (memset)
c:/coocox/coide/gcc/sourcery g++ lite/bin/../lib/gcc/arm-none-eabi/4.5.1/../../../../arm-none-eabi/lib/thumb2\libc.a(lib_a-strncpy.o)
                              ..\obj\tasks.o (strncpy)

Allocating common symbols
Common symbol       size              file

RecieveBuf          0x100             ..\obj\proto.o
transf_count        0x1               ..\obj\proto.o
recieve_count       0x1               ..\obj\proto.o
sym_8_to_float      0x4               ..\obj\proto.o
p_queue             0x24              ..\obj\hall_sensors.o
COMMAND_ERR         0x1               ..\obj\proto.o
buf_len             0x1               ..\obj\proto.o
channels            0x54              ..\obj\channels.o
TransferBuf         0x100             ..\obj\proto.o
xProtoSemaphore     0x4               ..\obj\proto.o
crc_n_ERR           0x1               ..\obj\proto.o
CUT_OUT_NULL        0x1               ..\obj\proto.o
task_watches        0x10              ..\obj\watchdog.o
PROTO_HAS_START     0x1               ..\obj\proto.o

Discarded input sections

 .text          0x00000000        0x0 ..\obj\stm32f4xx_syscfg.o
 .data          0x00000000        0x0 ..\obj\stm32f4xx_syscfg.o
 .bss           0x00000000        0x0 ..\obj\stm32f4xx_syscfg.o
 .text.SYSCFG_DeInit
                0x00000000       0x20 ..\obj\stm32f4xx_syscfg.o
 .text.SYSCFG_MemoryRemapConfig
                0x00000000       0x20 ..\obj\stm32f4xx_syscfg.o
 .text.SYSCFG_ETH_MediaInterfaceConfig
                0x00000000       0x20 ..\obj\stm32f4xx_syscfg.o
 .text.SYSCFG_CompensationCellCmd
                0x00000000       0x20 ..\obj\stm32f4xx_syscfg.o
 .text.SYSCFG_GetCompensationCellStatus
                0x00000000       0x3c ..\obj\stm32f4xx_syscfg.o
 .text          0x00000000        0x0 ..\obj\core_cm3.o
 .data          0x00000000        0x0 ..\obj\core_cm3.o
 .bss           0x00000000        0x0 ..\obj\core_cm3.o
 .text.__get_PSP
                0x00000000       0x10 ..\obj\core_cm3.o
 .text.__set_PSP
                0x00000000        0x8 ..\obj\core_cm3.o
 .text.__get_MSP
                0x00000000       0x10 ..\obj\core_cm3.o
 .text.__set_MSP
                0x00000000        0x8 ..\obj\core_cm3.o
 .text.__get_BASEPRI
                0x00000000       0x20 ..\obj\core_cm3.o
 .text.__set_BASEPRI
                0x00000000       0x18 ..\obj\core_cm3.o
 .text.__get_PRIMASK
                0x00000000       0x20 ..\obj\core_cm3.o
 .text.__set_PRIMASK
                0x00000000       0x18 ..\obj\core_cm3.o
 .text.__get_FAULTMASK
                0x00000000       0x20 ..\obj\core_cm3.o
 .text.__set_FAULTMASK
                0x00000000       0x18 ..\obj\core_cm3.o
 .text.__get_CONTROL
                0x00000000       0x20 ..\obj\core_cm3.o
 .text.__set_CONTROL
                0x00000000       0x18 ..\obj\core_cm3.o
 .text.__REV    0x00000000       0x24 ..\obj\core_cm3.o
 .text.__REV16  0x00000000       0x24 ..\obj\core_cm3.o
 .text.__REVSH  0x00000000       0x24 ..\obj\core_cm3.o
 .text.__RBIT   0x00000000       0x24 ..\obj\core_cm3.o
 .text.__LDREXB
                0x00000000       0x24 ..\obj\core_cm3.o
 .text.__LDREXH
                0x00000000       0x24 ..\obj\core_cm3.o
 .text.__LDREXW
                0x00000000       0x24 ..\obj\core_cm3.o
 .text.__STREXB
                0x00000000       0x2c ..\obj\core_cm3.o
 .text.__STREXH
                0x00000000       0x2c ..\obj\core_cm3.o
 .text.__STREXW
                0x00000000       0x28 ..\obj\core_cm3.o
 .text          0x00000000        0x0 ..\obj\stm32f4xx_usart.o
 .data          0x00000000        0x0 ..\obj\stm32f4xx_usart.o
 .bss           0x00000000        0x0 ..\obj\stm32f4xx_usart.o
 .text.USART_DeInit
                0x00000000      0x100 ..\obj\stm32f4xx_usart.o
 .text.USART_StructInit
                0x00000000       0x44 ..\obj\stm32f4xx_usart.o
 .text.USART_ClockInit
                0x00000000       0x5c ..\obj\stm32f4xx_usart.o
 .text.USART_ClockStructInit
                0x00000000       0x34 ..\obj\stm32f4xx_usart.o
 .text.USART_SetPrescaler
                0x00000000       0x3c ..\obj\stm32f4xx_usart.o
 .text.USART_OverSampling8Cmd
                0x00000000       0x48 ..\obj\stm32f4xx_usart.o
 .text.USART_OneBitMethodCmd
                0x00000000       0x40 ..\obj\stm32f4xx_usart.o
 .text.USART_SendData
                0x00000000       0x28 ..\obj\stm32f4xx_usart.o
 .text.USART_ReceiveData
                0x00000000       0x24 ..\obj\stm32f4xx_usart.o
 .text.USART_SetAddress
                0x00000000       0x3c ..\obj\stm32f4xx_usart.o
 .text.USART_ReceiverWakeUpCmd
                0x00000000       0x40 ..\obj\stm32f4xx_usart.o
 .text.USART_WakeUpConfig
                0x00000000       0x38 ..\obj\stm32f4xx_usart.o
 .text.USART_LINBreakDetectLengthConfig
                0x00000000       0x38 ..\obj\stm32f4xx_usart.o
 .text.USART_LINCmd
                0x00000000       0x40 ..\obj\stm32f4xx_usart.o
 .text.USART_SendBreak
                0x00000000       0x24 ..\obj\stm32f4xx_usart.o
 .text.USART_HalfDuplexCmd
                0x00000000       0x40 ..\obj\stm32f4xx_usart.o
 .text.USART_SetGuardTime
                0x00000000       0x40 ..\obj\stm32f4xx_usart.o
 .text.USART_SmartCardCmd
                0x00000000       0x40 ..\obj\stm32f4xx_usart.o
 .text.USART_SmartCardNACKCmd
                0x00000000       0x40 ..\obj\stm32f4xx_usart.o
 .text.USART_IrDAConfig
                0x00000000       0x38 ..\obj\stm32f4xx_usart.o
 .text.USART_IrDACmd
                0x00000000       0x40 ..\obj\stm32f4xx_usart.o
 .text.USART_DMACmd
                0x00000000       0x4c ..\obj\stm32f4xx_usart.o
 .text.USART_GetFlagStatus
                0x00000000       0x40 ..\obj\stm32f4xx_usart.o
 .text          0x00000000        0x0 ..\obj\stm32f4xx_pwr.o
 .data          0x00000000        0x0 ..\obj\stm32f4xx_pwr.o
 .bss           0x00000000        0x0 ..\obj\stm32f4xx_pwr.o
 .text.PWR_DeInit
                0x00000000       0x20 ..\obj\stm32f4xx_pwr.o
 .text.PWR_BackupAccessCmd
                0x00000000       0x20 ..\obj\stm32f4xx_pwr.o
 .text.PWR_PVDLevelConfig
                0x00000000       0x44 ..\obj\stm32f4xx_pwr.o
 .text.PWR_PVDCmd
                0x00000000       0x20 ..\obj\stm32f4xx_pwr.o
 .text.PWR_WakeUpPinCmd
                0x00000000       0x20 ..\obj\stm32f4xx_pwr.o
 .text.PWR_BackupRegulatorCmd
                0x00000000       0x20 ..\obj\stm32f4xx_pwr.o
 .text.PWR_MainRegulatorModeConfig
                0x00000000       0x4c ..\obj\stm32f4xx_pwr.o
 .text.PWR_FlashPowerDownCmd
                0x00000000       0x20 ..\obj\stm32f4xx_pwr.o
 .text.PWR_EnterSTOPMode
                0x00000000       0x84 ..\obj\stm32f4xx_pwr.o
 .text.PWR_EnterSTANDBYMode
                0x00000000       0x54 ..\obj\stm32f4xx_pwr.o
 .text.PWR_GetFlagStatus
                0x00000000       0x40 ..\obj\stm32f4xx_pwr.o
 .text.PWR_ClearFlag
                0x00000000       0x34 ..\obj\stm32f4xx_pwr.o
 .text          0x00000000        0x0 ..\obj\proto.o
 .text          0x00000000        0x0 ..\obj\startup_stm32f4xx.o
 .data          0x00000000        0x0 ..\obj\startup_stm32f4xx.o
 .bss           0x00000000        0x0 ..\obj\startup_stm32f4xx.o
 .text          0x00000000        0x0 ..\obj\stm32f4xx_iwdg.o
 .data          0x00000000        0x0 ..\obj\stm32f4xx_iwdg.o
 .bss           0x00000000        0x0 ..\obj\stm32f4xx_iwdg.o
 .text.IWDG_WriteAccessCmd
                0x00000000       0x20 ..\obj\stm32f4xx_iwdg.o
 .text.IWDG_SetPrescaler
                0x00000000       0x20 ..\obj\stm32f4xx_iwdg.o
 .text.IWDG_SetReload
                0x00000000       0x20 ..\obj\stm32f4xx_iwdg.o
 .text.IWDG_ReloadCounter
                0x00000000       0x18 ..\obj\stm32f4xx_iwdg.o
 .text.IWDG_Enable
                0x00000000       0x18 ..\obj\stm32f4xx_iwdg.o
 .text.IWDG_GetFlagStatus
                0x00000000       0x44 ..\obj\stm32f4xx_iwdg.o
 .text          0x00000000        0x0 ..\obj\main.o
 .data          0x00000000        0x0 ..\obj\main.o
 .bss           0x00000000        0x0 ..\obj\main.o
 .text.vApplicationTickHook
                0x00000000       0x18 ..\obj\main.o
 .text          0x00000000        0x0 ..\obj\stm32f4xx_rcc.o
 .bss           0x00000000        0x0 ..\obj\stm32f4xx_rcc.o
 .text.RCC_DeInit
                0x00000000       0x84 ..\obj\stm32f4xx_rcc.o
 .text.RCC_HSEConfig
                0x00000000       0x30 ..\obj\stm32f4xx_rcc.o
 .text.RCC_WaitForHSEStartUp
                0x00000000       0x64 ..\obj\stm32f4xx_rcc.o
 .text.RCC_AdjustHSICalibrationValue
                0x00000000       0x48 ..\obj\stm32f4xx_rcc.o
 .text.RCC_HSICmd
                0x00000000       0x20 ..\obj\stm32f4xx_rcc.o
 .text.RCC_LSEConfig
                0x00000000       0x5c ..\obj\stm32f4xx_rcc.o
 .text.RCC_LSICmd
                0x00000000       0x20 ..\obj\stm32f4xx_rcc.o
 .text.RCC_PLLConfig
                0x00000000       0x4c ..\obj\stm32f4xx_rcc.o
 .text.RCC_PLLCmd
                0x00000000       0x20 ..\obj\stm32f4xx_rcc.o
 .text.RCC_PLLI2SConfig
                0x00000000       0x30 ..\obj\stm32f4xx_rcc.o
 .text.RCC_PLLI2SCmd
                0x00000000       0x20 ..\obj\stm32f4xx_rcc.o
 .text.RCC_ClockSecuritySystemCmd
                0x00000000       0x20 ..\obj\stm32f4xx_rcc.o
 .text.RCC_MCO1Config
                0x00000000       0x4c ..\obj\stm32f4xx_rcc.o
 .text.RCC_MCO2Config
                0x00000000       0x4c ..\obj\stm32f4xx_rcc.o
 .text.RCC_SYSCLKConfig
                0x00000000       0x44 ..\obj\stm32f4xx_rcc.o
 .text.RCC_GetSYSCLKSource
                0x00000000       0x20 ..\obj\stm32f4xx_rcc.o
 .text.RCC_HCLKConfig
                0x00000000       0x44 ..\obj\stm32f4xx_rcc.o
 .text.RCC_PCLK1Config
                0x00000000       0x44 ..\obj\stm32f4xx_rcc.o
 .text.RCC_PCLK2Config
                0x00000000       0x48 ..\obj\stm32f4xx_rcc.o
 .text.RCC_RTCCLKConfig
                0x00000000       0x7c ..\obj\stm32f4xx_rcc.o
 .text.RCC_RTCCLKCmd
                0x00000000       0x20 ..\obj\stm32f4xx_rcc.o
 .text.RCC_BackupResetCmd
                0x00000000       0x20 ..\obj\stm32f4xx_rcc.o
 .text.RCC_I2SCLKConfig
                0x00000000       0x20 ..\obj\stm32f4xx_rcc.o
 .text.RCC_AHB2PeriphClockCmd
                0x00000000       0x5c ..\obj\stm32f4xx_rcc.o
 .text.RCC_AHB3PeriphClockCmd
                0x00000000       0x5c ..\obj\stm32f4xx_rcc.o
 .text.RCC_AHB1PeriphResetCmd
                0x00000000       0x5c ..\obj\stm32f4xx_rcc.o
 .text.RCC_AHB2PeriphResetCmd
                0x00000000       0x5c ..\obj\stm32f4xx_rcc.o
 .text.RCC_AHB3PeriphResetCmd
                0x00000000       0x5c ..\obj\stm32f4xx_rcc.o
 .text.RCC_APB1PeriphResetCmd
                0x00000000       0x5c ..\obj\stm32f4xx_rcc.o
 .text.RCC_APB2PeriphResetCmd
                0x00000000       0x5c ..\obj\stm32f4xx_rcc.o
 .text.RCC_AHB1PeriphClockLPModeCmd
                0x00000000       0x5c ..\obj\stm32f4xx_rcc.o
 .text.RCC_AHB2PeriphClockLPModeCmd
                0x00000000       0x5c ..\obj\stm32f4xx_rcc.o
 .text.RCC_AHB3PeriphClockLPModeCmd
                0x00000000       0x5c ..\obj\stm32f4xx_rcc.o
 .text.RCC_APB1PeriphClockLPModeCmd
                0x00000000       0x5c ..\obj\stm32f4xx_rcc.o
 .text.RCC_APB2PeriphClockLPModeCmd
                0x00000000       0x5c ..\obj\stm32f4xx_rcc.o
 .text.RCC_ITConfig
                0x00000000       0x64 ..\obj\stm32f4xx_rcc.o
 .text.RCC_GetFlagStatus
                0x00000000       0x90 ..\obj\stm32f4xx_rcc.o
 .text.RCC_ClearFlag
                0x00000000       0x24 ..\obj\stm32f4xx_rcc.o
 .text.RCC_GetITStatus
                0x00000000       0x44 ..\obj\stm32f4xx_rcc.o
 .text.RCC_ClearITPendingBit
                0x00000000       0x20 ..\obj\stm32f4xx_rcc.o
 .text          0x00000000        0x0 ..\obj\timers.o
 .data          0x00000000        0x0 ..\obj\timers.o
 .bss           0x00000000        0x0 ..\obj\timers.o
 .text          0x00000000        0x0 ..\obj\watchdog.o
 .data          0x00000000        0x0 ..\obj\watchdog.o
 .bss           0x00000000        0x0 ..\obj\watchdog.o
 .rodata        0x00000000        0x8 ..\obj\watchdog.o
 .text.Watchdog_Init
                0x00000000       0x90 ..\obj\watchdog.o
 .text.Watchdog_Task
                0x00000000       0x6c ..\obj\watchdog.o
 .text          0x00000000        0x0 ..\obj\tasks.o
 .text.vTaskDelete
                0x00000000       0xc0 ..\obj\tasks.o
 .text.vTaskDelayUntil
                0x00000000       0xd0 ..\obj\tasks.o
 .text.vTaskPrioritySet
                0x00000000      0x13c ..\obj\tasks.o
 .text.vTaskSuspend
                0x00000000       0xc0 ..\obj\tasks.o
 .text.xTaskIsTaskSuspended
                0x00000000       0x60 ..\obj\tasks.o
 .text.vTaskResume
                0x00000000       0xbc ..\obj\tasks.o
 .text.xTaskResumeFromISR
                0x00000000       0xe4 ..\obj\tasks.o
 .text.vTaskEndScheduler
                0x00000000       0x20 ..\obj\tasks.o
 .text.xTaskGetTickCount
                0x00000000       0x28 ..\obj\tasks.o
 .text.xTaskGetTickCountFromISR
                0x00000000       0x38 ..\obj\tasks.o
 .text.uxTaskGetNumberOfTasks
                0x00000000       0x18 ..\obj\tasks.o
 .text          0x00000000        0x0 ..\obj\stm32f4xx_gpio.o
 .data          0x00000000        0x0 ..\obj\stm32f4xx_gpio.o
 .bss           0x00000000        0x0 ..\obj\stm32f4xx_gpio.o
 .text.GPIO_DeInit
                0x00000000      0x178 ..\obj\stm32f4xx_gpio.o
 .text.GPIO_StructInit
                0x00000000       0x3c ..\obj\stm32f4xx_gpio.o
 .text.GPIO_PinLockConfig
                0x00000000       0x44 ..\obj\stm32f4xx_gpio.o
 .text.GPIO_ReadInputDataBit
                0x00000000       0x40 ..\obj\stm32f4xx_gpio.o
 .text.GPIO_ReadInputData
                0x00000000       0x1c ..\obj\stm32f4xx_gpio.o
 .text.GPIO_ReadOutputDataBit
                0x00000000       0x40 ..\obj\stm32f4xx_gpio.o
 .text.GPIO_ReadOutputData
                0x00000000       0x1c ..\obj\stm32f4xx_gpio.o
 .text.GPIO_SetBits
                0x00000000       0x1c ..\obj\stm32f4xx_gpio.o
 .text.GPIO_ResetBits
                0x00000000       0x1c ..\obj\stm32f4xx_gpio.o
 .text.GPIO_WriteBit
                0x00000000       0x30 ..\obj\stm32f4xx_gpio.o
 .text.GPIO_Write
                0x00000000       0x1c ..\obj\stm32f4xx_gpio.o
 .text.GPIO_ToggleBits
                0x00000000       0x24 ..\obj\stm32f4xx_gpio.o
 .text          0x00000000        0x0 ..\obj\list.o
 .data          0x00000000        0x0 ..\obj\list.o
 .bss           0x00000000        0x0 ..\obj\list.o
 .text          0x00000000        0x0 ..\obj\system_stm32f4xx.o
 .data          0x00000000       0x14 ..\obj\system_stm32f4xx.o
 .bss           0x00000000        0x0 ..\obj\system_stm32f4xx.o
 .text.SystemCoreClockUpdate
                0x00000000      0x178 ..\obj\system_stm32f4xx.o
 .text          0x00000000        0x0 ..\obj\syscalls.o
 .data          0x00000000        0x0 ..\obj\syscalls.o
 .bss           0x00000000        0x4 ..\obj\syscalls.o
 .text._sbrk    0x00000000       0x5c ..\obj\syscalls.o
 .text.link     0x00000000       0x1c ..\obj\syscalls.o
 .text._close   0x00000000       0x18 ..\obj\syscalls.o
 .text._fstat   0x00000000       0x24 ..\obj\syscalls.o
 .text._isatty  0x00000000       0x18 ..\obj\syscalls.o
 .text._lseek   0x00000000       0x1c ..\obj\syscalls.o
 .text._read    0x00000000       0x1c ..\obj\syscalls.o
 .text._write   0x00000000       0x1c ..\obj\syscalls.o
 .text.abort    0x00000000        0x8 ..\obj\syscalls.o
 .text          0x00000000        0x0 ..\obj\hall_sensors.o
 .text          0x00000000        0x0 ..\obj\queue.o
 .data          0x00000000        0x0 ..\obj\queue.o
 .bss           0x00000000        0x0 ..\obj\queue.o
 .text.xQueueCreateMutex
                0x00000000       0xac ..\obj\queue.o
 .text.xQueueReceiveFromISR
                0x00000000       0xd0 ..\obj\queue.o
 .text.uxQueueMessagesWaiting
                0x00000000       0x34 ..\obj\queue.o
 .text.uxQueueMessagesWaitingFromISR
                0x00000000       0x2c ..\obj\queue.o
 .text.vQueueDelete
                0x00000000       0x30 ..\obj\queue.o
 .text.xQueueIsQueueEmptyFromISR
                0x00000000       0x34 ..\obj\queue.o
 .text.xQueueIsQueueFullFromISR
                0x00000000       0x3c ..\obj\queue.o
 .text          0x00000000        0x0 ..\obj\port.o
 .bss           0x00000000        0x0 ..\obj\port.o
 .rodata        0x00000000        0x4 ..\obj\port.o
 .text.vPortEndScheduler
                0x00000000        0xc ..\obj\port.o
 .text          0x00000000        0x0 ..\obj\address_dev.o
 .data          0x00000000        0x0 ..\obj\address_dev.o
 .bss           0x00000000        0x0 ..\obj\address_dev.o
 .text          0x00000000        0x0 ..\obj\croutine.o
 .data          0x00000000        0x0 ..\obj\croutine.o
 .bss           0x00000000       0x80 ..\obj\croutine.o
 .text.xCoRoutineCreate
                0x00000000       0xf4 ..\obj\croutine.o
 .text.vCoRoutineAddToDelayedList
                0x00000000       0xb4 ..\obj\croutine.o
 .text.prvCheckPendingReadyList
                0x00000000       0xa0 ..\obj\croutine.o
 .text.prvCheckDelayedList
                0x00000000      0x170 ..\obj\croutine.o
 .text.vCoRoutineSchedule
                0x00000000       0xf0 ..\obj\croutine.o
 .text.prvInitialiseCoRoutineLists
                0x00000000       0x8c ..\obj\croutine.o
 .text.xCoRoutineRemoveFromEventList
                0x00000000       0x60 ..\obj\croutine.o
 .text          0x00000000        0x0 ..\obj\channels.o
 .data          0x00000000        0x0 ..\obj\channels.o
 .bss           0x00000000        0x0 ..\obj\channels.o
 .text          0x00000000        0x0 ..\obj\stm32f4xx_exti.o
 .data          0x00000000        0x0 ..\obj\stm32f4xx_exti.o
 .bss           0x00000000        0x0 ..\obj\stm32f4xx_exti.o
 .text.EXTI_DeInit
                0x00000000       0x54 ..\obj\stm32f4xx_exti.o
 .text.EXTI_StructInit
                0x00000000       0x34 ..\obj\stm32f4xx_exti.o
 .text.EXTI_GenerateSWInterrupt
                0x00000000       0x30 ..\obj\stm32f4xx_exti.o
 .text.EXTI_GetFlagStatus
                0x00000000       0x40 ..\obj\stm32f4xx_exti.o
 .text.EXTI_ClearFlag
                0x00000000       0x20 ..\obj\stm32f4xx_exti.o
 .text          0x00000000        0x0 ..\obj\misc.o
 .data          0x00000000        0x0 ..\obj\misc.o
 .bss           0x00000000        0x0 ..\obj\misc.o
 .text.NVIC_SetVectorTable
                0x00000000       0x2c ..\obj\misc.o
 .text.NVIC_SystemLPConfig
                0x00000000       0x5c ..\obj\misc.o
 .text.SysTick_CLKSourceConfig
                0x00000000       0x4c ..\obj\misc.o
 .text          0x00000000        0x0 ..\obj\heap_1.o
 .data          0x00000000        0x0 ..\obj\heap_1.o
 .text.vPortInitialiseBlocks
                0x00000000       0x18 ..\obj\heap_1.o
 .text          0x00000000        0x0 ..\obj\stm32f4xx_tim.o
 .data          0x00000000        0x0 ..\obj\stm32f4xx_tim.o
 .bss           0x00000000        0x0 ..\obj\stm32f4xx_tim.o
 .text.TIM_DeInit
                0x00000000      0x238 ..\obj\stm32f4xx_tim.o
 .text.TIM_PrescalerConfig
                0x00000000       0x28 ..\obj\stm32f4xx_tim.o
 .text.TIM_CounterModeConfig
                0x00000000       0x3c ..\obj\stm32f4xx_tim.o
 .text.TIM_SetCounter
                0x00000000       0x1c ..\obj\stm32f4xx_tim.o
 .text.TIM_SetAutoreload
                0x00000000       0x1c ..\obj\stm32f4xx_tim.o
 .text.TIM_GetCounter
                0x00000000       0x18 ..\obj\stm32f4xx_tim.o
 .text.TIM_GetPrescaler
                0x00000000       0x1c ..\obj\stm32f4xx_tim.o
 .text.TIM_UpdateDisableConfig
                0x00000000       0x40 ..\obj\stm32f4xx_tim.o
 .text.TIM_UpdateRequestConfig
                0x00000000       0x40 ..\obj\stm32f4xx_tim.o
 .text.TIM_ARRPreloadConfig
                0x00000000       0x40 ..\obj\stm32f4xx_tim.o
 .text.TIM_SelectOnePulseMode
                0x00000000       0x38 ..\obj\stm32f4xx_tim.o
 .text.TIM_SetClockDivision
                0x00000000       0x38 ..\obj\stm32f4xx_tim.o
 .text.TIM_OC1Init
                0x00000000      0x10c ..\obj\stm32f4xx_tim.o
 .text.TIM_OC2Init
                0x00000000      0x134 ..\obj\stm32f4xx_tim.o
 .text.TIM_OC3Init
                0x00000000      0x130 ..\obj\stm32f4xx_tim.o
 .text.TIM_OC4Init
                0x00000000       0xe8 ..\obj\stm32f4xx_tim.o
 .text.TIM_OCStructInit
                0x00000000       0x54 ..\obj\stm32f4xx_tim.o
 .text.TIM_SelectOCxM
                0x00000000       0xc8 ..\obj\stm32f4xx_tim.o
 .text.TIM_SetCompare1
                0x00000000       0x1c ..\obj\stm32f4xx_tim.o
 .text.TIM_SetCompare2
                0x00000000       0x1c ..\obj\stm32f4xx_tim.o
 .text.TIM_SetCompare3
                0x00000000       0x1c ..\obj\stm32f4xx_tim.o
 .text.TIM_SetCompare4
                0x00000000       0x1c ..\obj\stm32f4xx_tim.o
 .text.TIM_ForcedOC1Config
                0x00000000       0x3c ..\obj\stm32f4xx_tim.o
 .text.TIM_ForcedOC2Config
                0x00000000       0x40 ..\obj\stm32f4xx_tim.o
 .text.TIM_ForcedOC3Config
                0x00000000       0x3c ..\obj\stm32f4xx_tim.o
 .text.TIM_ForcedOC4Config
                0x00000000       0x40 ..\obj\stm32f4xx_tim.o
 .text.TIM_OC1PreloadConfig
                0x00000000       0x3c ..\obj\stm32f4xx_tim.o
 .text.TIM_OC2PreloadConfig
                0x00000000       0x40 ..\obj\stm32f4xx_tim.o
 .text.TIM_OC3PreloadConfig
                0x00000000       0x3c ..\obj\stm32f4xx_tim.o
 .text.TIM_OC4PreloadConfig
                0x00000000       0x40 ..\obj\stm32f4xx_tim.o
 .text.TIM_OC1FastConfig
                0x00000000       0x3c ..\obj\stm32f4xx_tim.o
 .text.TIM_OC2FastConfig
                0x00000000       0x40 ..\obj\stm32f4xx_tim.o
 .text.TIM_OC3FastConfig
                0x00000000       0x3c ..\obj\stm32f4xx_tim.o
 .text.TIM_OC4FastConfig
                0x00000000       0x40 ..\obj\stm32f4xx_tim.o
 .text.TIM_ClearOC1Ref
                0x00000000       0x3c ..\obj\stm32f4xx_tim.o
 .text.TIM_ClearOC2Ref
                0x00000000       0x44 ..\obj\stm32f4xx_tim.o
 .text.TIM_ClearOC3Ref
                0x00000000       0x3c ..\obj\stm32f4xx_tim.o
 .text.TIM_ClearOC4Ref
                0x00000000       0x44 ..\obj\stm32f4xx_tim.o
 .text.TIM_OC1PolarityConfig
                0x00000000       0x3c ..\obj\stm32f4xx_tim.o
 .text.TIM_OC1NPolarityConfig
                0x00000000       0x3c ..\obj\stm32f4xx_tim.o
 .text.TIM_OC2PolarityConfig
                0x00000000       0x40 ..\obj\stm32f4xx_tim.o
 .text.TIM_OC2NPolarityConfig
                0x00000000       0x40 ..\obj\stm32f4xx_tim.o
 .text.TIM_OC3PolarityConfig
                0x00000000       0x40 ..\obj\stm32f4xx_tim.o
 .text.TIM_OC3NPolarityConfig
                0x00000000       0x40 ..\obj\stm32f4xx_tim.o
 .text.TIM_OC4PolarityConfig
                0x00000000       0x40 ..\obj\stm32f4xx_tim.o
 .text.TIM_CCxCmd
                0x00000000       0x60 ..\obj\stm32f4xx_tim.o
 .text.TIM_CCxNCmd
                0x00000000       0x60 ..\obj\stm32f4xx_tim.o
 .text.TIM_ICInit
                0x00000000       0xa8 ..\obj\stm32f4xx_tim.o
 .text.TIM_ICStructInit
                0x00000000       0x3c ..\obj\stm32f4xx_tim.o
 .text.TIM_PWMIConfig
                0x00000000       0xc4 ..\obj\stm32f4xx_tim.o
 .text.TIM_GetCapture1
                0x00000000       0x18 ..\obj\stm32f4xx_tim.o
 .text.TIM_GetCapture2
                0x00000000       0x18 ..\obj\stm32f4xx_tim.o
 .text.TIM_GetCapture3
                0x00000000       0x18 ..\obj\stm32f4xx_tim.o
 .text.TIM_GetCapture4
                0x00000000       0x18 ..\obj\stm32f4xx_tim.o
 .text.TIM_SetIC1Prescaler
                0x00000000       0x38 ..\obj\stm32f4xx_tim.o
 .text.TIM_SetIC2Prescaler
                0x00000000       0x40 ..\obj\stm32f4xx_tim.o
 .text.TIM_SetIC3Prescaler
                0x00000000       0x38 ..\obj\stm32f4xx_tim.o
 .text.TIM_SetIC4Prescaler
                0x00000000       0x40 ..\obj\stm32f4xx_tim.o
 .text.TIM_BDTRConfig
                0x00000000       0x5c ..\obj\stm32f4xx_tim.o
 .text.TIM_BDTRStructInit
                0x00000000       0x4c ..\obj\stm32f4xx_tim.o
 .text.TIM_CtrlPWMOutputs
                0x00000000       0x50 ..\obj\stm32f4xx_tim.o
 .text.TIM_SelectCOM
                0x00000000       0x40 ..\obj\stm32f4xx_tim.o
 .text.TIM_CCPreloadControl
                0x00000000       0x40 ..\obj\stm32f4xx_tim.o
 .text.TIM_GenerateEvent
                0x00000000       0x1c ..\obj\stm32f4xx_tim.o
 .text.TIM_GetFlagStatus
                0x00000000       0x40 ..\obj\stm32f4xx_tim.o
 .text.TIM_ClearFlag
                0x00000000       0x24 ..\obj\stm32f4xx_tim.o
 .text.TIM_GetITStatus
                0x00000000       0x64 ..\obj\stm32f4xx_tim.o
 .text.TIM_ClearITPendingBit
                0x00000000       0x24 ..\obj\stm32f4xx_tim.o
 .text.TIM_DMAConfig
                0x00000000       0x2c ..\obj\stm32f4xx_tim.o
 .text.TIM_DMACmd
                0x00000000       0x4c ..\obj\stm32f4xx_tim.o
 .text.TIM_SelectCCDMA
                0x00000000       0x40 ..\obj\stm32f4xx_tim.o
 .text.TIM_InternalClockConfig
                0x00000000       0x24 ..\obj\stm32f4xx_tim.o
 .text.TIM_ITRxExternalClockConfig
                0x00000000       0x30 ..\obj\stm32f4xx_tim.o
 .text.TIM_TIxExternalClockConfig
                0x00000000       0x58 ..\obj\stm32f4xx_tim.o
 .text.TIM_ETRClockMode1Config
                0x00000000       0x54 ..\obj\stm32f4xx_tim.o
 .text.TIM_ETRClockMode2Config
                0x00000000       0x34 ..\obj\stm32f4xx_tim.o
 .text.TIM_SelectInputTrigger
                0x00000000       0x3c ..\obj\stm32f4xx_tim.o
 .text.TIM_SelectOutputTrigger
                0x00000000       0x38 ..\obj\stm32f4xx_tim.o
 .text.TIM_SelectSlaveMode
                0x00000000       0x38 ..\obj\stm32f4xx_tim.o
 .text.TIM_SelectMasterSlaveMode
                0x00000000       0x38 ..\obj\stm32f4xx_tim.o
 .text.TIM_ETRConfig
                0x00000000       0x54 ..\obj\stm32f4xx_tim.o
 .text.TIM_EncoderInterfaceConfig
                0x00000000       0x98 ..\obj\stm32f4xx_tim.o
 .text.TIM_SelectHallSensor
                0x00000000       0x40 ..\obj\stm32f4xx_tim.o
 .text.TIM_RemapConfig
                0x00000000       0x20 ..\obj\stm32f4xx_tim.o
 .text.TI1_Config
                0x00000000       0x84 ..\obj\stm32f4xx_tim.o
 .text.TI2_Config
                0x00000000       0xa4 ..\obj\stm32f4xx_tim.o
 .text.TI3_Config
                0x00000000       0x94 ..\obj\stm32f4xx_tim.o
 .text.TI4_Config
                0x00000000       0xac ..\obj\stm32f4xx_tim.o
 .text          0x00000000        0x0 ..\obj\power_detector.o
 .data          0x00000000        0x0 ..\obj\power_detector.o
 .bss           0x00000000        0x0 ..\obj\power_detector.o
 .text.Power_Detector_Init
                0x00000000       0x80 ..\obj\power_detector.o
 .data          0x00000000        0x0 c:/coocox/coide/gcc/sourcery g++ lite/bin/../lib/gcc/arm-none-eabi/4.5.1/../../../../arm-none-eabi/lib/thumb2\libc.a(lib_a-memcmp.o)
 .bss           0x00000000        0x0 c:/coocox/coide/gcc/sourcery g++ lite/bin/../lib/gcc/arm-none-eabi/4.5.1/../../../../arm-none-eabi/lib/thumb2\libc.a(lib_a-memcmp.o)
 .data          0x00000000        0x0 c:/coocox/coide/gcc/sourcery g++ lite/bin/../lib/gcc/arm-none-eabi/4.5.1/../../../../arm-none-eabi/lib/thumb2\libc.a(lib_a-memcpy.o)
 .bss           0x00000000        0x0 c:/coocox/coide/gcc/sourcery g++ lite/bin/../lib/gcc/arm-none-eabi/4.5.1/../../../../arm-none-eabi/lib/thumb2\libc.a(lib_a-memcpy.o)
 .data          0x00000000        0x0 c:/coocox/coide/gcc/sourcery g++ lite/bin/../lib/gcc/arm-none-eabi/4.5.1/../../../../arm-none-eabi/lib/thumb2\libc.a(lib_a-memset.o)
 .bss           0x00000000        0x0 c:/coocox/coide/gcc/sourcery g++ lite/bin/../lib/gcc/arm-none-eabi/4.5.1/../../../../arm-none-eabi/lib/thumb2\libc.a(lib_a-memset.o)
 .data          0x00000000        0x0 c:/coocox/coide/gcc/sourcery g++ lite/bin/../lib/gcc/arm-none-eabi/4.5.1/../../../../arm-none-eabi/lib/thumb2\libc.a(lib_a-strncpy.o)
 .bss           0x00000000        0x0 c:/coocox/coide/gcc/sourcery g++ lite/bin/../lib/gcc/arm-none-eabi/4.5.1/../../../../arm-none-eabi/lib/thumb2\libc.a(lib_a-strncpy.o)

Memory Configuration

Name             Origin             Length             Attributes
rom              0x08000000         0x00100000         xr
ram              0x20000000         0x00020000         xrw
ram1             0x10000000         0x00000000         xrw
*default*        0x00000000         0xffffffff

Linker script and memory map

                0x20020000                _eram = 0x20020000

.text           0x08000000     0x522c
 *(.isr_vector .isr_vector.*)
 .isr_vector    0x08000000      0x188 ..\obj\startup_stm32f4xx.o
                0x08000000                g_pfnVectors
 *(.text .text.* .gnu.linkonce.t.*)
 .text.SYSCFG_EXTILineConfig
                0x08000188       0xb4 ..\obj\stm32f4xx_syscfg.o
                0x08000188                SYSCFG_EXTILineConfig
 .text.USART_Init
                0x0800023c      0x1bc ..\obj\stm32f4xx_usart.o
                0x0800023c                USART_Init
 .text.USART_Cmd
                0x080003f8       0x40 ..\obj\stm32f4xx_usart.o
                0x080003f8                USART_Cmd
 .text.USART_ITConfig
                0x08000438       0xa8 ..\obj\stm32f4xx_usart.o
                0x08000438                USART_ITConfig
 .text.USART_ClearFlag
                0x080004e0       0x24 ..\obj\stm32f4xx_usart.o
                0x080004e0                USART_ClearFlag
 .text.USART_GetITStatus
                0x08000504       0xcc ..\obj\stm32f4xx_usart.o
                0x08000504                USART_GetITStatus
 .text.USART_ClearITPendingBit
                0x080005d0       0x44 ..\obj\stm32f4xx_usart.o
                0x080005d0                USART_ClearITPendingBit
 .text.NVIC_EnableIRQ
                0x08000614       0x38 ..\obj\proto.o
 .text.USART3_IRQHandler
                0x0800064c      0x490 ..\obj\proto.o
                0x0800064c                USART3_IRQHandler
 .text.Proto_Init
                0x08000adc      0x2b4 ..\obj\proto.o
                0x08000adc                Proto_Init
 .text.Send_Info
                0x08000d90      0x234 ..\obj\proto.o
                0x08000d90                Send_Info
 .text.Node_Full_Init
                0x08000fc4       0x10 ..\obj\proto.o
                0x08000fc4                Node_Full_Init
 .text.Channel_List_Init
                0x08000fd4       0x10 ..\obj\proto.o
                0x08000fd4                Channel_List_Init
 .text.Channel_Get_Data
                0x08000fe4       0x10 ..\obj\proto.o
                0x08000fe4                Channel_Get_Data
 .text.Channel_Set_Parameters
                0x08000ff4       0x10 ..\obj\proto.o
                0x08000ff4                Channel_Set_Parameters
 .text.Channel_Set_Order_Query
                0x08001004       0x10 ..\obj\proto.o
                0x08001004                Channel_Set_Order_Query
 .text.Channel_Get_Data_Order
                0x08001014       0x10 ..\obj\proto.o
                0x08001014                Channel_Get_Data_Order
 .text.Channel_Set_State
                0x08001024       0x10 ..\obj\proto.o
                0x08001024                Channel_Set_State
 .text.Channel_Get_Data_Order_M2
                0x08001034       0x10 ..\obj\proto.o
                0x08001034                Channel_Get_Data_Order_M2
 .text.Channel_Set_Reset_State_Flags
                0x08001044       0x20 ..\obj\proto.o
                0x08001044                Channel_Set_Reset_State_Flags
 .text.Channel_All_Get_Data
                0x08001064      0x444 ..\obj\proto.o
                0x08001064                Channel_All_Get_Data
 .text.Request_Error
                0x080014a8       0xc4 ..\obj\proto.o
                0x080014a8                Request_Error
 .text.ProtoBufHandling
                0x0800156c      0x174 ..\obj\proto.o
                0x0800156c                ProtoBufHandling
 .text.ProtoProcess
                0x080016e0      0x1dc ..\obj\proto.o
                0x080016e0                ProtoProcess
 .text.CRC_Check
                0x080018bc       0x88 ..\obj\proto.o
                0x080018bc                CRC_Check
 .text.Default_Reset_Handler
                0x08001944       0x78 ..\obj\startup_stm32f4xx.o
                0x08001944                Default_Reset_Handler
                0x08001944                Reset_Handler
 .text.Default_Handler
                0x080019bc        0x8 ..\obj\startup_stm32f4xx.o
                0x080019bc                RTC_Alarm_IRQHandler
                0x080019bc                HASH_RNG_IRQHandler
                0x080019bc                TIM8_CC_IRQHandler
                0x080019bc                DebugMon_Handler
                0x080019bc                TIM1_CC_IRQHandler
                0x080019bc                DMA2_Stream5_IRQHandler
                0x080019bc                HardFault_Handler
                0x080019bc                DMA1_Stream5_IRQHandler
                0x080019bc                SDIO_IRQHandler
                0x080019bc                TAMP_STAMP_IRQHandler
                0x080019bc                NMI_Handler
                0x080019bc                CAN2_RX1_IRQHandler
                0x080019bc                TIM8_TRG_COM_TIM14_IRQHandler
                0x080019bc                TIM1_UP_TIM10_IRQHandler
                0x080019bc                TIM8_UP_TIM13_IRQHandler
                0x080019bc                I2C3_ER_IRQHandler
                0x080019bc                I2C2_EV_IRQHandler
                0x080019bc                DMA1_Stream2_IRQHandler
                0x080019bc                CAN1_RX0_IRQHandler
                0x080019bc                FPU_IRQHandler
                0x080019bc                OTG_HS_WKUP_IRQHandler
                0x080019bc                UsageFault_Handler
                0x080019bc                CAN2_SCE_IRQHandler
                0x080019bc                DMA2_Stream2_IRQHandler
                0x080019bc                SPI1_IRQHandler
                0x080019bc                TIM6_DAC_IRQHandler
                0x080019bc                TIM1_BRK_TIM9_IRQHandler
                0x080019bc                DCMI_IRQHandler
                0x080019bc                CAN2_RX0_IRQHandler
                0x080019bc                DMA2_Stream3_IRQHandler
                0x080019bc                USART6_IRQHandler
                0x080019bc                CRYP_IRQHandler
                0x080019bc                CAN1_RX1_IRQHandler
                0x080019bc                UART5_IRQHandler
                0x080019bc                DMA2_Stream0_IRQHandler
                0x080019bc                TIM4_IRQHandler
                0x080019bc                I2C1_EV_IRQHandler
                0x080019bc                DMA1_Stream6_IRQHandler
                0x080019bc                DMA1_Stream1_IRQHandler
                0x080019bc                UART4_IRQHandler
                0x080019bc                TIM3_IRQHandler
                0x080019bc                RCC_IRQHandler
                0x080019bc                TIM8_BRK_TIM12_IRQHandler
                0x080019bc                EXTI15_10_IRQHandler
                0x080019bc                ADC_IRQHandler
                0x080019bc                DMA1_Stream7_IRQHandler
                0x080019bc                TIM7_IRQHandler
                0x080019bc                CAN2_TX_IRQHandler
                0x080019bc                TIM5_IRQHandler
                0x080019bc                DMA2_Stream7_IRQHandler
                0x080019bc                I2C3_EV_IRQHandler
                0x080019bc                EXTI9_5_IRQHandler
                0x080019bc                RTC_WKUP_IRQHandler
                0x080019bc                ETH_WKUP_IRQHandler
                0x080019bc                SPI2_IRQHandler
                0x080019bc                OTG_HS_EP1_IN_IRQHandler
                0x080019bc                MemManage_Handler
                0x080019bc                DMA1_Stream0_IRQHandler
                0x080019bc                CAN1_TX_IRQHandler
                0x080019bc                EXTI4_IRQHandler
                0x080019bc                FSMC_IRQHandler
                0x080019bc                ETH_IRQHandler
                0x080019bc                OTG_HS_EP1_OUT_IRQHandler
                0x080019bc                WWDG_IRQHandler
                0x080019bc                OTG_FS_WKUP_IRQHandler
                0x080019bc                TIM1_TRG_COM_TIM11_IRQHandler
                0x080019bc                OTG_HS_IRQHandler
                0x080019bc                USART2_IRQHandler
                0x080019bc                I2C2_ER_IRQHandler
                0x080019bc                DMA2_Stream1_IRQHandler
                0x080019bc                CAN1_SCE_IRQHandler
                0x080019bc                FLASH_IRQHandler
                0x080019bc                DMA2_Stream4_IRQHandler
                0x080019bc                BusFault_Handler
                0x080019bc                USART1_IRQHandler
                0x080019bc                OTG_FS_IRQHandler
                0x080019bc                SPI3_IRQHandler
                0x080019bc                DMA1_Stream4_IRQHandler
                0x080019bc                I2C1_ER_IRQHandler
                0x080019bc                DMA2_Stream6_IRQHandler
                0x080019bc                DMA1_Stream3_IRQHandler
 .text.main     0x080019c4       0x1c ..\obj\main.o
                0x080019c4                main
 .text.vApplicationMallocFailedHook
                0x080019e0        0x8 ..\obj\main.o
                0x080019e0                vApplicationMallocFailedHook
 .text.vApplicationStackOverflowHook
                0x080019e8        0xc ..\obj\main.o
                0x080019e8                vApplicationStackOverflowHook
 .text.vApplicationIdleHook
                0x080019f4       0x18 ..\obj\main.o
                0x080019f4                vApplicationIdleHook
 .text.RCC_GetClocksFreq
                0x08001a0c      0x1d4 ..\obj\stm32f4xx_rcc.o
                0x08001a0c                RCC_GetClocksFreq
 .text.RCC_AHB1PeriphClockCmd
                0x08001be0       0x5c ..\obj\stm32f4xx_rcc.o
                0x08001be0                RCC_AHB1PeriphClockCmd
 .text.RCC_APB1PeriphClockCmd
                0x08001c3c       0x5c ..\obj\stm32f4xx_rcc.o
                0x08001c3c                RCC_APB1PeriphClockCmd
 .text.RCC_APB2PeriphClockCmd
                0x08001c98       0x5c ..\obj\stm32f4xx_rcc.o
                0x08001c98                RCC_APB2PeriphClockCmd
 .text.xTaskGenericCreate
                0x08001cf4      0x1e0 ..\obj\tasks.o
                0x08001cf4                xTaskGenericCreate
 .text.vTaskDelay
                0x08001ed4       0x5c ..\obj\tasks.o
                0x08001ed4                vTaskDelay
 .text.vTaskStartScheduler
                0x08001f30       0x84 ..\obj\tasks.o
                0x08001f30                vTaskStartScheduler
 .text.vTaskSuspendAll
                0x08001fb4       0x24 ..\obj\tasks.o
                0x08001fb4                vTaskSuspendAll
 .text.xTaskResumeAll
                0x08001fd8      0x16c ..\obj\tasks.o
                0x08001fd8                xTaskResumeAll
 .text.vTaskIncrementTick
                0x08002144      0x1d0 ..\obj\tasks.o
                0x08002144                vTaskIncrementTick
 .text.vTaskSwitchContext
                0x08002314      0x168 ..\obj\tasks.o
                0x08002314                vTaskSwitchContext
 .text.vTaskPlaceOnEventList
                0x0800247c       0x88 ..\obj\tasks.o
                0x0800247c                vTaskPlaceOnEventList
 .text.xTaskRemoveFromEventList
                0x08002504       0xd4 ..\obj\tasks.o
                0x08002504                xTaskRemoveFromEventList
 .text.vTaskSetTimeOutState
                0x080025d8       0x40 ..\obj\tasks.o
                0x080025d8                vTaskSetTimeOutState
 .text.xTaskCheckForTimeOut
                0x08002618       0xc4 ..\obj\tasks.o
                0x08002618                xTaskCheckForTimeOut
 .text.vTaskMissedYield
                0x080026dc       0x18 ..\obj\tasks.o
                0x080026dc                vTaskMissedYield
 .text.prvIdleTask
                0x080026f4       0x24 ..\obj\tasks.o
 .text.prvInitialiseTCBVariables
                0x08002718       0x7c ..\obj\tasks.o
 .text.prvInitialiseTaskLists
                0x08002794       0xa4 ..\obj\tasks.o
 .text.prvCheckTasksWaitingTermination
                0x08002838       0x98 ..\obj\tasks.o
 .text.prvAddCurrentTaskToDelayedList
                0x080028d0       0x8c ..\obj\tasks.o
 .text.prvAllocateTCBAndStack
                0x0800295c       0x74 ..\obj\tasks.o
 .text.prvDeleteTCB
                0x080029d0       0x20 ..\obj\tasks.o
 .text.xTaskGetCurrentTaskHandle
                0x080029f0       0x20 ..\obj\tasks.o
                0x080029f0                xTaskGetCurrentTaskHandle
 .text.vTaskPriorityInherit
                0x08002a10       0xe8 ..\obj\tasks.o
                0x08002a10                vTaskPriorityInherit
 .text.vTaskPriorityDisinherit
                0x08002af8       0x90 ..\obj\tasks.o
                0x08002af8                vTaskPriorityDisinherit
 .text.GPIO_Init
                0x08002b88      0x158 ..\obj\stm32f4xx_gpio.o
                0x08002b88                GPIO_Init
 .text.GPIO_PinAFConfig
                0x08002ce0       0xb0 ..\obj\stm32f4xx_gpio.o
                0x08002ce0                GPIO_PinAFConfig
 .text.vListInitialise
                0x08002d90       0x48 ..\obj\list.o
                0x08002d90                vListInitialise
 .text.vListInitialiseItem
                0x08002dd8       0x1c ..\obj\list.o
                0x08002dd8                vListInitialiseItem
 .text.vListInsertEnd
                0x08002df4       0x54 ..\obj\list.o
                0x08002df4                vListInsertEnd
 .text.vListInsert
                0x08002e48       0x78 ..\obj\list.o
                0x08002e48                vListInsert
 .text.vListRemove
                0x08002ec0       0x54 ..\obj\list.o
                0x08002ec0                vListRemove
 .text.SystemInit
                0x08002f14       0x94 ..\obj\system_stm32f4xx.o
                0x08002f14                SystemInit
 .text.SetSysClock
                0x08002fa8      0x154 ..\obj\system_stm32f4xx.o
 .text.NVIC_EnableIRQ
                0x080030fc       0x38 ..\obj\hall_sensors.o
 .text.Hall_Sensors_Init
                0x08003134      0x2a4 ..\obj\hall_sensors.o
                0x08003134                Hall_Sensors_Init
 .text.TIM2_IRQHandler
                0x080033d8       0x30 ..\obj\hall_sensors.o
                0x080033d8                TIM2_IRQHandler
 .text.Freq_Measure_Init
                0x08003408       0x8c ..\obj\hall_sensors.o
                0x08003408                Freq_Measure_Init
 .text.EXTI0_IRQHandler
                0x08003494      0x1dc ..\obj\hall_sensors.o
                0x08003494                EXTI0_IRQHandler
 .text.EXTI1_IRQHandler
                0x08003670      0x1e8 ..\obj\hall_sensors.o
                0x08003670                EXTI1_IRQHandler
 .text.EXTI2_IRQHandler
                0x08003858      0x1e8 ..\obj\hall_sensors.o
                0x08003858                EXTI2_IRQHandler
 .text.EXTI3_IRQHandler
                0x08003a40      0x1dc ..\obj\hall_sensors.o
                0x08003a40                EXTI3_IRQHandler
 .text.Hall_Process
                0x08003c1c      0x220 ..\obj\hall_sensors.o
                0x08003c1c                Hall_Process
 .text.xQueueGenericReset
                0x08003e3c       0xc0 ..\obj\queue.o
                0x08003e3c                xQueueGenericReset
 .text.xQueueGenericCreate
                0x08003efc       0x90 ..\obj\queue.o
                0x08003efc                xQueueGenericCreate
 .text.xQueueGenericSend
                0x08003f8c      0x158 ..\obj\queue.o
                0x08003f8c                xQueueGenericSend
 .text.xQueueGenericSendFromISR
                0x080040e4       0xcc ..\obj\queue.o
                0x080040e4                xQueueGenericSendFromISR
 .text.xQueueGenericReceive
                0x080041b0      0x1bc ..\obj\queue.o
                0x080041b0                xQueueGenericReceive
 .text.prvCopyDataToQueue
                0x0800436c       0xc4 ..\obj\queue.o
 .text.prvCopyDataFromQueue
                0x08004430       0x50 ..\obj\queue.o
 .text.prvUnlockQueue
                0x08004480       0xa0 ..\obj\queue.o
 .text.prvIsQueueEmpty
                0x08004520       0x2c ..\obj\queue.o
 .text.prvIsQueueFull
                0x0800454c       0x30 ..\obj\queue.o
 .text.pxPortInitialiseStack
                0x0800457c       0x70 ..\obj\port.o
                0x0800457c                pxPortInitialiseStack
 .text.SVC_Handler
                0x080045ec       0x1c ..\obj\port.o
                0x080045ec                SVC_Handler
 .text.vPortStartFirstTask
                0x08004608       0x14 ..\obj\port.o
 .text.xPortStartScheduler
                0x0800461c       0x70 ..\obj\port.o
                0x0800461c                xPortStartScheduler
 .text.vPortYieldFromISR
                0x0800468c       0x18 ..\obj\port.o
                0x0800468c                vPortYieldFromISR
 .text.vPortEnterCritical
                0x080046a4       0x2c ..\obj\port.o
                0x080046a4                vPortEnterCritical
 .text.vPortExitCritical
                0x080046d0       0x38 ..\obj\port.o
                0x080046d0                vPortExitCritical
 .text.PendSV_Handler
                0x08004708       0x50 ..\obj\port.o
                0x08004708                PendSV_Handler
 .text.SysTick_Handler
                0x08004758       0x38 ..\obj\port.o
                0x08004758                SysTick_Handler
 .text.prvSetupTimerInterrupt
                0x08004790       0x28 ..\obj\port.o
 .text.vPortEnableVFP
                0x080047b8       0x14 ..\obj\port.o
 .text.Address_Dev_Init
                0x080047cc       0x10 ..\obj\address_dev.o
                0x080047cc                Address_Dev_Init
 .text.ChannelsInit
                0x080047dc      0x174 ..\obj\channels.o
                0x080047dc                ChannelsInit
 .text.EXTI_Init
                0x08004950      0x158 ..\obj\stm32f4xx_exti.o
                0x08004950                EXTI_Init
 .text.EXTI_GetITStatus
                0x08004aa8       0x60 ..\obj\stm32f4xx_exti.o
                0x08004aa8                EXTI_GetITStatus
 .text.EXTI_ClearITPendingBit
                0x08004b08       0x20 ..\obj\stm32f4xx_exti.o
                0x08004b08                EXTI_ClearITPendingBit
 .text.NVIC_PriorityGroupConfig
                0x08004b28       0x28 ..\obj\misc.o
                0x08004b28                NVIC_PriorityGroupConfig
 .text.NVIC_Init
                0x08004b50       0xe8 ..\obj\misc.o
                0x08004b50                NVIC_Init
 .text.pvPortMalloc
                0x08004c38       0xa4 ..\obj\heap_1.o
                0x08004c38                pvPortMalloc
 .text.vPortFree
                0x08004cdc       0x14 ..\obj\heap_1.o
                0x08004cdc                vPortFree
 .text.xPortGetFreeHeapSize
                0x08004cf0       0x1c ..\obj\heap_1.o
                0x08004cf0                xPortGetFreeHeapSize
 .text.TIM_TimeBaseInit
                0x08004d0c       0xf8 ..\obj\stm32f4xx_tim.o
                0x08004d0c                TIM_TimeBaseInit
 .text.TIM_TimeBaseStructInit
                0x08004e04       0x3c ..\obj\stm32f4xx_tim.o
                0x08004e04                TIM_TimeBaseStructInit
 .text.TIM_Cmd  0x08004e40       0x40 ..\obj\stm32f4xx_tim.o
                0x08004e40                TIM_Cmd
 .text.TIM_ITConfig
                0x08004e80       0x4c ..\obj\stm32f4xx_tim.o
                0x08004e80                TIM_ITConfig
 .text.NVIC_SystemReset
                0x08004ecc       0x34 ..\obj\power_detector.o
 .text.PVD_IRQHandler
                0x08004f00       0x20 ..\obj\power_detector.o
                0x08004f00                PVD_IRQHandler
 .text          0x08004f20       0x58 c:/coocox/coide/gcc/sourcery g++ lite/bin/../lib/gcc/arm-none-eabi/4.5.1/../../../../arm-none-eabi/lib/thumb2\libc.a(lib_a-memcmp.o)
                0x08004f20                memcmp
 .text          0x08004f78      0x150 c:/coocox/coide/gcc/sourcery g++ lite/bin/../lib/gcc/arm-none-eabi/4.5.1/../../../../arm-none-eabi/lib/thumb2\libc.a(lib_a-memcpy.o)
                0x08004f78                memcpy
 .text          0x080050c8       0xb4 c:/coocox/coide/gcc/sourcery g++ lite/bin/../lib/gcc/arm-none-eabi/4.5.1/../../../../arm-none-eabi/lib/thumb2\libc.a(lib_a-memset.o)
                0x080050c8                memset
 .text          0x0800517c       0x7c c:/coocox/coide/gcc/sourcery g++ lite/bin/../lib/gcc/arm-none-eabi/4.5.1/../../../../arm-none-eabi/lib/thumb2\libc.a(lib_a-strncpy.o)
                0x0800517c                strncpy
 *(.glue_7t)
 .glue_7t       0x00000000        0x0 linker stubs
 *(.glue_7)
 .glue_7        0x00000000        0x0 linker stubs
 *(.rodata .rodata* .gnu.linkonce.r.*)
 .rodata        0x080051f8        0x8 ..\obj\proto.o
 .rodata        0x08005200       0x1c ..\obj\tasks.o
 .rodata        0x0800521c       0x10 ..\obj\hall_sensors.o

.vfp11_veneer   0x0800522c        0x0
 .vfp11_veneer  0x00000000        0x0 linker stubs

.v4_bx          0x0800522c        0x0
 .v4_bx         0x00000000        0x0 linker stubs

.ARM.extab
 *(.ARM.extab* .gnu.linkonce.armextab.*)

.ARM.exidx
 *(.ARM.exidx* .gnu.linkonce.armexidx.*)
                0x0800522c                . = ALIGN (0x4)
                0x0800522c                _etext = .
                0x0800522c                _sidata = .

.data           0x20000000       0x6c load address 0x0800522c
                0x20000000                _sdata = .
 *(.data .data.*)
 .data          0x20000000       0x4c ..\obj\proto.o
                0x20000000                DEV_NAME
                0x20000014                NOTICE
                0x2000003c                VERSION
                0x20000044                ADRESS_DEV
                0x20000045                dev_desc_len
                0x20000046                STATE_BYTE
                0x20000047                symbol
                0x20000048                proto_type
 .data          0x2000004c       0x10 ..\obj\stm32f4xx_rcc.o
 .data          0x2000005c        0x4 ..\obj\tasks.o
 .data          0x20000060        0x8 ..\obj\hall_sensors.o
 .data          0x20000068        0x4 ..\obj\port.o
                0x2000006c                . = ALIGN (0x4)
                0x2000006c                _edata = .

.bss            0x20000070     0x1fb4 load address 0x0800529c
                0x20000070                _sbss = .
 *(.bss .bss.*)
 .bss           0x20000070        0x8 ..\obj\proto.o
                0x20000070                frame_len
                0x20000072                fr_err
 .bss           0x20000078      0x100 ..\obj\tasks.o
                0x20000078                pxCurrentTCB
 .bss           0x20000178        0x8 ..\obj\hall_sensors.o
                0x2000017c                period_overload
 .bss           0x20000180     0x1c08 ..\obj\heap_1.o
 *(COMMON)
 COMMON         0x20001d88      0x213 ..\obj\proto.o
                0x20001d88                RecieveBuf
                0x20001e88                transf_count
                0x20001e89                recieve_count
                0x20001e8c                sym_8_to_float
                0x20001e90                COMMAND_ERR
                0x20001e91                buf_len
                0x20001e94                TransferBuf
                0x20001f94                xProtoSemaphore
                0x20001f98                crc_n_ERR
                0x20001f99                CUT_OUT_NULL
                0x20001f9a                PROTO_HAS_START
 *fill*         0x20001f9b        0x1 00
 COMMON         0x20001f9c       0x10 ..\obj\watchdog.o
                0x20001f9c                task_watches
 COMMON         0x20001fac       0x24 ..\obj\hall_sensors.o
                0x20001fac                p_queue
 COMMON         0x20001fd0       0x54 ..\obj\channels.o
                0x20001fd0                channels
                0x20002024                . = ALIGN (0x4)
                0x20002024                _ebss = .

.co_stack       0x20002024      0x804 load address 0x08007250
                0x20002028                . = ALIGN (0x8)
 *fill*         0x20002024        0x4 00
 *(.co_stack .co_stack.*)
 .co_stack      0x20002028      0x800 ..\obj\startup_stm32f4xx.o
                0x20002028                pulStack
                0x20002828                . = ALIGN (0x4)
                0x20002828                _end = .
LOAD ..\obj\stm32f4xx_syscfg.o
LOAD ..\obj\core_cm3.o
LOAD ..\obj\stm32f4xx_usart.o
LOAD ..\obj\stm32f4xx_pwr.o
LOAD ..\obj\proto.o
LOAD ..\obj\startup_stm32f4xx.o
LOAD ..\obj\stm32f4xx_iwdg.o
LOAD ..\obj\main.o
LOAD ..\obj\stm32f4xx_rcc.o
LOAD ..\obj\timers.o
LOAD ..\obj\watchdog.o
LOAD ..\obj\tasks.o
LOAD ..\obj\stm32f4xx_gpio.o
LOAD ..\obj\list.o
LOAD ..\obj\system_stm32f4xx.o
LOAD ..\obj\syscalls.o
LOAD ..\obj\hall_sensors.o
LOAD ..\obj\queue.o
LOAD ..\obj\port.o
LOAD ..\obj\address_dev.o
LOAD ..\obj\croutine.o
LOAD ..\obj\channels.o
LOAD ..\obj\stm32f4xx_exti.o
LOAD ..\obj\misc.o
LOAD ..\obj\heap_1.o
LOAD ..\obj\stm32f4xx_tim.o
LOAD ..\obj\power_detector.o
START GROUP
LOAD c:/coocox/coide/gcc/sourcery g++ lite/bin/../lib/gcc/arm-none-eabi/4.5.1/thumb2\libgcc.a
LOAD c:/coocox/coide/gcc/sourcery g++ lite/bin/../lib/gcc/arm-none-eabi/4.5.1/../../../../arm-none-eabi/lib/thumb2\libc.a
END GROUP
OUTPUT(tablo_proto_test.elf elf32-littlearm)

.debug_abbrev   0x00000000     0x205b
 .debug_abbrev  0x00000000      0x12a ..\obj\stm32f4xx_syscfg.o
 .debug_abbrev  0x0000012a       0xd5 ..\obj\core_cm3.o
 .debug_abbrev  0x000001ff      0x14e ..\obj\stm32f4xx_usart.o
 .debug_abbrev  0x0000034d      0x175 ..\obj\stm32f4xx_pwr.o
 .debug_abbrev  0x000004c2      0x246 ..\obj\proto.o
 .debug_abbrev  0x00000708       0xac ..\obj\startup_stm32f4xx.o
 .debug_abbrev  0x000007b4       0xfa ..\obj\stm32f4xx_iwdg.o
 .debug_abbrev  0x000008ae       0xd8 ..\obj\main.o
 .debug_abbrev  0x00000986      0x1b7 ..\obj\stm32f4xx_rcc.o
 .debug_abbrev  0x00000b3d       0x28 ..\obj\timers.o
 .debug_abbrev  0x00000b65      0x108 ..\obj\watchdog.o
 .debug_abbrev  0x00000c6d      0x193 ..\obj\tasks.o
 .debug_abbrev  0x00000e00      0x182 ..\obj\stm32f4xx_gpio.o
 .debug_abbrev  0x00000f82       0xb6 ..\obj\list.o
 .debug_abbrev  0x00001038      0x140 ..\obj\system_stm32f4xx.o
 .debug_abbrev  0x00001178       0xde ..\obj\syscalls.o
 .debug_abbrev  0x00001256      0x220 ..\obj\hall_sensors.o
 .debug_abbrev  0x00001476      0x109 ..\obj\queue.o
 .debug_abbrev  0x0000157f      0x15b ..\obj\port.o
 .debug_abbrev  0x000016da       0x66 ..\obj\address_dev.o
 .debug_abbrev  0x00001740      0x186 ..\obj\croutine.o
 .debug_abbrev  0x000018c6       0xf9 ..\obj\channels.o
 .debug_abbrev  0x000019bf      0x198 ..\obj\stm32f4xx_exti.o
 .debug_abbrev  0x00001b57      0x126 ..\obj\misc.o
 .debug_abbrev  0x00001c7d      0x116 ..\obj\heap_1.o
 .debug_abbrev  0x00001d93      0x163 ..\obj\stm32f4xx_tim.o
 .debug_abbrev  0x00001ef6      0x165 ..\obj\power_detector.o

.debug_info     0x00000000     0xa8ec
 .debug_info    0x00000000      0x27a ..\obj\stm32f4xx_syscfg.o
 .debug_info    0x0000027a      0x548 ..\obj\core_cm3.o
 .debug_info    0x000007c2      0xa4f ..\obj\stm32f4xx_usart.o
 .debug_info    0x00001211      0x53e ..\obj\stm32f4xx_pwr.o
 .debug_info    0x0000174f      0xf9d ..\obj\proto.o
 .debug_info    0x000026ec      0x135 ..\obj\startup_stm32f4xx.o
 .debug_info    0x00002821      0x20b ..\obj\stm32f4xx_iwdg.o
 .debug_info    0x00002a2c      0x1a4 ..\obj\main.o
 .debug_info    0x00002bd0      0xd24 ..\obj\stm32f4xx_rcc.o
 .debug_info    0x000038f4       0x4c ..\obj\timers.o
 .debug_info    0x00003940      0x18a ..\obj\watchdog.o
 .debug_info    0x00003aca      0xd75 ..\obj\tasks.o
 .debug_info    0x0000483f      0x639 ..\obj\stm32f4xx_gpio.o
 .debug_info    0x00004e78      0x2a6 ..\obj\list.o
 .debug_info    0x0000511e      0x5ea ..\obj\system_stm32f4xx.o
 .debug_info    0x00005708      0x440 ..\obj\syscalls.o
 .debug_info    0x00005b48      0xd8c ..\obj\hall_sensors.o
 .debug_info    0x000068d4      0x7c1 ..\obj\queue.o
 .debug_info    0x00007095      0x1ec ..\obj\port.o
 .debug_info    0x00007281       0xbc ..\obj\address_dev.o
 .debug_info    0x0000733d      0x4af ..\obj\croutine.o
 .debug_info    0x000077ec      0x1f4 ..\obj\channels.o
 .debug_info    0x000079e0      0x372 ..\obj\stm32f4xx_exti.o
 .debug_info    0x00007d52      0x594 ..\obj\misc.o
 .debug_info    0x000082e6      0x186 ..\obj\heap_1.o
 .debug_info    0x0000846c     0x1e28 ..\obj\stm32f4xx_tim.o
 .debug_info    0x0000a294      0x658 ..\obj\power_detector.o

.debug_line     0x00000000     0x582d
 .debug_line    0x00000000      0x22f ..\obj\stm32f4xx_syscfg.o
 .debug_line    0x0000022f      0x29d ..\obj\core_cm3.o
 .debug_line    0x000004cc      0x4d8 ..\obj\stm32f4xx_usart.o
 .debug_line    0x000009a4      0x2cc ..\obj\stm32f4xx_pwr.o
 .debug_line    0x00000c70      0x6fd ..\obj\proto.o
 .debug_line    0x0000136d       0xbf ..\obj\startup_stm32f4xx.o
 .debug_line    0x0000142c      0x226 ..\obj\stm32f4xx_iwdg.o
 .debug_line    0x00001652      0x2c3 ..\obj\main.o
 .debug_line    0x00001915      0x5d4 ..\obj\stm32f4xx_rcc.o
 .debug_line    0x00001ee9       0x1d ..\obj\timers.o
 .debug_line    0x00001f06      0x1f8 ..\obj\watchdog.o
 .debug_line    0x000020fe      0x7d2 ..\obj\tasks.o
 .debug_line    0x000028d0      0x373 ..\obj\stm32f4xx_gpio.o
 .debug_line    0x00002c43      0x1f3 ..\obj\list.o
 .debug_line    0x00002e36      0x248 ..\obj\system_stm32f4xx.o
 .debug_line    0x0000307e      0x1ac ..\obj\syscalls.o
 .debug_line    0x0000322a      0x4dd ..\obj\hall_sensors.o
 .debug_line    0x00003707      0x54c ..\obj\queue.o
 .debug_line    0x00003c53      0x207 ..\obj\port.o
 .debug_line    0x00003e5a      0x15c ..\obj\address_dev.o
 .debug_line    0x00003fb6      0x2c1 ..\obj\croutine.o
 .debug_line    0x00004277      0x1d0 ..\obj\channels.o
 .debug_line    0x00004447      0x2dd ..\obj\stm32f4xx_exti.o
 .debug_line    0x00004724      0x279 ..\obj\misc.o
 .debug_line    0x0000499d      0x14d ..\obj\heap_1.o
 .debug_line    0x00004aea      0xaad ..\obj\stm32f4xx_tim.o
 .debug_line    0x00005597      0x296 ..\obj\power_detector.o

.debug_loc      0x00000000     0x4cd1
 .debug_loc     0x00000000      0x144 ..\obj\stm32f4xx_syscfg.o
 .debug_loc     0x00000144      0x3f0 ..\obj\core_cm3.o
 .debug_loc     0x00000534      0x658 ..\obj\stm32f4xx_usart.o
 .debug_loc     0x00000b8c      0x288 ..\obj\stm32f4xx_pwr.o
 .debug_loc     0x00000e14      0x36d ..\obj\proto.o
 .debug_loc     0x00001181       0x64 ..\obj\startup_stm32f4xx.o
 .debug_loc     0x000011e5      0x138 ..\obj\stm32f4xx_iwdg.o
 .debug_loc     0x0000131d      0x100 ..\obj\main.o
 .debug_loc     0x0000141d      0x97c ..\obj\stm32f4xx_rcc.o
 .debug_loc     0x00001d99       0x70 ..\obj\watchdog.o
 .debug_loc     0x00001e09      0x708 ..\obj\tasks.o
 .debug_loc     0x00002511      0x310 ..\obj\stm32f4xx_gpio.o
 .debug_loc     0x00002821      0x118 ..\obj\list.o
 .debug_loc     0x00002939       0x9c ..\obj\system_stm32f4xx.o
 .debug_loc     0x000029d5      0x1ec ..\obj\syscalls.o
 .debug_loc     0x00002bc1      0x1bc ..\obj\hall_sensors.o
 .debug_loc     0x00002d7d      0x3b8 ..\obj\queue.o
 .debug_loc     0x00003135      0x178 ..\obj\port.o
 .debug_loc     0x000032ad       0x2c ..\obj\address_dev.o
 .debug_loc     0x000032d9      0x188 ..\obj\croutine.o
 .debug_loc     0x00003461       0x2c ..\obj\channels.o
 .debug_loc     0x0000348d      0x1b4 ..\obj\stm32f4xx_exti.o
 .debug_loc     0x00003641      0x118 ..\obj\misc.o
 .debug_loc     0x00003759       0xc8 ..\obj\heap_1.o
 .debug_loc     0x00003821     0x1420 ..\obj\stm32f4xx_tim.o
 .debug_loc     0x00004c41       0x90 ..\obj\power_detector.o

.debug_pubnames
                0x00000000     0x20cf
 .debug_pubnames
                0x00000000       0xc3 ..\obj\stm32f4xx_syscfg.o
 .debug_pubnames
                0x000000c3      0x159 ..\obj\core_cm3.o
 .debug_pubnames
                0x0000021c      0x294 ..\obj\stm32f4xx_usart.o
 .debug_pubnames
                0x000004b0      0x120 ..\obj\stm32f4xx_pwr.o
 .debug_pubnames
                0x000005d0      0x2c8 ..\obj\proto.o
 .debug_pubnames
                0x00000898       0x4a ..\obj\startup_stm32f4xx.o
 .debug_pubnames
                0x000008e2       0x91 ..\obj\stm32f4xx_iwdg.o
 .debug_pubnames
                0x00000973       0x90 ..\obj\main.o
 .debug_pubnames
                0x00000a03      0x417 ..\obj\stm32f4xx_rcc.o
 .debug_pubnames
                0x00000e1a       0x35 ..\obj\watchdog.o
 .debug_pubnames
                0x00000e4f      0x275 ..\obj\tasks.o
 .debug_pubnames
                0x000010c4      0x12d ..\obj\stm32f4xx_gpio.o
 .debug_pubnames
                0x000011f1       0x71 ..\obj\list.o
 .debug_pubnames
                0x00001262       0x61 ..\obj\system_stm32f4xx.o
 .debug_pubnames
                0x000012c3       0x71 ..\obj\syscalls.o
 .debug_pubnames
                0x00001334       0xd7 ..\obj\hall_sensors.o
 .debug_pubnames
                0x0000140b      0x145 ..\obj\queue.o
 .debug_pubnames
                0x00001550       0xe9 ..\obj\port.o
 .debug_pubnames
                0x00001639       0x27 ..\obj\address_dev.o
 .debug_pubnames
                0x00001660       0x96 ..\obj\croutine.o
 .debug_pubnames
                0x000016f6       0x30 ..\obj\channels.o
 .debug_pubnames
                0x00001726       0xbb ..\obj\stm32f4xx_exti.o
 .debug_pubnames
                0x000017e1       0x89 ..\obj\misc.o
 .debug_pubnames
                0x0000186a       0x64 ..\obj\heap_1.o
 .debug_pubnames
                0x000018ce      0x7c4 ..\obj\stm32f4xx_tim.o
 .debug_pubnames
                0x00002092       0x3d ..\obj\power_detector.o

.debug_pubtypes
                0x00000000      0xf94
 .debug_pubtypes
                0x00000000       0x6d ..\obj\stm32f4xx_syscfg.o
 .debug_pubtypes
                0x0000006d       0x50 ..\obj\core_cm3.o
 .debug_pubtypes
                0x000000bd       0xcd ..\obj\stm32f4xx_usart.o
 .debug_pubtypes
                0x0000018a       0x84 ..\obj\stm32f4xx_pwr.o
 .debug_pubtypes
                0x0000020e      0x188 ..\obj\proto.o
 .debug_pubtypes
                0x00000396       0x64 ..\obj\stm32f4xx_iwdg.o
 .debug_pubtypes
                0x000003fa       0x39 ..\obj\main.o
 .debug_pubtypes
                0x00000433       0xaa ..\obj\stm32f4xx_rcc.o
 .debug_pubtypes
                0x000004dd       0x12 ..\obj\timers.o
 .debug_pubtypes
                0x000004ef       0x53 ..\obj\watchdog.o
 .debug_pubtypes
                0x00000542      0x10c ..\obj\tasks.o
 .debug_pubtypes
                0x0000064e       0xce ..\obj\stm32f4xx_gpio.o
 .debug_pubtypes
                0x0000071c       0x7a ..\obj\list.o
 .debug_pubtypes
                0x00000796       0x73 ..\obj\system_stm32f4xx.o
 .debug_pubtypes
                0x00000809       0xaa ..\obj\syscalls.o
 .debug_pubtypes
                0x000008b3      0x1aa ..\obj\hall_sensors.o
 .debug_pubtypes
                0x00000a5d       0xd4 ..\obj\queue.o
 .debug_pubtypes
                0x00000b31       0x33 ..\obj\port.o
 .debug_pubtypes
                0x00000b64       0x2a ..\obj\address_dev.o
 .debug_pubtypes
                0x00000b8e       0xcd ..\obj\croutine.o
 .debug_pubtypes
                0x00000c5b       0x2a ..\obj\channels.o
 .debug_pubtypes
                0x00000c85       0xae ..\obj\stm32f4xx_exti.o
 .debug_pubtypes
                0x00000d33       0x8c ..\obj\misc.o
 .debug_pubtypes
                0x00000dbf       0x2c ..\obj\heap_1.o
 .debug_pubtypes
                0x00000deb       0xe4 ..\obj\stm32f4xx_tim.o
 .debug_pubtypes
                0x00000ecf       0xc5 ..\obj\power_detector.o

.debug_aranges  0x00000000      0xdf8
 .debug_aranges
                0x00000000       0x48 ..\obj\stm32f4xx_syscfg.o
 .debug_aranges
                0x00000048       0xc8 ..\obj\core_cm3.o
 .debug_aranges
                0x00000110      0x100 ..\obj\stm32f4xx_usart.o
 .debug_aranges
                0x00000210       0x78 ..\obj\stm32f4xx_pwr.o
 .debug_aranges
                0x00000288       0xa8 ..\obj\proto.o
 .debug_aranges
                0x00000330       0x28 ..\obj\startup_stm32f4xx.o
 .debug_aranges
                0x00000358       0x48 ..\obj\stm32f4xx_iwdg.o
 .debug_aranges
                0x000003a0       0x40 ..\obj\main.o
 .debug_aranges
                0x000003e0      0x178 ..\obj\stm32f4xx_rcc.o
 .debug_aranges
                0x00000558       0x28 ..\obj\watchdog.o
 .debug_aranges
                0x00000580      0x120 ..\obj\tasks.o
 .debug_aranges
                0x000006a0       0x88 ..\obj\stm32f4xx_gpio.o
 .debug_aranges
                0x00000728       0x40 ..\obj\list.o
 .debug_aranges
                0x00000768       0x30 ..\obj\system_stm32f4xx.o
 .debug_aranges
                0x00000798       0x60 ..\obj\syscalls.o
 .debug_aranges
                0x000007f8       0x60 ..\obj\hall_sensors.o
 .debug_aranges
                0x00000858       0xa0 ..\obj\queue.o
 .debug_aranges
                0x000008f8       0x78 ..\obj\port.o
 .debug_aranges
                0x00000970       0x20 ..\obj\address_dev.o
 .debug_aranges
                0x00000990       0x50 ..\obj\croutine.o
 .debug_aranges
                0x000009e0       0x20 ..\obj\channels.o
 .debug_aranges
                0x00000a00       0x58 ..\obj\stm32f4xx_exti.o
 .debug_aranges
                0x00000a58       0x40 ..\obj\misc.o
 .debug_aranges
                0x00000a98       0x38 ..\obj\heap_1.o
 .debug_aranges
                0x00000ad0      0x2f8 ..\obj\stm32f4xx_tim.o
 .debug_aranges
                0x00000dc8       0x30 ..\obj\power_detector.o

.debug_ranges   0x00000000      0xc70
 .debug_ranges  0x00000000       0x38 ..\obj\stm32f4xx_syscfg.o
 .debug_ranges  0x00000038       0xb8 ..\obj\core_cm3.o
 .debug_ranges  0x000000f0       0xf0 ..\obj\stm32f4xx_usart.o
 .debug_ranges  0x000001e0       0x68 ..\obj\stm32f4xx_pwr.o
 .debug_ranges  0x00000248       0x98 ..\obj\proto.o
 .debug_ranges  0x000002e0       0x18 ..\obj\startup_stm32f4xx.o
 .debug_ranges  0x000002f8       0x38 ..\obj\stm32f4xx_iwdg.o
 .debug_ranges  0x00000330       0x30 ..\obj\main.o
 .debug_ranges  0x00000360      0x168 ..\obj\stm32f4xx_rcc.o
 .debug_ranges  0x000004c8       0x18 ..\obj\watchdog.o
 .debug_ranges  0x000004e0      0x110 ..\obj\tasks.o
 .debug_ranges  0x000005f0       0x78 ..\obj\stm32f4xx_gpio.o
 .debug_ranges  0x00000668       0x30 ..\obj\list.o
 .debug_ranges  0x00000698       0x20 ..\obj\system_stm32f4xx.o
 .debug_ranges  0x000006b8       0x50 ..\obj\syscalls.o
 .debug_ranges  0x00000708       0x68 ..\obj\hall_sensors.o
 .debug_ranges  0x00000770       0x90 ..\obj\queue.o
 .debug_ranges  0x00000800       0x68 ..\obj\port.o
 .debug_ranges  0x00000868       0x10 ..\obj\address_dev.o
 .debug_ranges  0x00000878       0x40 ..\obj\croutine.o
 .debug_ranges  0x000008b8       0x10 ..\obj\channels.o
 .debug_ranges  0x000008c8       0x48 ..\obj\stm32f4xx_exti.o
 .debug_ranges  0x00000910       0x30 ..\obj\misc.o
 .debug_ranges  0x00000940       0x28 ..\obj\heap_1.o
 .debug_ranges  0x00000968      0x2e8 ..\obj\stm32f4xx_tim.o
 .debug_ranges  0x00000c50       0x20 ..\obj\power_detector.o

.debug_str      0x00000000     0x4687
 .debug_str     0x00000000      0x22c ..\obj\stm32f4xx_syscfg.o
                                0x279 (size before relaxing)
 .debug_str     0x0000022c      0x198 ..\obj\core_cm3.o
                                0x249 (size before relaxing)
 .debug_str     0x000003c4      0x4f3 ..\obj\stm32f4xx_usart.o
                                0x609 (size before relaxing)
 .debug_str     0x000008b7      0x1f8 ..\obj\stm32f4xx_pwr.o
                                0x30b (size before relaxing)
 .debug_str     0x00000aaf      0xb34 ..\obj\proto.o
                                0xd3e (size before relaxing)
 .debug_str     0x000015e3       0xcd ..\obj\startup_stm32f4xx.o
                                 0xf8 (size before relaxing)
 .debug_str     0x000016b0      0x105 ..\obj\stm32f4xx_iwdg.o
                                0x1e6 (size before relaxing)
 .debug_str     0x000017b5      0x157 ..\obj\main.o
                                0x245 (size before relaxing)
 .debug_str     0x0000190c      0x600 ..\obj\stm32f4xx_rcc.o
                                0x7ca (size before relaxing)
 .debug_str     0x00001f0c       0x64 ..\obj\timers.o
                                 0xb7 (size before relaxing)
 .debug_str     0x00001f70       0x74 ..\obj\watchdog.o
                                0x196 (size before relaxing)
 .debug_str     0x00001fe4      0x781 ..\obj\tasks.o
                                0x8eb (size before relaxing)
 .debug_str     0x00002765      0x1aa ..\obj\stm32f4xx_gpio.o
                                0x41d (size before relaxing)
 .debug_str     0x0000290f       0xf5 ..\obj\list.o
                                0x228 (size before relaxing)
 .debug_str     0x00002a04       0xd5 ..\obj\system_stm32f4xx.o
                                0x318 (size before relaxing)
 .debug_str     0x00002ad9      0x180 ..\obj\syscalls.o
                                0x29c (size before relaxing)
 .debug_str     0x00002c59      0x397 ..\obj\hall_sensors.o
                                0xcb2 (size before relaxing)
 .debug_str     0x00002ff0      0x31a ..\obj\queue.o
                                0x4d6 (size before relaxing)
 .debug_str     0x0000330a      0x182 ..\obj\port.o
                                0x208 (size before relaxing)
 .debug_str     0x0000348c       0x6c ..\obj\address_dev.o
                                0x119 (size before relaxing)
 .debug_str     0x000034f8      0x29a ..\obj\croutine.o
                                0x3f7 (size before relaxing)
 .debug_str     0x00003792       0x67 ..\obj\channels.o
                                0x192 (size before relaxing)
 .debug_str     0x000037f9      0x10d ..\obj\stm32f4xx_exti.o
                                0x2e8 (size before relaxing)
 .debug_str     0x00003906      0x14d ..\obj\misc.o
                                0x353 (size before relaxing)
 .debug_str     0x00003a53       0xf9 ..\obj\heap_1.o
                                0x1b9 (size before relaxing)
 .debug_str     0x00003b4c      0xaa3 ..\obj\stm32f4xx_tim.o
                                0xd4a (size before relaxing)
 .debug_str     0x000045ef       0x98 ..\obj\power_detector.o
                                0x840 (size before relaxing)

.comment        0x00000000       0x2a
 .comment       0x00000000       0x2a ..\obj\stm32f4xx_syscfg.o
                                 0x2b (size before relaxing)
 .comment       0x00000000       0x2b ..\obj\core_cm3.o
 .comment       0x00000000       0x2b ..\obj\stm32f4xx_usart.o
 .comment       0x00000000       0x2b ..\obj\stm32f4xx_pwr.o
 .comment       0x00000000       0x2b ..\obj\proto.o
 .comment       0x00000000       0x2b ..\obj\startup_stm32f4xx.o
 .comment       0x00000000       0x2b ..\obj\stm32f4xx_iwdg.o
 .comment       0x00000000       0x2b ..\obj\main.o
 .comment       0x00000000       0x2b ..\obj\stm32f4xx_rcc.o
 .comment       0x00000000       0x2b ..\obj\timers.o
 .comment       0x00000000       0x2b ..\obj\watchdog.o
 .comment       0x00000000       0x2b ..\obj\tasks.o
 .comment       0x00000000       0x2b ..\obj\stm32f4xx_gpio.o
 .comment       0x00000000       0x2b ..\obj\list.o
 .comment       0x00000000       0x2b ..\obj\system_stm32f4xx.o
 .comment       0x00000000       0x2b ..\obj\syscalls.o
 .comment       0x00000000       0x2b ..\obj\hall_sensors.o
 .comment       0x00000000       0x2b ..\obj\queue.o
 .comment       0x00000000       0x2b ..\obj\port.o
 .comment       0x00000000       0x2b ..\obj\address_dev.o
 .comment       0x00000000       0x2b ..\obj\croutine.o
 .comment       0x00000000       0x2b ..\obj\channels.o
 .comment       0x00000000       0x2b ..\obj\stm32f4xx_exti.o
 .comment       0x00000000       0x2b ..\obj\misc.o
 .comment       0x00000000       0x2b ..\obj\heap_1.o
 .comment       0x00000000       0x2b ..\obj\stm32f4xx_tim.o
 .comment       0x00000000       0x2b ..\obj\power_detector.o

.ARM.attributes
                0x00000000       0x37
 .ARM.attributes
                0x00000000       0x37 ..\obj\stm32f4xx_syscfg.o
 .ARM.attributes
                0x00000037       0x37 ..\obj\core_cm3.o
 .ARM.attributes
                0x0000006e       0x37 ..\obj\stm32f4xx_usart.o
 .ARM.attributes
                0x000000a5       0x37 ..\obj\stm32f4xx_pwr.o
 .ARM.attributes
                0x000000dc       0x37 ..\obj\proto.o
 .ARM.attributes
                0x00000113       0x37 ..\obj\startup_stm32f4xx.o
 .ARM.attributes
                0x0000014a       0x37 ..\obj\stm32f4xx_iwdg.o
 .ARM.attributes
                0x00000181       0x37 ..\obj\main.o
 .ARM.attributes
                0x000001b8       0x37 ..\obj\stm32f4xx_rcc.o
 .ARM.attributes
                0x000001ef       0x37 ..\obj\timers.o
 .ARM.attributes
                0x00000226       0x37 ..\obj\watchdog.o
 .ARM.attributes
                0x0000025d       0x37 ..\obj\tasks.o
 .ARM.attributes
                0x00000294       0x37 ..\obj\stm32f4xx_gpio.o
 .ARM.attributes
                0x000002cb       0x37 ..\obj\list.o
 .ARM.attributes
                0x00000302       0x37 ..\obj\system_stm32f4xx.o
 .ARM.attributes
                0x00000339       0x37 ..\obj\syscalls.o
 .ARM.attributes
                0x00000370       0x37 ..\obj\hall_sensors.o
 .ARM.attributes
                0x000003a7       0x37 ..\obj\queue.o
 .ARM.attributes
                0x000003de       0x37 ..\obj\port.o
 .ARM.attributes
                0x00000415       0x37 ..\obj\address_dev.o
 .ARM.attributes
                0x0000044c       0x37 ..\obj\croutine.o
 .ARM.attributes
                0x00000483       0x37 ..\obj\channels.o
 .ARM.attributes
                0x000004ba       0x37 ..\obj\stm32f4xx_exti.o
 .ARM.attributes
                0x000004f1       0x37 ..\obj\misc.o
 .ARM.attributes
                0x00000528       0x37 ..\obj\heap_1.o
 .ARM.attributes
                0x0000055f       0x37 ..\obj\stm32f4xx_tim.o
 .ARM.attributes
                0x00000596       0x37 ..\obj\power_detector.o
 .ARM.attributes
                0x000005cd       0x29 c:/coocox/coide/gcc/sourcery g++ lite/bin/../lib/gcc/arm-none-eabi/4.5.1/../../../../arm-none-eabi/lib/thumb2\libc.a(lib_a-memcmp.o)
 .ARM.attributes
                0x000005f6       0x29 c:/coocox/coide/gcc/sourcery g++ lite/bin/../lib/gcc/arm-none-eabi/4.5.1/../../../../arm-none-eabi/lib/thumb2\libc.a(lib_a-memcpy.o)
 .ARM.attributes
                0x0000061f       0x29 c:/coocox/coide/gcc/sourcery g++ lite/bin/../lib/gcc/arm-none-eabi/4.5.1/../../../../arm-none-eabi/lib/thumb2\libc.a(lib_a-memset.o)
 .ARM.attributes
                0x00000648       0x29 c:/coocox/coide/gcc/sourcery g++ lite/bin/../lib/gcc/arm-none-eabi/4.5.1/../../../../arm-none-eabi/lib/thumb2\libc.a(lib_a-strncpy.o)

.debug_frame    0x00000000     0x2b1c
 .debug_frame   0x00000000       0xbc ..\obj\stm32f4xx_syscfg.o
 .debug_frame   0x000000bc      0x280 ..\obj\core_cm3.o
 .debug_frame   0x0000033c      0x344 ..\obj\stm32f4xx_usart.o
 .debug_frame   0x00000680      0x15c ..\obj\stm32f4xx_pwr.o
 .debug_frame   0x000007dc      0x1fc ..\obj\proto.o
 .debug_frame   0x000009d8       0x48 ..\obj\startup_stm32f4xx.o
 .debug_frame   0x00000a20       0xb0 ..\obj\stm32f4xx_iwdg.o
 .debug_frame   0x00000ad0       0x9c ..\obj\main.o
 .debug_frame   0x00000b6c      0x4d8 ..\obj\stm32f4xx_rcc.o
 .debug_frame   0x00001044       0x50 ..\obj\watchdog.o
 .debug_frame   0x00001094      0x404 ..\obj\tasks.o
 .debug_frame   0x00001498      0x19c ..\obj\stm32f4xx_gpio.o
 .debug_frame   0x00001634       0x9c ..\obj\list.o
 .debug_frame   0x000016d0       0x64 ..\obj\system_stm32f4xx.o
 .debug_frame   0x00001734      0x108 ..\obj\syscalls.o
 .debug_frame   0x0000183c      0x104 ..\obj\hall_sensors.o
 .debug_frame   0x00001940      0x224 ..\obj\queue.o
 .debug_frame   0x00001b64      0x120 ..\obj\port.o
 .debug_frame   0x00001c84       0x28 ..\obj\address_dev.o
 .debug_frame   0x00001cac       0xf0 ..\obj\croutine.o
 .debug_frame   0x00001d9c       0x28 ..\obj\channels.o
 .debug_frame   0x00001dc4       0xec ..\obj\stm32f4xx_exti.o
 .debug_frame   0x00001eb0       0x9c ..\obj\misc.o
 .debug_frame   0x00001f4c       0x7c ..\obj\heap_1.o
 .debug_frame   0x00001fc8      0xa3c ..\obj\stm32f4xx_tim.o
 .debug_frame   0x00002a04       0x64 ..\obj\power_detector.o
 .debug_frame   0x00002a68       0x2c c:/coocox/coide/gcc/sourcery g++ lite/bin/../lib/gcc/arm-none-eabi/4.5.1/../../../../arm-none-eabi/lib/thumb2\libc.a(lib_a-memcmp.o)
 .debug_frame   0x00002a94       0x30 c:/coocox/coide/gcc/sourcery g++ lite/bin/../lib/gcc/arm-none-eabi/4.5.1/../../../../arm-none-eabi/lib/thumb2\libc.a(lib_a-memcpy.o)
 .debug_frame   0x00002ac4       0x2c c:/coocox/coide/gcc/sourcery g++ lite/bin/../lib/gcc/arm-none-eabi/4.5.1/../../../../arm-none-eabi/lib/thumb2\libc.a(lib_a-memset.o)
 .debug_frame   0x00002af0       0x2c c:/coocox/coide/gcc/sourcery g++ lite/bin/../lib/gcc/arm-none-eabi/4.5.1/../../../../arm-none-eabi/lib/thumb2\libc.a(lib_a-strncpy.o)
