Archive member included because of file (symbol)

c:/coocox/coide/gcc/sourcery g++ lite/bin/../lib/gcc/arm-none-eabi/4.5.1/../../../../arm-none-eabi/lib/thumb2\libc.a(lib_a-memcmp.o)
                              ..\obj\tasks.o (memcmp)
c:/coocox/coide/gcc/sourcery g++ lite/bin/../lib/gcc/arm-none-eabi/4.5.1/../../../../arm-none-eabi/lib/thumb2\libc.a(lib_a-memcpy.o)
                              ..\obj\queue.o (memcpy)
c:/coocox/coide/gcc/sourcery g++ lite/bin/../lib/gcc/arm-none-eabi/4.5.1/../../../../arm-none-eabi/lib/thumb2\libc.a(lib_a-memset.o)
                              ..\obj\tasks.o (memset)
c:/coocox/coide/gcc/sourcery g++ lite/bin/../lib/gcc/arm-none-eabi/4.5.1/../../../../arm-none-eabi/lib/thumb2\libc.a(lib_a-strncpy.o)
                              ..\obj\tasks.o (strncpy)

Allocating common symbols
Common symbol       size              file

RecieveBuf          0x100             ..\obj\proto.o
transf_count        0x1               ..\obj\proto.o
recieve_count       0x1               ..\obj\proto.o
sym_8_to_float      0x4               ..\obj\proto.o
p_queue             0x24              ..\obj\encoder.o
COMMAND_ERR         0x1               ..\obj\proto.o
buf_len             0x1               ..\obj\proto.o
channels            0x54              ..\obj\channels.o
TransferBuf         0x100             ..\obj\proto.o
xProtoSemaphore     0x4               ..\obj\proto.o
crc_n_ERR           0x1               ..\obj\proto.o
CUT_OUT_NULL        0x1               ..\obj\proto.o
task_watches        0x10              ..\obj\watchdog.o
PROTO_HAS_START     0x1               ..\obj\proto.o

Discarded input sections

 .text          0x00000000        0x0 ..\obj\stm32f4xx_syscfg.o
 .data          0x00000000        0x0 ..\obj\stm32f4xx_syscfg.o
 .bss           0x00000000        0x0 ..\obj\stm32f4xx_syscfg.o
 .text.SYSCFG_DeInit
                0x00000000       0x20 ..\obj\stm32f4xx_syscfg.o
 .text.SYSCFG_MemoryRemapConfig
                0x00000000       0x20 ..\obj\stm32f4xx_syscfg.o
 .text.SYSCFG_ETH_MediaInterfaceConfig
                0x00000000       0x20 ..\obj\stm32f4xx_syscfg.o
 .text.SYSCFG_CompensationCellCmd
                0x00000000       0x20 ..\obj\stm32f4xx_syscfg.o
 .text.SYSCFG_GetCompensationCellStatus
                0x00000000       0x3c ..\obj\stm32f4xx_syscfg.o
 .text          0x00000000        0x0 ..\obj\core_cm3.o
 .data          0x00000000        0x0 ..\obj\core_cm3.o
 .bss           0x00000000        0x0 ..\obj\core_cm3.o
 .text.__get_PSP
                0x00000000       0x10 ..\obj\core_cm3.o
 .text.__set_PSP
                0x00000000        0x8 ..\obj\core_cm3.o
 .text.__get_MSP
                0x00000000       0x10 ..\obj\core_cm3.o
 .text.__set_MSP
                0x00000000        0x8 ..\obj\core_cm3.o
 .text.__get_BASEPRI
                0x00000000       0x20 ..\obj\core_cm3.o
 .text.__set_BASEPRI
                0x00000000       0x18 ..\obj\core_cm3.o
 .text.__get_PRIMASK
                0x00000000       0x20 ..\obj\core_cm3.o
 .text.__set_PRIMASK
                0x00000000       0x18 ..\obj\core_cm3.o
 .text.__get_FAULTMASK
                0x00000000       0x20 ..\obj\core_cm3.o
 .text.__set_FAULTMASK
                0x00000000       0x18 ..\obj\core_cm3.o
 .text.__get_CONTROL
                0x00000000       0x20 ..\obj\core_cm3.o
 .text.__set_CONTROL
                0x00000000       0x18 ..\obj\core_cm3.o
 .text.__REV    0x00000000       0x24 ..\obj\core_cm3.o
 .text.__REV16  0x00000000       0x24 ..\obj\core_cm3.o
 .text.__REVSH  0x00000000       0x24 ..\obj\core_cm3.o
 .text.__RBIT   0x00000000       0x24 ..\obj\core_cm3.o
 .text.__LDREXB
                0x00000000       0x24 ..\obj\core_cm3.o
 .text.__LDREXH
                0x00000000       0x24 ..\obj\core_cm3.o
 .text.__LDREXW
                0x00000000       0x24 ..\obj\core_cm3.o
 .text.__STREXB
                0x00000000       0x2c ..\obj\core_cm3.o
 .text.__STREXH
                0x00000000       0x2c ..\obj\core_cm3.o
 .text.__STREXW
                0x00000000       0x28 ..\obj\core_cm3.o
 .text          0x00000000        0x0 ..\obj\stm32f4xx_usart.o
 .data          0x00000000        0x0 ..\obj\stm32f4xx_usart.o
 .bss           0x00000000        0x0 ..\obj\stm32f4xx_usart.o
 .text.USART_DeInit
                0x00000000      0x100 ..\obj\stm32f4xx_usart.o
 .text.USART_Init
                0x00000000      0x1bc ..\obj\stm32f4xx_usart.o
 .text.USART_StructInit
                0x00000000       0x44 ..\obj\stm32f4xx_usart.o
 .text.USART_ClockInit
                0x00000000       0x5c ..\obj\stm32f4xx_usart.o
 .text.USART_ClockStructInit
                0x00000000       0x34 ..\obj\stm32f4xx_usart.o
 .text.USART_Cmd
                0x00000000       0x40 ..\obj\stm32f4xx_usart.o
 .text.USART_SetPrescaler
                0x00000000       0x3c ..\obj\stm32f4xx_usart.o
 .text.USART_OverSampling8Cmd
                0x00000000       0x48 ..\obj\stm32f4xx_usart.o
 .text.USART_OneBitMethodCmd
                0x00000000       0x40 ..\obj\stm32f4xx_usart.o
 .text.USART_SendData
                0x00000000       0x28 ..\obj\stm32f4xx_usart.o
 .text.USART_ReceiveData
                0x00000000       0x24 ..\obj\stm32f4xx_usart.o
 .text.USART_SetAddress
                0x00000000       0x3c ..\obj\stm32f4xx_usart.o
 .text.USART_ReceiverWakeUpCmd
                0x00000000       0x40 ..\obj\stm32f4xx_usart.o
 .text.USART_WakeUpConfig
                0x00000000       0x38 ..\obj\stm32f4xx_usart.o
 .text.USART_LINBreakDetectLengthConfig
                0x00000000       0x38 ..\obj\stm32f4xx_usart.o
 .text.USART_LINCmd
                0x00000000       0x40 ..\obj\stm32f4xx_usart.o
 .text.USART_SendBreak
                0x00000000       0x24 ..\obj\stm32f4xx_usart.o
 .text.USART_HalfDuplexCmd
                0x00000000       0x40 ..\obj\stm32f4xx_usart.o
 .text.USART_SetGuardTime
                0x00000000       0x40 ..\obj\stm32f4xx_usart.o
 .text.USART_SmartCardCmd
                0x00000000       0x40 ..\obj\stm32f4xx_usart.o
 .text.USART_SmartCardNACKCmd
                0x00000000       0x40 ..\obj\stm32f4xx_usart.o
 .text.USART_IrDAConfig
                0x00000000       0x38 ..\obj\stm32f4xx_usart.o
 .text.USART_IrDACmd
                0x00000000       0x40 ..\obj\stm32f4xx_usart.o
 .text.USART_DMACmd
                0x00000000       0x4c ..\obj\stm32f4xx_usart.o
 .text.USART_GetFlagStatus
                0x00000000       0x40 ..\obj\stm32f4xx_usart.o
 .text.USART_ClearFlag
                0x00000000       0x24 ..\obj\stm32f4xx_usart.o
 .text          0x00000000        0x0 ..\obj\stm32f4xx_pwr.o
 .data          0x00000000        0x0 ..\obj\stm32f4xx_pwr.o
 .bss           0x00000000        0x0 ..\obj\stm32f4xx_pwr.o
 .text.PWR_DeInit
                0x00000000       0x20 ..\obj\stm32f4xx_pwr.o
 .text.PWR_BackupAccessCmd
                0x00000000       0x20 ..\obj\stm32f4xx_pwr.o
 .text.PWR_PVDLevelConfig
                0x00000000       0x44 ..\obj\stm32f4xx_pwr.o
 .text.PWR_PVDCmd
                0x00000000       0x20 ..\obj\stm32f4xx_pwr.o
 .text.PWR_WakeUpPinCmd
                0x00000000       0x20 ..\obj\stm32f4xx_pwr.o
 .text.PWR_BackupRegulatorCmd
                0x00000000       0x20 ..\obj\stm32f4xx_pwr.o
 .text.PWR_MainRegulatorModeConfig
                0x00000000       0x4c ..\obj\stm32f4xx_pwr.o
 .text.PWR_FlashPowerDownCmd
                0x00000000       0x20 ..\obj\stm32f4xx_pwr.o
 .text.PWR_EnterSTOPMode
                0x00000000       0x84 ..\obj\stm32f4xx_pwr.o
 .text.PWR_EnterSTANDBYMode
                0x00000000       0x54 ..\obj\stm32f4xx_pwr.o
 .text.PWR_GetFlagStatus
                0x00000000       0x40 ..\obj\stm32f4xx_pwr.o
 .text.PWR_ClearFlag
                0x00000000       0x34 ..\obj\stm32f4xx_pwr.o
 .text          0x00000000        0x0 ..\obj\proto.o
 .text.NVIC_EnableIRQ
                0x00000000       0x38 ..\obj\proto.o
 .rodata        0x00000000        0x8 ..\obj\proto.o
 .text.Proto_Init
                0x00000000      0x2b4 ..\obj\proto.o
 .text.Send_Info
                0x00000000      0x234 ..\obj\proto.o
 .text.Node_Full_Init
                0x00000000       0x10 ..\obj\proto.o
 .text.Channel_List_Init
                0x00000000       0x10 ..\obj\proto.o
 .text.Channel_Get_Data
                0x00000000       0x10 ..\obj\proto.o
 .text.Channel_Set_Parameters
                0x00000000       0x10 ..\obj\proto.o
 .text.Channel_Set_Order_Query
                0x00000000       0x10 ..\obj\proto.o
 .text.Channel_Get_Data_Order
                0x00000000       0x10 ..\obj\proto.o
 .text.Channel_Set_State
                0x00000000       0x10 ..\obj\proto.o
 .text.Channel_Get_Data_Order_M2
                0x00000000       0x10 ..\obj\proto.o
 .text.Channel_Set_Reset_State_Flags
                0x00000000       0x20 ..\obj\proto.o
 .text.Channel_All_Get_Data
                0x00000000      0x444 ..\obj\proto.o
 .text.Request_Error
                0x00000000       0xc4 ..\obj\proto.o
 .text.ProtoBufHandling
                0x00000000      0x174 ..\obj\proto.o
 .text.ProtoProcess
                0x00000000      0x1dc ..\obj\proto.o
 .text.CRC_Check
                0x00000000       0x88 ..\obj\proto.o
 .text          0x00000000        0x0 ..\obj\startup_stm32f4xx.o
 .data          0x00000000        0x0 ..\obj\startup_stm32f4xx.o
 .bss           0x00000000        0x0 ..\obj\startup_stm32f4xx.o
 .text          0x00000000        0x0 ..\obj\stm32f4xx_iwdg.o
 .data          0x00000000        0x0 ..\obj\stm32f4xx_iwdg.o
 .bss           0x00000000        0x0 ..\obj\stm32f4xx_iwdg.o
 .text.IWDG_WriteAccessCmd
                0x00000000       0x20 ..\obj\stm32f4xx_iwdg.o
 .text.IWDG_SetPrescaler
                0x00000000       0x20 ..\obj\stm32f4xx_iwdg.o
 .text.IWDG_SetReload
                0x00000000       0x20 ..\obj\stm32f4xx_iwdg.o
 .text.IWDG_ReloadCounter
                0x00000000       0x18 ..\obj\stm32f4xx_iwdg.o
 .text.IWDG_Enable
                0x00000000       0x18 ..\obj\stm32f4xx_iwdg.o
 .text.IWDG_GetFlagStatus
                0x00000000       0x44 ..\obj\stm32f4xx_iwdg.o
 .text          0x00000000        0x0 ..\obj\main.o
 .data          0x00000000        0x0 ..\obj\main.o
 .bss           0x00000000        0x0 ..\obj\main.o
 .text.vApplicationTickHook
                0x00000000       0x18 ..\obj\main.o
 .text          0x00000000        0x0 ..\obj\stm32f4xx_rcc.o
 .data          0x00000000       0x10 ..\obj\stm32f4xx_rcc.o
 .bss           0x00000000        0x0 ..\obj\stm32f4xx_rcc.o
 .text.RCC_DeInit
                0x00000000       0x84 ..\obj\stm32f4xx_rcc.o
 .text.RCC_HSEConfig
                0x00000000       0x30 ..\obj\stm32f4xx_rcc.o
 .text.RCC_WaitForHSEStartUp
                0x00000000       0x64 ..\obj\stm32f4xx_rcc.o
 .text.RCC_AdjustHSICalibrationValue
                0x00000000       0x48 ..\obj\stm32f4xx_rcc.o
 .text.RCC_HSICmd
                0x00000000       0x20 ..\obj\stm32f4xx_rcc.o
 .text.RCC_LSEConfig
                0x00000000       0x5c ..\obj\stm32f4xx_rcc.o
 .text.RCC_LSICmd
                0x00000000       0x20 ..\obj\stm32f4xx_rcc.o
 .text.RCC_PLLConfig
                0x00000000       0x4c ..\obj\stm32f4xx_rcc.o
 .text.RCC_PLLCmd
                0x00000000       0x20 ..\obj\stm32f4xx_rcc.o
 .text.RCC_PLLI2SConfig
                0x00000000       0x30 ..\obj\stm32f4xx_rcc.o
 .text.RCC_PLLI2SCmd
                0x00000000       0x20 ..\obj\stm32f4xx_rcc.o
 .text.RCC_ClockSecuritySystemCmd
                0x00000000       0x20 ..\obj\stm32f4xx_rcc.o
 .text.RCC_MCO1Config
                0x00000000       0x4c ..\obj\stm32f4xx_rcc.o
 .text.RCC_MCO2Config
                0x00000000       0x4c ..\obj\stm32f4xx_rcc.o
 .text.RCC_SYSCLKConfig
                0x00000000       0x44 ..\obj\stm32f4xx_rcc.o
 .text.RCC_GetSYSCLKSource
                0x00000000       0x20 ..\obj\stm32f4xx_rcc.o
 .text.RCC_HCLKConfig
                0x00000000       0x44 ..\obj\stm32f4xx_rcc.o
 .text.RCC_PCLK1Config
                0x00000000       0x44 ..\obj\stm32f4xx_rcc.o
 .text.RCC_PCLK2Config
                0x00000000       0x48 ..\obj\stm32f4xx_rcc.o
 .text.RCC_GetClocksFreq
                0x00000000      0x1d4 ..\obj\stm32f4xx_rcc.o
 .text.RCC_RTCCLKConfig
                0x00000000       0x7c ..\obj\stm32f4xx_rcc.o
 .text.RCC_RTCCLKCmd
                0x00000000       0x20 ..\obj\stm32f4xx_rcc.o
 .text.RCC_BackupResetCmd
                0x00000000       0x20 ..\obj\stm32f4xx_rcc.o
 .text.RCC_I2SCLKConfig
                0x00000000       0x20 ..\obj\stm32f4xx_rcc.o
 .text.RCC_AHB2PeriphClockCmd
                0x00000000       0x5c ..\obj\stm32f4xx_rcc.o
 .text.RCC_AHB3PeriphClockCmd
                0x00000000       0x5c ..\obj\stm32f4xx_rcc.o
 .text.RCC_APB1PeriphClockCmd
                0x00000000       0x5c ..\obj\stm32f4xx_rcc.o
 .text.RCC_AHB1PeriphResetCmd
                0x00000000       0x5c ..\obj\stm32f4xx_rcc.o
 .text.RCC_AHB2PeriphResetCmd
                0x00000000       0x5c ..\obj\stm32f4xx_rcc.o
 .text.RCC_AHB3PeriphResetCmd
                0x00000000       0x5c ..\obj\stm32f4xx_rcc.o
 .text.RCC_APB1PeriphResetCmd
                0x00000000       0x5c ..\obj\stm32f4xx_rcc.o
 .text.RCC_APB2PeriphResetCmd
                0x00000000       0x5c ..\obj\stm32f4xx_rcc.o
 .text.RCC_AHB1PeriphClockLPModeCmd
                0x00000000       0x5c ..\obj\stm32f4xx_rcc.o
 .text.RCC_AHB2PeriphClockLPModeCmd
                0x00000000       0x5c ..\obj\stm32f4xx_rcc.o
 .text.RCC_AHB3PeriphClockLPModeCmd
                0x00000000       0x5c ..\obj\stm32f4xx_rcc.o
 .text.RCC_APB1PeriphClockLPModeCmd
                0x00000000       0x5c ..\obj\stm32f4xx_rcc.o
 .text.RCC_APB2PeriphClockLPModeCmd
                0x00000000       0x5c ..\obj\stm32f4xx_rcc.o
 .text.RCC_ITConfig
                0x00000000       0x64 ..\obj\stm32f4xx_rcc.o
 .text.RCC_GetFlagStatus
                0x00000000       0x90 ..\obj\stm32f4xx_rcc.o
 .text.RCC_ClearFlag
                0x00000000       0x24 ..\obj\stm32f4xx_rcc.o
 .text.RCC_GetITStatus
                0x00000000       0x44 ..\obj\stm32f4xx_rcc.o
 .text.RCC_ClearITPendingBit
                0x00000000       0x20 ..\obj\stm32f4xx_rcc.o
 .text          0x00000000        0x0 ..\obj\timers.o
 .data          0x00000000        0x0 ..\obj\timers.o
 .bss           0x00000000        0x0 ..\obj\timers.o
 .text          0x00000000        0x0 ..\obj\encoder.o
 .text.NVIC_EnableIRQ
                0x00000000       0x38 ..\obj\encoder.o
 .text.Freq_Measure_Init
                0x00000000       0x8c ..\obj\encoder.o
 .rodata        0x00000000        0xc ..\obj\encoder.o
 .text.Encoder_Init
                0x00000000      0x1cc ..\obj\encoder.o
 .text.DOL_Process
                0x00000000      0x264 ..\obj\encoder.o
 .text          0x00000000        0x0 ..\obj\watchdog.o
 .data          0x00000000        0x0 ..\obj\watchdog.o
 .bss           0x00000000        0x0 ..\obj\watchdog.o
 .rodata        0x00000000        0x8 ..\obj\watchdog.o
 .text.Watchdog_Init
                0x00000000       0x90 ..\obj\watchdog.o
 .text.Watchdog_Task
                0x00000000       0x6c ..\obj\watchdog.o
 COMMON         0x00000000       0x10 ..\obj\watchdog.o
 .text          0x00000000        0x0 ..\obj\tasks.o
 .text.vTaskDelete
                0x00000000       0xc0 ..\obj\tasks.o
 .text.vTaskDelayUntil
                0x00000000       0xd0 ..\obj\tasks.o
 .text.vTaskDelay
                0x00000000       0x5c ..\obj\tasks.o
 .text.vTaskPrioritySet
                0x00000000      0x13c ..\obj\tasks.o
 .text.vTaskSuspend
                0x00000000       0xc0 ..\obj\tasks.o
 .text.xTaskIsTaskSuspended
                0x00000000       0x60 ..\obj\tasks.o
 .text.vTaskResume
                0x00000000       0xbc ..\obj\tasks.o
 .text.xTaskResumeFromISR
                0x00000000       0xe4 ..\obj\tasks.o
 .text.vTaskEndScheduler
                0x00000000       0x20 ..\obj\tasks.o
 .text.xTaskGetTickCount
                0x00000000       0x28 ..\obj\tasks.o
 .text.xTaskGetTickCountFromISR
                0x00000000       0x38 ..\obj\tasks.o
 .text.uxTaskGetNumberOfTasks
                0x00000000       0x18 ..\obj\tasks.o
 .text.vTaskPlaceOnEventList
                0x00000000       0x88 ..\obj\tasks.o
 .text.vTaskSetTimeOutState
                0x00000000       0x40 ..\obj\tasks.o
 .text.xTaskCheckForTimeOut
                0x00000000       0xc4 ..\obj\tasks.o
 .text.vTaskMissedYield
                0x00000000       0x18 ..\obj\tasks.o
 .text.prvAddCurrentTaskToDelayedList
                0x00000000       0x8c ..\obj\tasks.o
 .text.xTaskGetCurrentTaskHandle
                0x00000000       0x20 ..\obj\tasks.o
 .text.vTaskPriorityInherit
                0x00000000       0xe8 ..\obj\tasks.o
 .text          0x00000000        0x0 ..\obj\stm32f4xx_gpio.o
 .data          0x00000000        0x0 ..\obj\stm32f4xx_gpio.o
 .bss           0x00000000        0x0 ..\obj\stm32f4xx_gpio.o
 .text.GPIO_DeInit
                0x00000000      0x178 ..\obj\stm32f4xx_gpio.o
 .text.GPIO_StructInit
                0x00000000       0x3c ..\obj\stm32f4xx_gpio.o
 .text.GPIO_PinLockConfig
                0x00000000       0x44 ..\obj\stm32f4xx_gpio.o
 .text.GPIO_ReadInputDataBit
                0x00000000       0x40 ..\obj\stm32f4xx_gpio.o
 .text.GPIO_ReadInputData
                0x00000000       0x1c ..\obj\stm32f4xx_gpio.o
 .text.GPIO_ReadOutputDataBit
                0x00000000       0x40 ..\obj\stm32f4xx_gpio.o
 .text.GPIO_ReadOutputData
                0x00000000       0x1c ..\obj\stm32f4xx_gpio.o
 .text.GPIO_SetBits
                0x00000000       0x1c ..\obj\stm32f4xx_gpio.o
 .text.GPIO_ResetBits
                0x00000000       0x1c ..\obj\stm32f4xx_gpio.o
 .text.GPIO_WriteBit
                0x00000000       0x30 ..\obj\stm32f4xx_gpio.o
 .text.GPIO_Write
                0x00000000       0x1c ..\obj\stm32f4xx_gpio.o
 .text.GPIO_ToggleBits
                0x00000000       0x24 ..\obj\stm32f4xx_gpio.o
 .text.GPIO_PinAFConfig
                0x00000000       0xb0 ..\obj\stm32f4xx_gpio.o
 .text          0x00000000        0x0 ..\obj\list.o
 .data          0x00000000        0x0 ..\obj\list.o
 .bss           0x00000000        0x0 ..\obj\list.o
 .text.vListInsert
                0x00000000       0x78 ..\obj\list.o
 .text          0x00000000        0x0 ..\obj\system_stm32f4xx.o
 .data          0x00000000       0x14 ..\obj\system_stm32f4xx.o
 .bss           0x00000000        0x0 ..\obj\system_stm32f4xx.o
 .text.SystemCoreClockUpdate
                0x00000000      0x178 ..\obj\system_stm32f4xx.o
 .text          0x00000000        0x0 ..\obj\syscalls.o
 .data          0x00000000        0x0 ..\obj\syscalls.o
 .bss           0x00000000        0x4 ..\obj\syscalls.o
 .text._sbrk    0x00000000       0x5c ..\obj\syscalls.o
 .text.link     0x00000000       0x1c ..\obj\syscalls.o
 .text._close   0x00000000       0x18 ..\obj\syscalls.o
 .text._fstat   0x00000000       0x24 ..\obj\syscalls.o
 .text._isatty  0x00000000       0x18 ..\obj\syscalls.o
 .text._lseek   0x00000000       0x1c ..\obj\syscalls.o
 .text._read    0x00000000       0x1c ..\obj\syscalls.o
 .text._write   0x00000000       0x1c ..\obj\syscalls.o
 .text.abort    0x00000000        0x8 ..\obj\syscalls.o
 .text          0x00000000        0x0 ..\obj\hall_sensors.o
 .data          0x00000000        0x0 ..\obj\hall_sensors.o
 .bss           0x00000000        0x0 ..\obj\hall_sensors.o
 .text          0x00000000        0x0 ..\obj\queue.o
 .data          0x00000000        0x0 ..\obj\queue.o
 .bss           0x00000000        0x0 ..\obj\queue.o
 .text.xQueueGenericReset
                0x00000000       0xc0 ..\obj\queue.o
 .text.xQueueGenericCreate
                0x00000000       0x90 ..\obj\queue.o
 .text.xQueueCreateMutex
                0x00000000       0xac ..\obj\queue.o
 .text.xQueueGenericSend
                0x00000000      0x158 ..\obj\queue.o
 .text.xQueueGenericReceive
                0x00000000      0x1bc ..\obj\queue.o
 .text.xQueueReceiveFromISR
                0x00000000       0xd0 ..\obj\queue.o
 .text.uxQueueMessagesWaiting
                0x00000000       0x34 ..\obj\queue.o
 .text.uxQueueMessagesWaitingFromISR
                0x00000000       0x2c ..\obj\queue.o
 .text.vQueueDelete
                0x00000000       0x30 ..\obj\queue.o
 .text.prvCopyDataFromQueue
                0x00000000       0x50 ..\obj\queue.o
 .text.prvUnlockQueue
                0x00000000       0xa0 ..\obj\queue.o
 .text.prvIsQueueEmpty
                0x00000000       0x2c ..\obj\queue.o
 .text.xQueueIsQueueEmptyFromISR
                0x00000000       0x34 ..\obj\queue.o
 .text.prvIsQueueFull
                0x00000000       0x30 ..\obj\queue.o
 .text.xQueueIsQueueFullFromISR
                0x00000000       0x3c ..\obj\queue.o
 .text          0x00000000        0x0 ..\obj\port.o
 .bss           0x00000000        0x0 ..\obj\port.o
 .rodata        0x00000000        0x4 ..\obj\port.o
 .text.vPortEndScheduler
                0x00000000        0xc ..\obj\port.o
 .text          0x00000000        0x0 ..\obj\address_dev.o
 .data          0x00000000        0x0 ..\obj\address_dev.o
 .bss           0x00000000        0x0 ..\obj\address_dev.o
 .text.Address_Dev_Init
                0x00000000       0xd8 ..\obj\address_dev.o
 .text          0x00000000        0x0 ..\obj\croutine.o
 .data          0x00000000        0x0 ..\obj\croutine.o
 .bss           0x00000000       0x80 ..\obj\croutine.o
 .text.xCoRoutineCreate
                0x00000000       0xf4 ..\obj\croutine.o
 .text.vCoRoutineAddToDelayedList
                0x00000000       0xb4 ..\obj\croutine.o
 .text.prvCheckPendingReadyList
                0x00000000       0xa0 ..\obj\croutine.o
 .text.prvCheckDelayedList
                0x00000000      0x170 ..\obj\croutine.o
 .text.vCoRoutineSchedule
                0x00000000       0xf0 ..\obj\croutine.o
 .text.prvInitialiseCoRoutineLists
                0x00000000       0x8c ..\obj\croutine.o
 .text.xCoRoutineRemoveFromEventList
                0x00000000       0x60 ..\obj\croutine.o
 .text          0x00000000        0x0 ..\obj\channels.o
 .data          0x00000000        0x0 ..\obj\channels.o
 .bss           0x00000000        0x0 ..\obj\channels.o
 .text.ChannelsInit
                0x00000000      0x174 ..\obj\channels.o
 .text          0x00000000        0x0 ..\obj\stm32f4xx_exti.o
 .data          0x00000000        0x0 ..\obj\stm32f4xx_exti.o
 .bss           0x00000000        0x0 ..\obj\stm32f4xx_exti.o
 .text.EXTI_DeInit
                0x00000000       0x54 ..\obj\stm32f4xx_exti.o
 .text.EXTI_StructInit
                0x00000000       0x34 ..\obj\stm32f4xx_exti.o
 .text.EXTI_GenerateSWInterrupt
                0x00000000       0x30 ..\obj\stm32f4xx_exti.o
 .text.EXTI_GetFlagStatus
                0x00000000       0x40 ..\obj\stm32f4xx_exti.o
 .text.EXTI_ClearFlag
                0x00000000       0x20 ..\obj\stm32f4xx_exti.o
 .text          0x00000000        0x0 ..\obj\misc.o
 .data          0x00000000        0x0 ..\obj\misc.o
 .bss           0x00000000        0x0 ..\obj\misc.o
 .text.NVIC_SetVectorTable
                0x00000000       0x2c ..\obj\misc.o
 .text.NVIC_SystemLPConfig
                0x00000000       0x5c ..\obj\misc.o
 .text.SysTick_CLKSourceConfig
                0x00000000       0x4c ..\obj\misc.o
 .text          0x00000000        0x0 ..\obj\heap_1.o
 .data          0x00000000        0x0 ..\obj\heap_1.o
 .text.vPortInitialiseBlocks
                0x00000000       0x18 ..\obj\heap_1.o
 .text          0x00000000        0x0 ..\obj\stm32f4xx_tim.o
 .data          0x00000000        0x0 ..\obj\stm32f4xx_tim.o
 .bss           0x00000000        0x0 ..\obj\stm32f4xx_tim.o
 .text.TIM_DeInit
                0x00000000      0x238 ..\obj\stm32f4xx_tim.o
 .text.TIM_TimeBaseInit
                0x00000000       0xf8 ..\obj\stm32f4xx_tim.o
 .text.TIM_TimeBaseStructInit
                0x00000000       0x3c ..\obj\stm32f4xx_tim.o
 .text.TIM_PrescalerConfig
                0x00000000       0x28 ..\obj\stm32f4xx_tim.o
 .text.TIM_CounterModeConfig
                0x00000000       0x3c ..\obj\stm32f4xx_tim.o
 .text.TIM_SetCounter
                0x00000000       0x1c ..\obj\stm32f4xx_tim.o
 .text.TIM_SetAutoreload
                0x00000000       0x1c ..\obj\stm32f4xx_tim.o
 .text.TIM_GetCounter
                0x00000000       0x18 ..\obj\stm32f4xx_tim.o
 .text.TIM_GetPrescaler
                0x00000000       0x1c ..\obj\stm32f4xx_tim.o
 .text.TIM_UpdateDisableConfig
                0x00000000       0x40 ..\obj\stm32f4xx_tim.o
 .text.TIM_UpdateRequestConfig
                0x00000000       0x40 ..\obj\stm32f4xx_tim.o
 .text.TIM_ARRPreloadConfig
                0x00000000       0x40 ..\obj\stm32f4xx_tim.o
 .text.TIM_SelectOnePulseMode
                0x00000000       0x38 ..\obj\stm32f4xx_tim.o
 .text.TIM_SetClockDivision
                0x00000000       0x38 ..\obj\stm32f4xx_tim.o
 .text.TIM_Cmd  0x00000000       0x40 ..\obj\stm32f4xx_tim.o
 .text.TIM_OC1Init
                0x00000000      0x10c ..\obj\stm32f4xx_tim.o
 .text.TIM_OC2Init
                0x00000000      0x134 ..\obj\stm32f4xx_tim.o
 .text.TIM_OC3Init
                0x00000000      0x130 ..\obj\stm32f4xx_tim.o
 .text.TIM_OC4Init
                0x00000000       0xe8 ..\obj\stm32f4xx_tim.o
 .text.TIM_OCStructInit
                0x00000000       0x54 ..\obj\stm32f4xx_tim.o
 .text.TIM_SelectOCxM
                0x00000000       0xc8 ..\obj\stm32f4xx_tim.o
 .text.TIM_SetCompare1
                0x00000000       0x1c ..\obj\stm32f4xx_tim.o
 .text.TIM_SetCompare2
                0x00000000       0x1c ..\obj\stm32f4xx_tim.o
 .text.TIM_SetCompare3
                0x00000000       0x1c ..\obj\stm32f4xx_tim.o
 .text.TIM_SetCompare4
                0x00000000       0x1c ..\obj\stm32f4xx_tim.o
 .text.TIM_ForcedOC1Config
                0x00000000       0x3c ..\obj\stm32f4xx_tim.o
 .text.TIM_ForcedOC2Config
                0x00000000       0x40 ..\obj\stm32f4xx_tim.o
 .text.TIM_ForcedOC3Config
                0x00000000       0x3c ..\obj\stm32f4xx_tim.o
 .text.TIM_ForcedOC4Config
                0x00000000       0x40 ..\obj\stm32f4xx_tim.o
 .text.TIM_OC1PreloadConfig
                0x00000000       0x3c ..\obj\stm32f4xx_tim.o
 .text.TIM_OC2PreloadConfig
                0x00000000       0x40 ..\obj\stm32f4xx_tim.o
 .text.TIM_OC3PreloadConfig
                0x00000000       0x3c ..\obj\stm32f4xx_tim.o
 .text.TIM_OC4PreloadConfig
                0x00000000       0x40 ..\obj\stm32f4xx_tim.o
 .text.TIM_OC1FastConfig
                0x00000000       0x3c ..\obj\stm32f4xx_tim.o
 .text.TIM_OC2FastConfig
                0x00000000       0x40 ..\obj\stm32f4xx_tim.o
 .text.TIM_OC3FastConfig
                0x00000000       0x3c ..\obj\stm32f4xx_tim.o
 .text.TIM_OC4FastConfig
                0x00000000       0x40 ..\obj\stm32f4xx_tim.o
 .text.TIM_ClearOC1Ref
                0x00000000       0x3c ..\obj\stm32f4xx_tim.o
 .text.TIM_ClearOC2Ref
                0x00000000       0x44 ..\obj\stm32f4xx_tim.o
 .text.TIM_ClearOC3Ref
                0x00000000       0x3c ..\obj\stm32f4xx_tim.o
 .text.TIM_ClearOC4Ref
                0x00000000       0x44 ..\obj\stm32f4xx_tim.o
 .text.TIM_OC1PolarityConfig
                0x00000000       0x3c ..\obj\stm32f4xx_tim.o
 .text.TIM_OC1NPolarityConfig
                0x00000000       0x3c ..\obj\stm32f4xx_tim.o
 .text.TIM_OC2PolarityConfig
                0x00000000       0x40 ..\obj\stm32f4xx_tim.o
 .text.TIM_OC2NPolarityConfig
                0x00000000       0x40 ..\obj\stm32f4xx_tim.o
 .text.TIM_OC3PolarityConfig
                0x00000000       0x40 ..\obj\stm32f4xx_tim.o
 .text.TIM_OC3NPolarityConfig
                0x00000000       0x40 ..\obj\stm32f4xx_tim.o
 .text.TIM_OC4PolarityConfig
                0x00000000       0x40 ..\obj\stm32f4xx_tim.o
 .text.TIM_CCxCmd
                0x00000000       0x60 ..\obj\stm32f4xx_tim.o
 .text.TIM_CCxNCmd
                0x00000000       0x60 ..\obj\stm32f4xx_tim.o
 .text.TIM_ICInit
                0x00000000       0xa8 ..\obj\stm32f4xx_tim.o
 .text.TIM_ICStructInit
                0x00000000       0x3c ..\obj\stm32f4xx_tim.o
 .text.TIM_PWMIConfig
                0x00000000       0xc4 ..\obj\stm32f4xx_tim.o
 .text.TIM_GetCapture1
                0x00000000       0x18 ..\obj\stm32f4xx_tim.o
 .text.TIM_GetCapture2
                0x00000000       0x18 ..\obj\stm32f4xx_tim.o
 .text.TIM_GetCapture3
                0x00000000       0x18 ..\obj\stm32f4xx_tim.o
 .text.TIM_GetCapture4
                0x00000000       0x18 ..\obj\stm32f4xx_tim.o
 .text.TIM_SetIC1Prescaler
                0x00000000       0x38 ..\obj\stm32f4xx_tim.o
 .text.TIM_SetIC2Prescaler
                0x00000000       0x40 ..\obj\stm32f4xx_tim.o
 .text.TIM_SetIC3Prescaler
                0x00000000       0x38 ..\obj\stm32f4xx_tim.o
 .text.TIM_SetIC4Prescaler
                0x00000000       0x40 ..\obj\stm32f4xx_tim.o
 .text.TIM_BDTRConfig
                0x00000000       0x5c ..\obj\stm32f4xx_tim.o
 .text.TIM_BDTRStructInit
                0x00000000       0x4c ..\obj\stm32f4xx_tim.o
 .text.TIM_CtrlPWMOutputs
                0x00000000       0x50 ..\obj\stm32f4xx_tim.o
 .text.TIM_SelectCOM
                0x00000000       0x40 ..\obj\stm32f4xx_tim.o
 .text.TIM_CCPreloadControl
                0x00000000       0x40 ..\obj\stm32f4xx_tim.o
 .text.TIM_ITConfig
                0x00000000       0x4c ..\obj\stm32f4xx_tim.o
 .text.TIM_GenerateEvent
                0x00000000       0x1c ..\obj\stm32f4xx_tim.o
 .text.TIM_GetFlagStatus
                0x00000000       0x40 ..\obj\stm32f4xx_tim.o
 .text.TIM_ClearFlag
                0x00000000       0x24 ..\obj\stm32f4xx_tim.o
 .text.TIM_GetITStatus
                0x00000000       0x64 ..\obj\stm32f4xx_tim.o
 .text.TIM_ClearITPendingBit
                0x00000000       0x24 ..\obj\stm32f4xx_tim.o
 .text.TIM_DMAConfig
                0x00000000       0x2c ..\obj\stm32f4xx_tim.o
 .text.TIM_DMACmd
                0x00000000       0x4c ..\obj\stm32f4xx_tim.o
 .text.TIM_SelectCCDMA
                0x00000000       0x40 ..\obj\stm32f4xx_tim.o
 .text.TIM_InternalClockConfig
                0x00000000       0x24 ..\obj\stm32f4xx_tim.o
 .text.TIM_ITRxExternalClockConfig
                0x00000000       0x30 ..\obj\stm32f4xx_tim.o
 .text.TIM_TIxExternalClockConfig
                0x00000000       0x58 ..\obj\stm32f4xx_tim.o
 .text.TIM_ETRClockMode1Config
                0x00000000       0x54 ..\obj\stm32f4xx_tim.o
 .text.TIM_ETRClockMode2Config
                0x00000000       0x34 ..\obj\stm32f4xx_tim.o
 .text.TIM_SelectInputTrigger
                0x00000000       0x3c ..\obj\stm32f4xx_tim.o
 .text.TIM_SelectOutputTrigger
                0x00000000       0x38 ..\obj\stm32f4xx_tim.o
 .text.TIM_SelectSlaveMode
                0x00000000       0x38 ..\obj\stm32f4xx_tim.o
 .text.TIM_SelectMasterSlaveMode
                0x00000000       0x38 ..\obj\stm32f4xx_tim.o
 .text.TIM_ETRConfig
                0x00000000       0x54 ..\obj\stm32f4xx_tim.o
 .text.TIM_EncoderInterfaceConfig
                0x00000000       0x98 ..\obj\stm32f4xx_tim.o
 .text.TIM_SelectHallSensor
                0x00000000       0x40 ..\obj\stm32f4xx_tim.o
 .text.TIM_RemapConfig
                0x00000000       0x20 ..\obj\stm32f4xx_tim.o
 .text.TI1_Config
                0x00000000       0x84 ..\obj\stm32f4xx_tim.o
 .text.TI2_Config
                0x00000000       0xa4 ..\obj\stm32f4xx_tim.o
 .text.TI3_Config
                0x00000000       0x94 ..\obj\stm32f4xx_tim.o
 .text.TI4_Config
                0x00000000       0xac ..\obj\stm32f4xx_tim.o
 .text          0x00000000        0x0 ..\obj\power_detector.o
 .data          0x00000000        0x0 ..\obj\power_detector.o
 .bss           0x00000000        0x0 ..\obj\power_detector.o
 .text.Power_Detector_Init
                0x00000000       0x80 ..\obj\power_detector.o
 .data          0x00000000        0x0 c:/coocox/coide/gcc/sourcery g++ lite/bin/../lib/gcc/arm-none-eabi/4.5.1/../../../../arm-none-eabi/lib/thumb2\libc.a(lib_a-memcmp.o)
 .bss           0x00000000        0x0 c:/coocox/coide/gcc/sourcery g++ lite/bin/../lib/gcc/arm-none-eabi/4.5.1/../../../../arm-none-eabi/lib/thumb2\libc.a(lib_a-memcmp.o)
 .data          0x00000000        0x0 c:/coocox/coide/gcc/sourcery g++ lite/bin/../lib/gcc/arm-none-eabi/4.5.1/../../../../arm-none-eabi/lib/thumb2\libc.a(lib_a-memcpy.o)
 .bss           0x00000000        0x0 c:/coocox/coide/gcc/sourcery g++ lite/bin/../lib/gcc/arm-none-eabi/4.5.1/../../../../arm-none-eabi/lib/thumb2\libc.a(lib_a-memcpy.o)
 .data          0x00000000        0x0 c:/coocox/coide/gcc/sourcery g++ lite/bin/../lib/gcc/arm-none-eabi/4.5.1/../../../../arm-none-eabi/lib/thumb2\libc.a(lib_a-memset.o)
 .bss           0x00000000        0x0 c:/coocox/coide/gcc/sourcery g++ lite/bin/../lib/gcc/arm-none-eabi/4.5.1/../../../../arm-none-eabi/lib/thumb2\libc.a(lib_a-memset.o)
 .data          0x00000000        0x0 c:/coocox/coide/gcc/sourcery g++ lite/bin/../lib/gcc/arm-none-eabi/4.5.1/../../../../arm-none-eabi/lib/thumb2\libc.a(lib_a-strncpy.o)
 .bss           0x00000000        0x0 c:/coocox/coide/gcc/sourcery g++ lite/bin/../lib/gcc/arm-none-eabi/4.5.1/../../../../arm-none-eabi/lib/thumb2\libc.a(lib_a-strncpy.o)

Memory Configuration

Name             Origin             Length             Attributes
rom              0x08000000         0x00100000         xr
ram              0x20000000         0x00020000         xrw
ram1             0x10000000         0x00000000         xrw
*default*        0x00000000         0xffffffff

Linker script and memory map

                0x20020000                _eram = 0x20020000

.text           0x08000000     0x27cc
 *(.isr_vector .isr_vector.*)
 .isr_vector    0x08000000      0x188 ..\obj\startup_stm32f4xx.o
                0x08000000                g_pfnVectors
 *(.text .text.* .gnu.linkonce.t.*)
 .text.SYSCFG_EXTILineConfig
                0x08000188       0xb4 ..\obj\stm32f4xx_syscfg.o
                0x08000188                SYSCFG_EXTILineConfig
 .text.USART_ITConfig
                0x0800023c       0xa8 ..\obj\stm32f4xx_usart.o
                0x0800023c                USART_ITConfig
 .text.USART_GetITStatus
                0x080002e4       0xcc ..\obj\stm32f4xx_usart.o
                0x080002e4                USART_GetITStatus
 .text.USART_ClearITPendingBit
                0x080003b0       0x44 ..\obj\stm32f4xx_usart.o
                0x080003b0                USART_ClearITPendingBit
 .text.USART3_IRQHandler
                0x080003f4      0x490 ..\obj\proto.o
                0x080003f4                USART3_IRQHandler
 .text.Default_Reset_Handler
                0x08000884       0x78 ..\obj\startup_stm32f4xx.o
                0x08000884                Default_Reset_Handler
                0x08000884                Reset_Handler
 .text.Default_Handler
                0x080008fc        0x8 ..\obj\startup_stm32f4xx.o
                0x080008fc                RTC_Alarm_IRQHandler
                0x080008fc                HASH_RNG_IRQHandler
                0x080008fc                TIM8_CC_IRQHandler
                0x080008fc                DebugMon_Handler
                0x080008fc                TIM1_CC_IRQHandler
                0x080008fc                DMA2_Stream5_IRQHandler
                0x080008fc                HardFault_Handler
                0x080008fc                DMA1_Stream5_IRQHandler
                0x080008fc                SDIO_IRQHandler
                0x080008fc                TAMP_STAMP_IRQHandler
                0x080008fc                NMI_Handler
                0x080008fc                CAN2_RX1_IRQHandler
                0x080008fc                TIM8_TRG_COM_TIM14_IRQHandler
                0x080008fc                TIM1_UP_TIM10_IRQHandler
                0x080008fc                TIM8_UP_TIM13_IRQHandler
                0x080008fc                I2C3_ER_IRQHandler
                0x080008fc                I2C2_EV_IRQHandler
                0x080008fc                DMA1_Stream2_IRQHandler
                0x080008fc                CAN1_RX0_IRQHandler
                0x080008fc                FPU_IRQHandler
                0x080008fc                OTG_HS_WKUP_IRQHandler
                0x080008fc                UsageFault_Handler
                0x080008fc                CAN2_SCE_IRQHandler
                0x080008fc                DMA2_Stream2_IRQHandler
                0x080008fc                SPI1_IRQHandler
                0x080008fc                TIM6_DAC_IRQHandler
                0x080008fc                TIM1_BRK_TIM9_IRQHandler
                0x080008fc                DCMI_IRQHandler
                0x080008fc                CAN2_RX0_IRQHandler
                0x080008fc                DMA2_Stream3_IRQHandler
                0x080008fc                USART6_IRQHandler
                0x080008fc                CRYP_IRQHandler
                0x080008fc                CAN1_RX1_IRQHandler
                0x080008fc                UART5_IRQHandler
                0x080008fc                DMA2_Stream0_IRQHandler
                0x080008fc                I2C1_EV_IRQHandler
                0x080008fc                DMA1_Stream6_IRQHandler
                0x080008fc                DMA1_Stream1_IRQHandler
                0x080008fc                UART4_IRQHandler
                0x080008fc                RCC_IRQHandler
                0x080008fc                TIM8_BRK_TIM12_IRQHandler
                0x080008fc                EXTI15_10_IRQHandler
                0x080008fc                ADC_IRQHandler
                0x080008fc                DMA1_Stream7_IRQHandler
                0x080008fc                TIM7_IRQHandler
                0x080008fc                CAN2_TX_IRQHandler
                0x080008fc                TIM5_IRQHandler
                0x080008fc                DMA2_Stream7_IRQHandler
                0x080008fc                I2C3_EV_IRQHandler
                0x080008fc                EXTI9_5_IRQHandler
                0x080008fc                RTC_WKUP_IRQHandler
                0x080008fc                ETH_WKUP_IRQHandler
                0x080008fc                SPI2_IRQHandler
                0x080008fc                OTG_HS_EP1_IN_IRQHandler
                0x080008fc                MemManage_Handler
                0x080008fc                DMA1_Stream0_IRQHandler
                0x080008fc                CAN1_TX_IRQHandler
                0x080008fc                EXTI4_IRQHandler
                0x080008fc                FSMC_IRQHandler
                0x080008fc                ETH_IRQHandler
                0x080008fc                OTG_HS_EP1_OUT_IRQHandler
                0x080008fc                WWDG_IRQHandler
                0x080008fc                OTG_FS_WKUP_IRQHandler
                0x080008fc                TIM1_TRG_COM_TIM11_IRQHandler
                0x080008fc                OTG_HS_IRQHandler
                0x080008fc                USART2_IRQHandler
                0x080008fc                I2C2_ER_IRQHandler
                0x080008fc                DMA2_Stream1_IRQHandler
                0x080008fc                CAN1_SCE_IRQHandler
                0x080008fc                FLASH_IRQHandler
                0x080008fc                DMA2_Stream4_IRQHandler
                0x080008fc                BusFault_Handler
                0x080008fc                USART1_IRQHandler
                0x080008fc                OTG_FS_IRQHandler
                0x080008fc                SPI3_IRQHandler
                0x080008fc                DMA1_Stream4_IRQHandler
                0x080008fc                I2C1_ER_IRQHandler
                0x080008fc                DMA2_Stream6_IRQHandler
                0x080008fc                DMA1_Stream3_IRQHandler
 .text.main     0x08000904       0x14 ..\obj\main.o
                0x08000904                main
 .text.vApplicationMallocFailedHook
                0x08000918        0x8 ..\obj\main.o
                0x08000918                vApplicationMallocFailedHook
 .text.vApplicationStackOverflowHook
                0x08000920        0xc ..\obj\main.o
                0x08000920                vApplicationStackOverflowHook
 .text.vApplicationIdleHook
                0x0800092c       0x18 ..\obj\main.o
                0x0800092c                vApplicationIdleHook
 .text.RCC_AHB1PeriphClockCmd
                0x08000944       0x5c ..\obj\stm32f4xx_rcc.o
                0x08000944                RCC_AHB1PeriphClockCmd
 .text.RCC_APB2PeriphClockCmd
                0x080009a0       0x5c ..\obj\stm32f4xx_rcc.o
                0x080009a0                RCC_APB2PeriphClockCmd
 .text.TIM3_IRQHandler
                0x080009fc       0xe8 ..\obj\encoder.o
                0x080009fc                TIM3_IRQHandler
 .text.TIM2_IRQHandler
                0x08000ae4       0x30 ..\obj\encoder.o
                0x08000ae4                TIM2_IRQHandler
 .text.TIM4_IRQHandler
                0x08000b14       0x3c ..\obj\encoder.o
                0x08000b14                TIM4_IRQHandler
 .text.xTaskGenericCreate
                0x08000b50      0x1e0 ..\obj\tasks.o
                0x08000b50                xTaskGenericCreate
 .text.vTaskStartScheduler
                0x08000d30       0x84 ..\obj\tasks.o
                0x08000d30                vTaskStartScheduler
 .text.vTaskSuspendAll
                0x08000db4       0x24 ..\obj\tasks.o
                0x08000db4                vTaskSuspendAll
 .text.xTaskResumeAll
                0x08000dd8      0x16c ..\obj\tasks.o
                0x08000dd8                xTaskResumeAll
 .text.vTaskIncrementTick
                0x08000f44      0x1d0 ..\obj\tasks.o
                0x08000f44                vTaskIncrementTick
 .text.vTaskSwitchContext
                0x08001114      0x168 ..\obj\tasks.o
                0x08001114                vTaskSwitchContext
 .text.xTaskRemoveFromEventList
                0x0800127c       0xd4 ..\obj\tasks.o
                0x0800127c                xTaskRemoveFromEventList
 .text.prvIdleTask
                0x08001350       0x24 ..\obj\tasks.o
 .text.prvInitialiseTCBVariables
                0x08001374       0x7c ..\obj\tasks.o
 .text.prvInitialiseTaskLists
                0x080013f0       0xa4 ..\obj\tasks.o
 .text.prvCheckTasksWaitingTermination
                0x08001494       0x98 ..\obj\tasks.o
 .text.prvAllocateTCBAndStack
                0x0800152c       0x74 ..\obj\tasks.o
 .text.prvDeleteTCB
                0x080015a0       0x20 ..\obj\tasks.o
 .text.vTaskPriorityDisinherit
                0x080015c0       0x90 ..\obj\tasks.o
                0x080015c0                vTaskPriorityDisinherit
 .text.GPIO_Init
                0x08001650      0x158 ..\obj\stm32f4xx_gpio.o
                0x08001650                GPIO_Init
 .text.vListInitialise
                0x080017a8       0x48 ..\obj\list.o
                0x080017a8                vListInitialise
 .text.vListInitialiseItem
                0x080017f0       0x1c ..\obj\list.o
                0x080017f0                vListInitialiseItem
 .text.vListInsertEnd
                0x0800180c       0x54 ..\obj\list.o
                0x0800180c                vListInsertEnd
 .text.vListRemove
                0x08001860       0x54 ..\obj\list.o
                0x08001860                vListRemove
 .text.SystemInit
                0x080018b4       0x94 ..\obj\system_stm32f4xx.o
                0x080018b4                SystemInit
 .text.SetSysClock
                0x08001948      0x154 ..\obj\system_stm32f4xx.o
 .text.NVIC_EnableIRQ
                0x08001a9c       0x38 ..\obj\hall_sensors.o
 .text.Hall_Sensors_Init
                0x08001ad4      0x1b4 ..\obj\hall_sensors.o
                0x08001ad4                Hall_Sensors_Init
 .text.EXTI0_IRQHandler
                0x08001c88       0x18 ..\obj\hall_sensors.o
                0x08001c88                EXTI0_IRQHandler
 .text.EXTI1_IRQHandler
                0x08001ca0       0x18 ..\obj\hall_sensors.o
                0x08001ca0                EXTI1_IRQHandler
 .text.EXTI2_IRQHandler
                0x08001cb8       0x18 ..\obj\hall_sensors.o
                0x08001cb8                EXTI2_IRQHandler
 .text.EXTI3_IRQHandler
                0x08001cd0       0x18 ..\obj\hall_sensors.o
                0x08001cd0                EXTI3_IRQHandler
 .text.xQueueGenericSendFromISR
                0x08001ce8       0xcc ..\obj\queue.o
                0x08001ce8                xQueueGenericSendFromISR
 .text.prvCopyDataToQueue
                0x08001db4       0xc4 ..\obj\queue.o
 .text.pxPortInitialiseStack
                0x08001e78       0x70 ..\obj\port.o
                0x08001e78                pxPortInitialiseStack
 .text.SVC_Handler
                0x08001ee8       0x1c ..\obj\port.o
                0x08001ee8                SVC_Handler
 .text.vPortStartFirstTask
                0x08001f04       0x14 ..\obj\port.o
 .text.xPortStartScheduler
                0x08001f18       0x70 ..\obj\port.o
                0x08001f18                xPortStartScheduler
 .text.vPortYieldFromISR
                0x08001f88       0x18 ..\obj\port.o
                0x08001f88                vPortYieldFromISR
 .text.vPortEnterCritical
                0x08001fa0       0x2c ..\obj\port.o
                0x08001fa0                vPortEnterCritical
 .text.vPortExitCritical
                0x08001fcc       0x38 ..\obj\port.o
                0x08001fcc                vPortExitCritical
 .text.PendSV_Handler
                0x08002004       0x50 ..\obj\port.o
                0x08002004                PendSV_Handler
 .text.SysTick_Handler
                0x08002054       0x38 ..\obj\port.o
                0x08002054                SysTick_Handler
 .text.prvSetupTimerInterrupt
                0x0800208c       0x28 ..\obj\port.o
 .text.vPortEnableVFP
                0x080020b4       0x14 ..\obj\port.o
 .text.EXTI_Init
                0x080020c8      0x158 ..\obj\stm32f4xx_exti.o
                0x080020c8                EXTI_Init
 .text.EXTI_GetITStatus
                0x08002220       0x60 ..\obj\stm32f4xx_exti.o
                0x08002220                EXTI_GetITStatus
 .text.EXTI_ClearITPendingBit
                0x08002280       0x20 ..\obj\stm32f4xx_exti.o
                0x08002280                EXTI_ClearITPendingBit
 .text.NVIC_PriorityGroupConfig
                0x080022a0       0x28 ..\obj\misc.o
                0x080022a0                NVIC_PriorityGroupConfig
 .text.NVIC_Init
                0x080022c8       0xe8 ..\obj\misc.o
                0x080022c8                NVIC_Init
 .text.pvPortMalloc
                0x080023b0       0xa4 ..\obj\heap_1.o
                0x080023b0                pvPortMalloc
 .text.vPortFree
                0x08002454       0x14 ..\obj\heap_1.o
                0x08002454                vPortFree
 .text.xPortGetFreeHeapSize
                0x08002468       0x1c ..\obj\heap_1.o
                0x08002468                xPortGetFreeHeapSize
 .text.NVIC_SystemReset
                0x08002484       0x34 ..\obj\power_detector.o
 .text.PVD_IRQHandler
                0x080024b8       0x20 ..\obj\power_detector.o
                0x080024b8                PVD_IRQHandler
 .text          0x080024d8       0x58 c:/coocox/coide/gcc/sourcery g++ lite/bin/../lib/gcc/arm-none-eabi/4.5.1/../../../../arm-none-eabi/lib/thumb2\libc.a(lib_a-memcmp.o)
                0x080024d8                memcmp
 .text          0x08002530      0x150 c:/coocox/coide/gcc/sourcery g++ lite/bin/../lib/gcc/arm-none-eabi/4.5.1/../../../../arm-none-eabi/lib/thumb2\libc.a(lib_a-memcpy.o)
                0x08002530                memcpy
 .text          0x08002680       0xb4 c:/coocox/coide/gcc/sourcery g++ lite/bin/../lib/gcc/arm-none-eabi/4.5.1/../../../../arm-none-eabi/lib/thumb2\libc.a(lib_a-memset.o)
                0x08002680                memset
 .text          0x08002734       0x7c c:/coocox/coide/gcc/sourcery g++ lite/bin/../lib/gcc/arm-none-eabi/4.5.1/../../../../arm-none-eabi/lib/thumb2\libc.a(lib_a-strncpy.o)
                0x08002734                strncpy
 *(.glue_7t)
 .glue_7t       0x00000000        0x0 linker stubs
 *(.glue_7)
 .glue_7        0x00000000        0x0 linker stubs
 *(.rodata .rodata* .gnu.linkonce.r.*)
 .rodata        0x080027b0       0x1c ..\obj\tasks.o

.vfp11_veneer   0x080027cc        0x0
 .vfp11_veneer  0x00000000        0x0 linker stubs

.v4_bx          0x080027cc        0x0
 .v4_bx         0x00000000        0x0 linker stubs

.ARM.extab
 *(.ARM.extab* .gnu.linkonce.armextab.*)

.ARM.exidx
 *(.ARM.exidx* .gnu.linkonce.armexidx.*)
                0x080027cc                . = ALIGN (0x4)
                0x080027cc                _etext = .
                0x080027cc                _sidata = .

.data           0x20000000       0x5c load address 0x080027cc
                0x20000000                _sdata = .
 *(.data .data.*)
 .data          0x20000000       0x4c ..\obj\proto.o
                0x20000000                DEV_NAME
                0x20000014                NOTICE
                0x2000003c                VERSION
                0x20000044                ADRESS_DEV
                0x20000045                dev_desc_len
                0x20000046                STATE_BYTE
                0x20000047                symbol
                0x20000048                proto_type
 .data          0x2000004c        0x8 ..\obj\encoder.o
                0x2000004c                counter
 .data          0x20000054        0x4 ..\obj\tasks.o
 .data          0x20000058        0x4 ..\obj\port.o
                0x2000005c                . = ALIGN (0x4)
                0x2000005c                _edata = .

.bss            0x20000060     0x1fa4 load address 0x0800282c
                0x20000060                _sbss = .
 *(.bss .bss.*)
 .bss           0x20000060        0x8 ..\obj\proto.o
                0x20000060                frame_len
                0x20000062                fr_err
 .bss           0x20000068        0x8 ..\obj\encoder.o
                0x20000068                fast_freq_counter
                0x2000006c                period_overload
 .bss           0x20000070      0x100 ..\obj\tasks.o
                0x20000070                pxCurrentTCB
 .bss           0x20000170     0x1c08 ..\obj\heap_1.o
 *(COMMON)
 COMMON         0x20001d78      0x213 ..\obj\proto.o
                0x20001d78                RecieveBuf
                0x20001e78                transf_count
                0x20001e79                recieve_count
                0x20001e7c                sym_8_to_float
                0x20001e80                COMMAND_ERR
                0x20001e81                buf_len
                0x20001e84                TransferBuf
                0x20001f84                xProtoSemaphore
                0x20001f88                crc_n_ERR
                0x20001f89                CUT_OUT_NULL
                0x20001f8a                PROTO_HAS_START
 *fill*         0x20001f8b        0x1 00
 COMMON         0x20001f8c       0x24 ..\obj\encoder.o
                0x20001f8c                p_queue
 COMMON         0x20001fb0       0x54 ..\obj\channels.o
                0x20001fb0                channels
                0x20002004                . = ALIGN (0x4)
                0x20002004                _ebss = .

.co_stack       0x20002004      0x804 load address 0x080047d0
                0x20002008                . = ALIGN (0x8)
 *fill*         0x20002004        0x4 00
 *(.co_stack .co_stack.*)
 .co_stack      0x20002008      0x800 ..\obj\startup_stm32f4xx.o
                0x20002008                pulStack
                0x20002808                . = ALIGN (0x4)
                0x20002808                _end = .
LOAD ..\obj\stm32f4xx_syscfg.o
LOAD ..\obj\core_cm3.o
LOAD ..\obj\stm32f4xx_usart.o
LOAD ..\obj\stm32f4xx_pwr.o
LOAD ..\obj\proto.o
LOAD ..\obj\startup_stm32f4xx.o
LOAD ..\obj\stm32f4xx_iwdg.o
LOAD ..\obj\main.o
LOAD ..\obj\stm32f4xx_rcc.o
LOAD ..\obj\timers.o
LOAD ..\obj\encoder.o
LOAD ..\obj\watchdog.o
LOAD ..\obj\tasks.o
LOAD ..\obj\stm32f4xx_gpio.o
LOAD ..\obj\list.o
LOAD ..\obj\system_stm32f4xx.o
LOAD ..\obj\syscalls.o
LOAD ..\obj\hall_sensors.o
LOAD ..\obj\queue.o
LOAD ..\obj\port.o
LOAD ..\obj\address_dev.o
LOAD ..\obj\croutine.o
LOAD ..\obj\channels.o
LOAD ..\obj\stm32f4xx_exti.o
LOAD ..\obj\misc.o
LOAD ..\obj\heap_1.o
LOAD ..\obj\stm32f4xx_tim.o
LOAD ..\obj\power_detector.o
START GROUP
LOAD c:/coocox/coide/gcc/sourcery g++ lite/bin/../lib/gcc/arm-none-eabi/4.5.1/thumb2\libgcc.a
LOAD c:/coocox/coide/gcc/sourcery g++ lite/bin/../lib/gcc/arm-none-eabi/4.5.1/../../../../arm-none-eabi/lib/thumb2\libc.a
END GROUP
OUTPUT(tablo_proto_test.elf elf32-littlearm)

.debug_abbrev   0x00000000     0x220f
 .debug_abbrev  0x00000000      0x12a ..\obj\stm32f4xx_syscfg.o
 .debug_abbrev  0x0000012a       0xd5 ..\obj\core_cm3.o
 .debug_abbrev  0x000001ff      0x14e ..\obj\stm32f4xx_usart.o
 .debug_abbrev  0x0000034d      0x175 ..\obj\stm32f4xx_pwr.o
 .debug_abbrev  0x000004c2      0x246 ..\obj\proto.o
 .debug_abbrev  0x00000708       0xac ..\obj\startup_stm32f4xx.o
 .debug_abbrev  0x000007b4       0xfa ..\obj\stm32f4xx_iwdg.o
 .debug_abbrev  0x000008ae       0xc2 ..\obj\main.o
 .debug_abbrev  0x00000970      0x1b7 ..\obj\stm32f4xx_rcc.o
 .debug_abbrev  0x00000b27       0x28 ..\obj\timers.o
 .debug_abbrev  0x00000b4f      0x1f4 ..\obj\encoder.o
 .debug_abbrev  0x00000d43      0x108 ..\obj\watchdog.o
 .debug_abbrev  0x00000e4b      0x193 ..\obj\tasks.o
 .debug_abbrev  0x00000fde      0x182 ..\obj\stm32f4xx_gpio.o
 .debug_abbrev  0x00001160       0xb6 ..\obj\list.o
 .debug_abbrev  0x00001216      0x140 ..\obj\system_stm32f4xx.o
 .debug_abbrev  0x00001356       0xde ..\obj\syscalls.o
 .debug_abbrev  0x00001434      0x15c ..\obj\hall_sensors.o
 .debug_abbrev  0x00001590      0x109 ..\obj\queue.o
 .debug_abbrev  0x00001699      0x15b ..\obj\port.o
 .debug_abbrev  0x000017f4      0x100 ..\obj\address_dev.o
 .debug_abbrev  0x000018f4      0x186 ..\obj\croutine.o
 .debug_abbrev  0x00001a7a       0xf9 ..\obj\channels.o
 .debug_abbrev  0x00001b73      0x198 ..\obj\stm32f4xx_exti.o
 .debug_abbrev  0x00001d0b      0x126 ..\obj\misc.o
 .debug_abbrev  0x00001e31      0x116 ..\obj\heap_1.o
 .debug_abbrev  0x00001f47      0x163 ..\obj\stm32f4xx_tim.o
 .debug_abbrev  0x000020aa      0x165 ..\obj\power_detector.o

.debug_info     0x00000000     0xb263
 .debug_info    0x00000000      0x27a ..\obj\stm32f4xx_syscfg.o
 .debug_info    0x0000027a      0x548 ..\obj\core_cm3.o
 .debug_info    0x000007c2      0xa4f ..\obj\stm32f4xx_usart.o
 .debug_info    0x00001211      0x53e ..\obj\stm32f4xx_pwr.o
 .debug_info    0x0000174f      0xf9d ..\obj\proto.o
 .debug_info    0x000026ec      0x135 ..\obj\startup_stm32f4xx.o
 .debug_info    0x00002821      0x20b ..\obj\stm32f4xx_iwdg.o
 .debug_info    0x00002a2c      0x18f ..\obj\main.o
 .debug_info    0x00002bbb      0xd24 ..\obj\stm32f4xx_rcc.o
 .debug_info    0x000038df       0x4c ..\obj\timers.o
 .debug_info    0x0000392b      0xcd1 ..\obj\encoder.o
 .debug_info    0x000045fc      0x18a ..\obj\watchdog.o
 .debug_info    0x00004786      0xd75 ..\obj\tasks.o
 .debug_info    0x000054fb      0x639 ..\obj\stm32f4xx_gpio.o
 .debug_info    0x00005b34      0x2a6 ..\obj\list.o
 .debug_info    0x00005dda      0x5ea ..\obj\system_stm32f4xx.o
 .debug_info    0x000063c4      0x440 ..\obj\syscalls.o
 .debug_info    0x00006804      0x845 ..\obj\hall_sensors.o
 .debug_info    0x00007049      0x7c1 ..\obj\queue.o
 .debug_info    0x0000780a      0x1ec ..\obj\port.o
 .debug_info    0x000079f6      0x2be ..\obj\address_dev.o
 .debug_info    0x00007cb4      0x4af ..\obj\croutine.o
 .debug_info    0x00008163      0x1f4 ..\obj\channels.o
 .debug_info    0x00008357      0x372 ..\obj\stm32f4xx_exti.o
 .debug_info    0x000086c9      0x594 ..\obj\misc.o
 .debug_info    0x00008c5d      0x186 ..\obj\heap_1.o
 .debug_info    0x00008de3     0x1e28 ..\obj\stm32f4xx_tim.o
 .debug_info    0x0000ac0b      0x658 ..\obj\power_detector.o

.debug_line     0x00000000     0x5ac6
 .debug_line    0x00000000      0x22f ..\obj\stm32f4xx_syscfg.o
 .debug_line    0x0000022f      0x29d ..\obj\core_cm3.o
 .debug_line    0x000004cc      0x4d8 ..\obj\stm32f4xx_usart.o
 .debug_line    0x000009a4      0x2cc ..\obj\stm32f4xx_pwr.o
 .debug_line    0x00000c70      0x6fd ..\obj\proto.o
 .debug_line    0x0000136d       0xbf ..\obj\startup_stm32f4xx.o
 .debug_line    0x0000142c      0x226 ..\obj\stm32f4xx_iwdg.o
 .debug_line    0x00001652      0x269 ..\obj\main.o
 .debug_line    0x000018bb      0x5d4 ..\obj\stm32f4xx_rcc.o
 .debug_line    0x00001e8f       0x1d ..\obj\timers.o
 .debug_line    0x00001eac      0x415 ..\obj\encoder.o
 .debug_line    0x000022c1      0x1f8 ..\obj\watchdog.o
 .debug_line    0x000024b9      0x7d2 ..\obj\tasks.o
 .debug_line    0x00002c8b      0x373 ..\obj\stm32f4xx_gpio.o
 .debug_line    0x00002ffe      0x1f3 ..\obj\list.o
 .debug_line    0x000031f1      0x248 ..\obj\system_stm32f4xx.o
 .debug_line    0x00003439      0x1ac ..\obj\syscalls.o
 .debug_line    0x000035e5      0x2e0 ..\obj\hall_sensors.o
 .debug_line    0x000038c5      0x54c ..\obj\queue.o
 .debug_line    0x00003e11      0x207 ..\obj\port.o
 .debug_line    0x00004018      0x237 ..\obj\address_dev.o
 .debug_line    0x0000424f      0x2c1 ..\obj\croutine.o
 .debug_line    0x00004510      0x1d0 ..\obj\channels.o
 .debug_line    0x000046e0      0x2dd ..\obj\stm32f4xx_exti.o
 .debug_line    0x000049bd      0x279 ..\obj\misc.o
 .debug_line    0x00004c36      0x14d ..\obj\heap_1.o
 .debug_line    0x00004d83      0xaad ..\obj\stm32f4xx_tim.o
 .debug_line    0x00005830      0x296 ..\obj\power_detector.o

.debug_loc      0x00000000     0x4da5
 .debug_loc     0x00000000      0x144 ..\obj\stm32f4xx_syscfg.o
 .debug_loc     0x00000144      0x3f0 ..\obj\core_cm3.o
 .debug_loc     0x00000534      0x658 ..\obj\stm32f4xx_usart.o
 .debug_loc     0x00000b8c      0x288 ..\obj\stm32f4xx_pwr.o
 .debug_loc     0x00000e14      0x36d ..\obj\proto.o
 .debug_loc     0x00001181       0x64 ..\obj\startup_stm32f4xx.o
 .debug_loc     0x000011e5      0x138 ..\obj\stm32f4xx_iwdg.o
 .debug_loc     0x0000131d      0x100 ..\obj\main.o
 .debug_loc     0x0000141d      0x97c ..\obj\stm32f4xx_rcc.o
 .debug_loc     0x00001d99      0x164 ..\obj\encoder.o
 .debug_loc     0x00001efd       0x70 ..\obj\watchdog.o
 .debug_loc     0x00001f6d      0x708 ..\obj\tasks.o
 .debug_loc     0x00002675      0x310 ..\obj\stm32f4xx_gpio.o
 .debug_loc     0x00002985      0x118 ..\obj\list.o
 .debug_loc     0x00002a9d       0x9c ..\obj\system_stm32f4xx.o
 .debug_loc     0x00002b39      0x1ec ..\obj\syscalls.o
 .debug_loc     0x00002d25      0x120 ..\obj\hall_sensors.o
 .debug_loc     0x00002e45      0x3b8 ..\obj\queue.o
 .debug_loc     0x000031fd      0x178 ..\obj\port.o
 .debug_loc     0x00003375       0x38 ..\obj\address_dev.o
 .debug_loc     0x000033ad      0x188 ..\obj\croutine.o
 .debug_loc     0x00003535       0x2c ..\obj\channels.o
 .debug_loc     0x00003561      0x1b4 ..\obj\stm32f4xx_exti.o
 .debug_loc     0x00003715      0x118 ..\obj\misc.o
 .debug_loc     0x0000382d       0xc8 ..\obj\heap_1.o
 .debug_loc     0x000038f5     0x1420 ..\obj\stm32f4xx_tim.o
 .debug_loc     0x00004d15       0x90 ..\obj\power_detector.o

.debug_pubnames
                0x00000000     0x213b
 .debug_pubnames
                0x00000000       0xc3 ..\obj\stm32f4xx_syscfg.o
 .debug_pubnames
                0x000000c3      0x159 ..\obj\core_cm3.o
 .debug_pubnames
                0x0000021c      0x294 ..\obj\stm32f4xx_usart.o
 .debug_pubnames
                0x000004b0      0x120 ..\obj\stm32f4xx_pwr.o
 .debug_pubnames
                0x000005d0      0x2c8 ..\obj\proto.o
 .debug_pubnames
                0x00000898       0x4a ..\obj\startup_stm32f4xx.o
 .debug_pubnames
                0x000008e2       0x91 ..\obj\stm32f4xx_iwdg.o
 .debug_pubnames
                0x00000973       0x90 ..\obj\main.o
 .debug_pubnames
                0x00000a03      0x417 ..\obj\stm32f4xx_rcc.o
 .debug_pubnames
                0x00000e1a       0xc7 ..\obj\encoder.o
 .debug_pubnames
                0x00000ee1       0x35 ..\obj\watchdog.o
 .debug_pubnames
                0x00000f16      0x275 ..\obj\tasks.o
 .debug_pubnames
                0x0000118b      0x12d ..\obj\stm32f4xx_gpio.o
 .debug_pubnames
                0x000012b8       0x71 ..\obj\list.o
 .debug_pubnames
                0x00001329       0x61 ..\obj\system_stm32f4xx.o
 .debug_pubnames
                0x0000138a       0x71 ..\obj\syscalls.o
 .debug_pubnames
                0x000013fb       0x7c ..\obj\hall_sensors.o
 .debug_pubnames
                0x00001477      0x145 ..\obj\queue.o
 .debug_pubnames
                0x000015bc       0xe9 ..\obj\port.o
 .debug_pubnames
                0x000016a5       0x27 ..\obj\address_dev.o
 .debug_pubnames
                0x000016cc       0x96 ..\obj\croutine.o
 .debug_pubnames
                0x00001762       0x30 ..\obj\channels.o
 .debug_pubnames
                0x00001792       0xbb ..\obj\stm32f4xx_exti.o
 .debug_pubnames
                0x0000184d       0x89 ..\obj\misc.o
 .debug_pubnames
                0x000018d6       0x64 ..\obj\heap_1.o
 .debug_pubnames
                0x0000193a      0x7c4 ..\obj\stm32f4xx_tim.o
 .debug_pubnames
                0x000020fe       0x3d ..\obj\power_detector.o

.debug_pubtypes
                0x00000000     0x1147
 .debug_pubtypes
                0x00000000       0x6d ..\obj\stm32f4xx_syscfg.o
 .debug_pubtypes
                0x0000006d       0x50 ..\obj\core_cm3.o
 .debug_pubtypes
                0x000000bd       0xcd ..\obj\stm32f4xx_usart.o
 .debug_pubtypes
                0x0000018a       0x84 ..\obj\stm32f4xx_pwr.o
 .debug_pubtypes
                0x0000020e      0x188 ..\obj\proto.o
 .debug_pubtypes
                0x00000396       0x64 ..\obj\stm32f4xx_iwdg.o
 .debug_pubtypes
                0x000003fa       0x39 ..\obj\main.o
 .debug_pubtypes
                0x00000433       0xaa ..\obj\stm32f4xx_rcc.o
 .debug_pubtypes
                0x000004dd       0x12 ..\obj\timers.o
 .debug_pubtypes
                0x000004ef      0x166 ..\obj\encoder.o
 .debug_pubtypes
                0x00000655       0x53 ..\obj\watchdog.o
 .debug_pubtypes
                0x000006a8      0x10c ..\obj\tasks.o
 .debug_pubtypes
                0x000007b4       0xce ..\obj\stm32f4xx_gpio.o
 .debug_pubtypes
                0x00000882       0x7a ..\obj\list.o
 .debug_pubtypes
                0x000008fc       0x73 ..\obj\system_stm32f4xx.o
 .debug_pubtypes
                0x0000096f       0xaa ..\obj\syscalls.o
 .debug_pubtypes
                0x00000a19      0x161 ..\obj\hall_sensors.o
 .debug_pubtypes
                0x00000b7a       0xd4 ..\obj\queue.o
 .debug_pubtypes
                0x00000c4e       0x33 ..\obj\port.o
 .debug_pubtypes
                0x00000c81       0xc0 ..\obj\address_dev.o
 .debug_pubtypes
                0x00000d41       0xcd ..\obj\croutine.o
 .debug_pubtypes
                0x00000e0e       0x2a ..\obj\channels.o
 .debug_pubtypes
                0x00000e38       0xae ..\obj\stm32f4xx_exti.o
 .debug_pubtypes
                0x00000ee6       0x8c ..\obj\misc.o
 .debug_pubtypes
                0x00000f72       0x2c ..\obj\heap_1.o
 .debug_pubtypes
                0x00000f9e       0xe4 ..\obj\stm32f4xx_tim.o
 .debug_pubtypes
                0x00001082       0xc5 ..\obj\power_detector.o

.debug_aranges  0x00000000      0xe30
 .debug_aranges
                0x00000000       0x48 ..\obj\stm32f4xx_syscfg.o
 .debug_aranges
                0x00000048       0xc8 ..\obj\core_cm3.o
 .debug_aranges
                0x00000110      0x100 ..\obj\stm32f4xx_usart.o
 .debug_aranges
                0x00000210       0x78 ..\obj\stm32f4xx_pwr.o
 .debug_aranges
                0x00000288       0xa8 ..\obj\proto.o
 .debug_aranges
                0x00000330       0x28 ..\obj\startup_stm32f4xx.o
 .debug_aranges
                0x00000358       0x48 ..\obj\stm32f4xx_iwdg.o
 .debug_aranges
                0x000003a0       0x40 ..\obj\main.o
 .debug_aranges
                0x000003e0      0x178 ..\obj\stm32f4xx_rcc.o
 .debug_aranges
                0x00000558       0x50 ..\obj\encoder.o
 .debug_aranges
                0x000005a8       0x28 ..\obj\watchdog.o
 .debug_aranges
                0x000005d0      0x120 ..\obj\tasks.o
 .debug_aranges
                0x000006f0       0x88 ..\obj\stm32f4xx_gpio.o
 .debug_aranges
                0x00000778       0x40 ..\obj\list.o
 .debug_aranges
                0x000007b8       0x30 ..\obj\system_stm32f4xx.o
 .debug_aranges
                0x000007e8       0x60 ..\obj\syscalls.o
 .debug_aranges
                0x00000848       0x48 ..\obj\hall_sensors.o
 .debug_aranges
                0x00000890       0xa0 ..\obj\queue.o
 .debug_aranges
                0x00000930       0x78 ..\obj\port.o
 .debug_aranges
                0x000009a8       0x20 ..\obj\address_dev.o
 .debug_aranges
                0x000009c8       0x50 ..\obj\croutine.o
 .debug_aranges
                0x00000a18       0x20 ..\obj\channels.o
 .debug_aranges
                0x00000a38       0x58 ..\obj\stm32f4xx_exti.o
 .debug_aranges
                0x00000a90       0x40 ..\obj\misc.o
 .debug_aranges
                0x00000ad0       0x38 ..\obj\heap_1.o
 .debug_aranges
                0x00000b08      0x2f8 ..\obj\stm32f4xx_tim.o
 .debug_aranges
                0x00000e00       0x30 ..\obj\power_detector.o

.debug_ranges   0x00000000      0xc98
 .debug_ranges  0x00000000       0x38 ..\obj\stm32f4xx_syscfg.o
 .debug_ranges  0x00000038       0xb8 ..\obj\core_cm3.o
 .debug_ranges  0x000000f0       0xf0 ..\obj\stm32f4xx_usart.o
 .debug_ranges  0x000001e0       0x68 ..\obj\stm32f4xx_pwr.o
 .debug_ranges  0x00000248       0x98 ..\obj\proto.o
 .debug_ranges  0x000002e0       0x18 ..\obj\startup_stm32f4xx.o
 .debug_ranges  0x000002f8       0x38 ..\obj\stm32f4xx_iwdg.o
 .debug_ranges  0x00000330       0x30 ..\obj\main.o
 .debug_ranges  0x00000360      0x168 ..\obj\stm32f4xx_rcc.o
 .debug_ranges  0x000004c8       0x58 ..\obj\encoder.o
 .debug_ranges  0x00000520       0x18 ..\obj\watchdog.o
 .debug_ranges  0x00000538      0x110 ..\obj\tasks.o
 .debug_ranges  0x00000648       0x78 ..\obj\stm32f4xx_gpio.o
 .debug_ranges  0x000006c0       0x30 ..\obj\list.o
 .debug_ranges  0x000006f0       0x20 ..\obj\system_stm32f4xx.o
 .debug_ranges  0x00000710       0x50 ..\obj\syscalls.o
 .debug_ranges  0x00000760       0x38 ..\obj\hall_sensors.o
 .debug_ranges  0x00000798       0x90 ..\obj\queue.o
 .debug_ranges  0x00000828       0x68 ..\obj\port.o
 .debug_ranges  0x00000890       0x10 ..\obj\address_dev.o
 .debug_ranges  0x000008a0       0x40 ..\obj\croutine.o
 .debug_ranges  0x000008e0       0x10 ..\obj\channels.o
 .debug_ranges  0x000008f0       0x48 ..\obj\stm32f4xx_exti.o
 .debug_ranges  0x00000938       0x30 ..\obj\misc.o
 .debug_ranges  0x00000968       0x28 ..\obj\heap_1.o
 .debug_ranges  0x00000990      0x2e8 ..\obj\stm32f4xx_tim.o
 .debug_ranges  0x00000c78       0x20 ..\obj\power_detector.o

.debug_str      0x00000000     0x46da
 .debug_str     0x00000000      0x22c ..\obj\stm32f4xx_syscfg.o
                                0x279 (size before relaxing)
 .debug_str     0x0000022c      0x198 ..\obj\core_cm3.o
                                0x249 (size before relaxing)
 .debug_str     0x000003c4      0x4f3 ..\obj\stm32f4xx_usart.o
                                0x609 (size before relaxing)
 .debug_str     0x000008b7      0x1f8 ..\obj\stm32f4xx_pwr.o
                                0x30b (size before relaxing)
 .debug_str     0x00000aaf      0xb34 ..\obj\proto.o
                                0xd3e (size before relaxing)
 .debug_str     0x000015e3       0xcd ..\obj\startup_stm32f4xx.o
                                 0xf8 (size before relaxing)
 .debug_str     0x000016b0      0x105 ..\obj\stm32f4xx_iwdg.o
                                0x1e6 (size before relaxing)
 .debug_str     0x000017b5      0x157 ..\obj\main.o
                                0x227 (size before relaxing)
 .debug_str     0x0000190c      0x600 ..\obj\stm32f4xx_rcc.o
                                0x7ca (size before relaxing)
 .debug_str     0x00001f0c       0x64 ..\obj\timers.o
                                 0xb7 (size before relaxing)
 .debug_str     0x00001f70      0x23b ..\obj\encoder.o
                                0xba4 (size before relaxing)
 .debug_str     0x000021ab       0x74 ..\obj\watchdog.o
                                0x196 (size before relaxing)
 .debug_str     0x0000221f      0x781 ..\obj\tasks.o
                                0x8eb (size before relaxing)
 .debug_str     0x000029a0      0x1aa ..\obj\stm32f4xx_gpio.o
                                0x41d (size before relaxing)
 .debug_str     0x00002b4a       0xf5 ..\obj\list.o
                                0x228 (size before relaxing)
 .debug_str     0x00002c3f       0xd5 ..\obj\system_stm32f4xx.o
                                0x318 (size before relaxing)
 .debug_str     0x00002d14      0x180 ..\obj\syscalls.o
                                0x29c (size before relaxing)
 .debug_str     0x00002e94      0x1af ..\obj\hall_sensors.o
                                0xa27 (size before relaxing)
 .debug_str     0x00003043      0x31a ..\obj\queue.o
                                0x4d6 (size before relaxing)
 .debug_str     0x0000335d      0x182 ..\obj\port.o
                                0x208 (size before relaxing)
 .debug_str     0x000034df       0x6c ..\obj\address_dev.o
                                0x2cf (size before relaxing)
 .debug_str     0x0000354b      0x29a ..\obj\croutine.o
                                0x3f7 (size before relaxing)
 .debug_str     0x000037e5       0x67 ..\obj\channels.o
                                0x192 (size before relaxing)
 .debug_str     0x0000384c      0x10d ..\obj\stm32f4xx_exti.o
                                0x2e8 (size before relaxing)
 .debug_str     0x00003959      0x14d ..\obj\misc.o
                                0x353 (size before relaxing)
 .debug_str     0x00003aa6       0xf9 ..\obj\heap_1.o
                                0x1b9 (size before relaxing)
 .debug_str     0x00003b9f      0xaa3 ..\obj\stm32f4xx_tim.o
                                0xd4a (size before relaxing)
 .debug_str     0x00004642       0x98 ..\obj\power_detector.o
                                0x840 (size before relaxing)

.comment        0x00000000       0x2a
 .comment       0x00000000       0x2a ..\obj\stm32f4xx_syscfg.o
                                 0x2b (size before relaxing)
 .comment       0x00000000       0x2b ..\obj\core_cm3.o
 .comment       0x00000000       0x2b ..\obj\stm32f4xx_usart.o
 .comment       0x00000000       0x2b ..\obj\stm32f4xx_pwr.o
 .comment       0x00000000       0x2b ..\obj\proto.o
 .comment       0x00000000       0x2b ..\obj\startup_stm32f4xx.o
 .comment       0x00000000       0x2b ..\obj\stm32f4xx_iwdg.o
 .comment       0x00000000       0x2b ..\obj\main.o
 .comment       0x00000000       0x2b ..\obj\stm32f4xx_rcc.o
 .comment       0x00000000       0x2b ..\obj\timers.o
 .comment       0x00000000       0x2b ..\obj\encoder.o
 .comment       0x00000000       0x2b ..\obj\watchdog.o
 .comment       0x00000000       0x2b ..\obj\tasks.o
 .comment       0x00000000       0x2b ..\obj\stm32f4xx_gpio.o
 .comment       0x00000000       0x2b ..\obj\list.o
 .comment       0x00000000       0x2b ..\obj\system_stm32f4xx.o
 .comment       0x00000000       0x2b ..\obj\syscalls.o
 .comment       0x00000000       0x2b ..\obj\hall_sensors.o
 .comment       0x00000000       0x2b ..\obj\queue.o
 .comment       0x00000000       0x2b ..\obj\port.o
 .comment       0x00000000       0x2b ..\obj\address_dev.o
 .comment       0x00000000       0x2b ..\obj\croutine.o
 .comment       0x00000000       0x2b ..\obj\channels.o
 .comment       0x00000000       0x2b ..\obj\stm32f4xx_exti.o
 .comment       0x00000000       0x2b ..\obj\misc.o
 .comment       0x00000000       0x2b ..\obj\heap_1.o
 .comment       0x00000000       0x2b ..\obj\stm32f4xx_tim.o
 .comment       0x00000000       0x2b ..\obj\power_detector.o

.ARM.attributes
                0x00000000       0x37
 .ARM.attributes
                0x00000000       0x37 ..\obj\stm32f4xx_syscfg.o
 .ARM.attributes
                0x00000037       0x37 ..\obj\core_cm3.o
 .ARM.attributes
                0x0000006e       0x37 ..\obj\stm32f4xx_usart.o
 .ARM.attributes
                0x000000a5       0x37 ..\obj\stm32f4xx_pwr.o
 .ARM.attributes
                0x000000dc       0x37 ..\obj\proto.o
 .ARM.attributes
                0x00000113       0x37 ..\obj\startup_stm32f4xx.o
 .ARM.attributes
                0x0000014a       0x37 ..\obj\stm32f4xx_iwdg.o
 .ARM.attributes
                0x00000181       0x37 ..\obj\main.o
 .ARM.attributes
                0x000001b8       0x37 ..\obj\stm32f4xx_rcc.o
 .ARM.attributes
                0x000001ef       0x37 ..\obj\timers.o
 .ARM.attributes
                0x00000226       0x37 ..\obj\encoder.o
 .ARM.attributes
                0x0000025d       0x37 ..\obj\watchdog.o
 .ARM.attributes
                0x00000294       0x37 ..\obj\tasks.o
 .ARM.attributes
                0x000002cb       0x37 ..\obj\stm32f4xx_gpio.o
 .ARM.attributes
                0x00000302       0x37 ..\obj\list.o
 .ARM.attributes
                0x00000339       0x37 ..\obj\system_stm32f4xx.o
 .ARM.attributes
                0x00000370       0x37 ..\obj\syscalls.o
 .ARM.attributes
                0x000003a7       0x37 ..\obj\hall_sensors.o
 .ARM.attributes
                0x000003de       0x37 ..\obj\queue.o
 .ARM.attributes
                0x00000415       0x37 ..\obj\port.o
 .ARM.attributes
                0x0000044c       0x37 ..\obj\address_dev.o
 .ARM.attributes
                0x00000483       0x37 ..\obj\croutine.o
 .ARM.attributes
                0x000004ba       0x37 ..\obj\channels.o
 .ARM.attributes
                0x000004f1       0x37 ..\obj\stm32f4xx_exti.o
 .ARM.attributes
                0x00000528       0x37 ..\obj\misc.o
 .ARM.attributes
                0x0000055f       0x37 ..\obj\heap_1.o
 .ARM.attributes
                0x00000596       0x37 ..\obj\stm32f4xx_tim.o
 .ARM.attributes
                0x000005cd       0x37 ..\obj\power_detector.o
 .ARM.attributes
                0x00000604       0x29 c:/coocox/coide/gcc/sourcery g++ lite/bin/../lib/gcc/arm-none-eabi/4.5.1/../../../../arm-none-eabi/lib/thumb2\libc.a(lib_a-memcmp.o)
 .ARM.attributes
                0x0000062d       0x29 c:/coocox/coide/gcc/sourcery g++ lite/bin/../lib/gcc/arm-none-eabi/4.5.1/../../../../arm-none-eabi/lib/thumb2\libc.a(lib_a-memcpy.o)
 .ARM.attributes
                0x00000656       0x29 c:/coocox/coide/gcc/sourcery g++ lite/bin/../lib/gcc/arm-none-eabi/4.5.1/../../../../arm-none-eabi/lib/thumb2\libc.a(lib_a-memset.o)
 .ARM.attributes
                0x0000067f       0x29 c:/coocox/coide/gcc/sourcery g++ lite/bin/../lib/gcc/arm-none-eabi/4.5.1/../../../../arm-none-eabi/lib/thumb2\libc.a(lib_a-strncpy.o)

.debug_frame    0x00000000     0x2ba0
 .debug_frame   0x00000000       0xbc ..\obj\stm32f4xx_syscfg.o
 .debug_frame   0x000000bc      0x280 ..\obj\core_cm3.o
 .debug_frame   0x0000033c      0x344 ..\obj\stm32f4xx_usart.o
 .debug_frame   0x00000680      0x15c ..\obj\stm32f4xx_pwr.o
 .debug_frame   0x000007dc      0x1fc ..\obj\proto.o
 .debug_frame   0x000009d8       0x48 ..\obj\startup_stm32f4xx.o
 .debug_frame   0x00000a20       0xb0 ..\obj\stm32f4xx_iwdg.o
 .debug_frame   0x00000ad0       0x9c ..\obj\main.o
 .debug_frame   0x00000b6c      0x4d8 ..\obj\stm32f4xx_rcc.o
 .debug_frame   0x00001044       0xd4 ..\obj\encoder.o
 .debug_frame   0x00001118       0x50 ..\obj\watchdog.o
 .debug_frame   0x00001168      0x404 ..\obj\tasks.o
 .debug_frame   0x0000156c      0x19c ..\obj\stm32f4xx_gpio.o
 .debug_frame   0x00001708       0x9c ..\obj\list.o
 .debug_frame   0x000017a4       0x64 ..\obj\system_stm32f4xx.o
 .debug_frame   0x00001808      0x108 ..\obj\syscalls.o
 .debug_frame   0x00001910       0xac ..\obj\hall_sensors.o
 .debug_frame   0x000019bc      0x224 ..\obj\queue.o
 .debug_frame   0x00001be0      0x120 ..\obj\port.o
 .debug_frame   0x00001d00       0x30 ..\obj\address_dev.o
 .debug_frame   0x00001d30       0xf0 ..\obj\croutine.o
 .debug_frame   0x00001e20       0x28 ..\obj\channels.o
 .debug_frame   0x00001e48       0xec ..\obj\stm32f4xx_exti.o
 .debug_frame   0x00001f34       0x9c ..\obj\misc.o
 .debug_frame   0x00001fd0       0x7c ..\obj\heap_1.o
 .debug_frame   0x0000204c      0xa3c ..\obj\stm32f4xx_tim.o
 .debug_frame   0x00002a88       0x64 ..\obj\power_detector.o
 .debug_frame   0x00002aec       0x2c c:/coocox/coide/gcc/sourcery g++ lite/bin/../lib/gcc/arm-none-eabi/4.5.1/../../../../arm-none-eabi/lib/thumb2\libc.a(lib_a-memcmp.o)
 .debug_frame   0x00002b18       0x30 c:/coocox/coide/gcc/sourcery g++ lite/bin/../lib/gcc/arm-none-eabi/4.5.1/../../../../arm-none-eabi/lib/thumb2\libc.a(lib_a-memcpy.o)
 .debug_frame   0x00002b48       0x2c c:/coocox/coide/gcc/sourcery g++ lite/bin/../lib/gcc/arm-none-eabi/4.5.1/../../../../arm-none-eabi/lib/thumb2\libc.a(lib_a-memset.o)
 .debug_frame   0x00002b74       0x2c c:/coocox/coide/gcc/sourcery g++ lite/bin/../lib/gcc/arm-none-eabi/4.5.1/../../../../arm-none-eabi/lib/thumb2\libc.a(lib_a-strncpy.o)
